icm20948.c:33:13:cs_high	8	static
icm20948.c:38:13:cs_low	8	static
icm20948.c:43:13:select_user_bank	24	static
icm20948.c:54:16:read_single_icm20948_reg	24	static
icm20948.c:68:13:write_single_icm20948_reg	24	static
icm20948.c:81:17:read_multiple_icm20948_reg	24	static
icm20948.c:95:13:write_multiple_icm20948_reg	24	static
icm20948.c:106:16:read_single_ak09916_reg	16	static
icm20948.c:116:13:write_single_ak09916_reg	16	static
icm20948.c:124:17:read_multiple_ak09916_reg	16	static
icm20948.c:136:6:icm20948_init	8	static
icm20948.c:159:6:icm20948_gyro_read	24	static
icm20948.c:168:6:icm20948_accel_read	24	static
icm20948.c:177:6:icm20948_gyro_read_dps	16	static
icm20948.c:186:6:icm20948_accel_read_g	16	static
icm20948.c:199:6:icm20948_who_am_i	16	static
icm20948.c:209:6:icm20948_device_reset	8	static
icm20948.c:215:6:icm20948_wakeup	16	static
icm20948.c:224:6:icm20948_sleep	16	static
icm20948.c:233:6:icm20948_spi_slave_enable	16	static
icm20948.c:241:6:icm20948_i2c_master_reset	16	static
icm20948.c:249:6:icm20948_i2c_master_enable	16	static
icm20948.c:258:6:icm20948_i2c_master_clk_frq	24	static
icm20948.c:266:6:icm20948_clock_source	24	static
icm20948.c:274:6:icm20948_odr_align_enable	8	static
icm20948.c:279:6:icm20948_gyro_low_pass_filter	24	static
icm20948.c:287:6:icm20948_accel_low_pass_filter	24	static
icm20948.c:295:6:icm20948_gyro_sample_rate_divider	16	static
icm20948.c:300:6:icm20948_accel_sample_rate_divider	24	static
icm20948.c:309:6:icm20948_gyro_calibration	48	static
icm20948.c:341:6:icm20948_accel_calibration	72	static
icm20948.c:399:6:icm20948_gyro_full_scale_select	24	static
icm20948.c:426:6:icm20948_accel_full_scale_select	24	static
icm20948.c:455:6:ak09916_init	8	static
icm20948.c:465:6:ak09916_mag_read	32	static
icm20948.c:485:6:ak09916_mag_read_uT	32	static
icm20948.c:500:6:ak09916_who_am_i	16	static
icm20948.c:510:6:ak09916_soft_reset	8	static
icm20948.c:516:6:ak09916_operation_mode_setting	16	static
