icm20948.c:33:6:icm20948_init	8	static
icm20948.c:58:6:ak09916_init	8	static
icm20948.c:70:6:icm20948_gyro_read	24	static
icm20948.c:79:6:icm20948_accel_read	24	static
icm20948.c:90:6:ak09916_mag_read	32	static
icm20948.c:110:6:icm20948_gyro_read_dps	16	static
icm20948.c:119:6:icm20948_accel_read_g	16	static
icm20948.c:128:6:ak09916_mag_read_uT	32	static
icm20948.c:143:6:icm20948_who_am_i	16	static
icm20948.c:153:6:ak09916_who_am_i	16	static
icm20948.c:163:6:icm20948_device_reset	8	static
icm20948.c:169:6:ak09916_soft_reset	8	static
icm20948.c:175:6:icm20948_wakeup	16	static
icm20948.c:184:6:icm20948_sleep	16	static
icm20948.c:193:6:icm20948_spi_slave_enable	16	static
icm20948.c:201:6:icm20948_i2c_master_reset	16	static
icm20948.c:209:6:icm20948_i2c_master_enable	16	static
icm20948.c:218:6:icm20948_i2c_master_clk_frq	24	static
icm20948.c:226:6:icm20948_clock_source	24	static
icm20948.c:234:6:icm20948_odr_align_enable	8	static
icm20948.c:239:6:icm20948_gyro_low_pass_filter	24	static
icm20948.c:247:6:icm20948_accel_low_pass_filter	24	static
icm20948.c:255:6:icm20948_gyro_sample_rate_divider	16	static
icm20948.c:260:6:icm20948_accel_sample_rate_divider	24	static
icm20948.c:269:6:ak09916_operation_mode_setting	16	static
icm20948.c:275:6:icm20948_gyro_calibration	48	static
icm20948.c:307:6:icm20948_accel_calibration	72	static
icm20948.c:365:6:icm20948_gyro_full_scale_select	24	static
icm20948.c:392:6:icm20948_accel_full_scale_select	24	static
icm20948.c:421:13:cs_high	8	static
icm20948.c:426:13:cs_low	8	static
icm20948.c:431:13:select_user_bank	24	static
icm20948.c:442:16:read_single_icm20948_reg	24	static
icm20948.c:456:13:write_single_icm20948_reg	24	static
icm20948.c:469:17:read_multiple_icm20948_reg	24	static
icm20948.c:483:13:write_multiple_icm20948_reg	24	static
icm20948.c:494:16:read_single_ak09916_reg	16	static
icm20948.c:504:13:write_single_ak09916_reg	16	static
icm20948.c:512:17:read_multiple_ak09916_reg	16	static
