Archive member included to satisfy reference by file (symbol)

c:/st/stm32cubeide_1.7.0/stm32cubeide/plugins/com.st.stm32cube.ide.mcu.externaltools.gnu-tools-for-stm32.9-2020-q2-update.win32_2.0.0.202105311346/tools/bin/../lib/gcc/arm-none-eabi/9.3.1/../../../../arm-none-eabi/lib/thumb/v7e-m+fp/hard\libm.a(lib_a-sf_cos.o)
                              ./Core/FusionIMU/FusionAhrs.o (cosf)
c:/st/stm32cubeide_1.7.0/stm32cubeide/plugins/com.st.stm32cube.ide.mcu.externaltools.gnu-tools-for-stm32.9-2020-q2-update.win32_2.0.0.202105311346/tools/bin/../lib/gcc/arm-none-eabi/9.3.1/../../../../arm-none-eabi/lib/thumb/v7e-m+fp/hard\libm.a(lib_a-sf_sin.o)
                              ./Core/FusionIMU/FusionAhrs.o (sinf)
c:/st/stm32cubeide_1.7.0/stm32cubeide/plugins/com.st.stm32cube.ide.mcu.externaltools.gnu-tools-for-stm32.9-2020-q2-update.win32_2.0.0.202105311346/tools/bin/../lib/gcc/arm-none-eabi/9.3.1/../../../../arm-none-eabi/lib/thumb/v7e-m+fp/hard\libm.a(lib_a-wf_asin.o)
                              ./Core/Src/main.o (asinf)
c:/st/stm32cubeide_1.7.0/stm32cubeide/plugins/com.st.stm32cube.ide.mcu.externaltools.gnu-tools-for-stm32.9-2020-q2-update.win32_2.0.0.202105311346/tools/bin/../lib/gcc/arm-none-eabi/9.3.1/../../../../arm-none-eabi/lib/thumb/v7e-m+fp/hard\libm.a(lib_a-wf_atan2.o)
                              ./Core/FusionIMU/FusionAhrs.o (atan2f)
c:/st/stm32cubeide_1.7.0/stm32cubeide/plugins/com.st.stm32cube.ide.mcu.externaltools.gnu-tools-for-stm32.9-2020-q2-update.win32_2.0.0.202105311346/tools/bin/../lib/gcc/arm-none-eabi/9.3.1/../../../../arm-none-eabi/lib/thumb/v7e-m+fp/hard\libm.a(lib_a-wf_sqrt.o)
                              ./Core/FusionIMU/FusionAhrs.o (sqrtf)
c:/st/stm32cubeide_1.7.0/stm32cubeide/plugins/com.st.stm32cube.ide.mcu.externaltools.gnu-tools-for-stm32.9-2020-q2-update.win32_2.0.0.202105311346/tools/bin/../lib/gcc/arm-none-eabi/9.3.1/../../../../arm-none-eabi/lib/thumb/v7e-m+fp/hard\libm.a(lib_a-ef_asin.o)
                              c:/st/stm32cubeide_1.7.0/stm32cubeide/plugins/com.st.stm32cube.ide.mcu.externaltools.gnu-tools-for-stm32.9-2020-q2-update.win32_2.0.0.202105311346/tools/bin/../lib/gcc/arm-none-eabi/9.3.1/../../../../arm-none-eabi/lib/thumb/v7e-m+fp/hard\libm.a(lib_a-wf_asin.o) (__ieee754_asinf)
c:/st/stm32cubeide_1.7.0/stm32cubeide/plugins/com.st.stm32cube.ide.mcu.externaltools.gnu-tools-for-stm32.9-2020-q2-update.win32_2.0.0.202105311346/tools/bin/../lib/gcc/arm-none-eabi/9.3.1/../../../../arm-none-eabi/lib/thumb/v7e-m+fp/hard\libm.a(lib_a-ef_atan2.o)
                              c:/st/stm32cubeide_1.7.0/stm32cubeide/plugins/com.st.stm32cube.ide.mcu.externaltools.gnu-tools-for-stm32.9-2020-q2-update.win32_2.0.0.202105311346/tools/bin/../lib/gcc/arm-none-eabi/9.3.1/../../../../arm-none-eabi/lib/thumb/v7e-m+fp/hard\libm.a(lib_a-wf_atan2.o) (__ieee754_atan2f)
c:/st/stm32cubeide_1.7.0/stm32cubeide/plugins/com.st.stm32cube.ide.mcu.externaltools.gnu-tools-for-stm32.9-2020-q2-update.win32_2.0.0.202105311346/tools/bin/../lib/gcc/arm-none-eabi/9.3.1/../../../../arm-none-eabi/lib/thumb/v7e-m+fp/hard\libm.a(lib_a-ef_rem_pio2.o)
                              c:/st/stm32cubeide_1.7.0/stm32cubeide/plugins/com.st.stm32cube.ide.mcu.externaltools.gnu-tools-for-stm32.9-2020-q2-update.win32_2.0.0.202105311346/tools/bin/../lib/gcc/arm-none-eabi/9.3.1/../../../../arm-none-eabi/lib/thumb/v7e-m+fp/hard\libm.a(lib_a-sf_cos.o) (__ieee754_rem_pio2f)
c:/st/stm32cubeide_1.7.0/stm32cubeide/plugins/com.st.stm32cube.ide.mcu.externaltools.gnu-tools-for-stm32.9-2020-q2-update.win32_2.0.0.202105311346/tools/bin/../lib/gcc/arm-none-eabi/9.3.1/../../../../arm-none-eabi/lib/thumb/v7e-m+fp/hard\libm.a(lib_a-ef_sqrt.o)
                              c:/st/stm32cubeide_1.7.0/stm32cubeide/plugins/com.st.stm32cube.ide.mcu.externaltools.gnu-tools-for-stm32.9-2020-q2-update.win32_2.0.0.202105311346/tools/bin/../lib/gcc/arm-none-eabi/9.3.1/../../../../arm-none-eabi/lib/thumb/v7e-m+fp/hard\libm.a(lib_a-wf_sqrt.o) (__ieee754_sqrtf)
c:/st/stm32cubeide_1.7.0/stm32cubeide/plugins/com.st.stm32cube.ide.mcu.externaltools.gnu-tools-for-stm32.9-2020-q2-update.win32_2.0.0.202105311346/tools/bin/../lib/gcc/arm-none-eabi/9.3.1/../../../../arm-none-eabi/lib/thumb/v7e-m+fp/hard\libm.a(lib_a-kf_cos.o)
                              c:/st/stm32cubeide_1.7.0/stm32cubeide/plugins/com.st.stm32cube.ide.mcu.externaltools.gnu-tools-for-stm32.9-2020-q2-update.win32_2.0.0.202105311346/tools/bin/../lib/gcc/arm-none-eabi/9.3.1/../../../../arm-none-eabi/lib/thumb/v7e-m+fp/hard\libm.a(lib_a-sf_cos.o) (__kernel_cosf)
c:/st/stm32cubeide_1.7.0/stm32cubeide/plugins/com.st.stm32cube.ide.mcu.externaltools.gnu-tools-for-stm32.9-2020-q2-update.win32_2.0.0.202105311346/tools/bin/../lib/gcc/arm-none-eabi/9.3.1/../../../../arm-none-eabi/lib/thumb/v7e-m+fp/hard\libm.a(lib_a-kf_rem_pio2.o)
[...]
Memory Configuration

Name             Origin             Length             Attributes
CCMRAM           0x0000000010000000 0x0000000000010000 xrw
RAM              0x0000000020000000 0x0000000000020000 xrw
FLASH            0x0000000008000000 0x0000000000100000 xr
*default*        0x0000000000000000 0xffffffffffffffff

Linker script and memory map

LOAD c:/st/stm32cubeide_1.7.0/stm32cubeide/plugins/com.st.stm32cube.ide.mcu.externaltools.gnu-tools-for-stm32.9-2020-q2-update.win32_2.0.0.202105311346/tools/bin/../lib/gcc/arm-none-eabi/9.3.1/thumb/v7e-m+fp/hard/crti.o
LOAD c:/st/stm32cubeide_1.7.0/stm32cubeide/plugins/com.st.stm32cube.ide.mcu.externaltools.gnu-tools-for-stm32.9-2020-q2-update.win32_2.0.0.202105311346/tools/bin/../lib/gcc/arm-none-eabi/9.3.1/thumb/v7e-m+fp/hard/crtbegin.o
LOAD c:/st/stm32cubeide_1.7.0/stm32cubeide/plugins/com.st.stm32cube.ide.mcu.externaltools.gnu-tools-for-stm32.9-2020-q2-update.win32_2.0.0.202105311346/tools/bin/../lib/gcc/arm-none-eabi/9.3.1/../../../../arm-none-eabi/lib/thumb/v7e-m+fp/hard/crt0.o
LOAD ./Core/FusionIMU/FusionAhrs.o
LOAD ./Core/FusionIMU/FusionBias.o
LOAD ./Core/FusionIMU/FusionCompass.o
LOAD ./Core/ICM20948/icm20948.o
LOAD ./Core/Src/adc.o
LOAD ./Core/Src/dma.o
LOAD ./Core/Src/gpio.o
LOAD ./Core/Src/main.o
LOAD ./Core/Src/spi.o
LOAD ./Core/Src/stm32f4xx_hal_msp.o
LOAD ./Core/Src/stm32f4xx_it.o
LOAD ./Core/Src/syscalls.o
LOAD ./Core/Src/sysmem.o
LOAD ./Core/Src/system_stm32f4xx.o
LOAD ./Core/Src/tim.o
LOAD ./Core/Src/usart.o
LOAD ./Core/Startup/startup_stm32f407vgtx.o
LOAD ./Drivers/STM32F4xx_HAL_Driver/Src/stm32f4xx_hal.o
LOAD ./Drivers/STM32F4xx_HAL_Driver/Src/stm32f4xx_hal_adc.o
LOAD ./Drivers/STM32F4xx_HAL_Driver/Src/stm32f4xx_hal_adc_ex.o
LOAD ./Drivers/STM32F4xx_HAL_Driver/Src/stm32f4xx_hal_cortex.o
LOAD ./Drivers/STM32F4xx_HAL_Driver/Src/stm32f4xx_hal_dma.o
LOAD ./Drivers/STM32F4xx_HAL_Driver/Src/stm32f4xx_hal_dma_ex.o
LOAD ./Drivers/STM32F4xx_HAL_Driver/Src/stm32f4xx_hal_exti.o
LOAD ./Drivers/STM32F4xx_HAL_Driver/Src/stm32f4xx_hal_flash.o
LOAD ./Drivers/STM32F4xx_HAL_Driver/Src/stm32f4xx_hal_flash_ex.o
LOAD ./Drivers/STM32F4xx_HAL_Driver/Src/stm32f4xx_hal_flash_ramfunc.o
LOAD ./Drivers/STM32F4xx_HAL_Driver/Src/stm32f4xx_hal_gpio.o
LOAD ./Drivers/STM32F4xx_HAL_Driver/Src/stm32f4xx_hal_pwr.o
LOAD ./Drivers/STM32F4xx_HAL_Driver/Src/stm32f4xx_hal_pwr_ex.o
LOAD ./Drivers/STM32F4xx_HAL_Driver/Src/stm32f4xx_hal_rcc.o
LOAD ./Drivers/STM32F4xx_HAL_Driver/Src/stm32f4xx_hal_rcc_ex.o
LOAD ./Drivers/STM32F4xx_HAL_Driver/Src/stm32f4xx_hal_spi.o
LOAD ./Drivers/STM32F4xx_HAL_Driver/Src/stm32f4xx_hal_tim.o
LOAD ./Drivers/STM32F4xx_HAL_Driver/Src/stm32f4xx_hal_tim_ex.o
LOAD ./Drivers/STM32F4xx_HAL_Driver/Src/stm32f4xx_hal_uart.o
LOAD ./Drivers/STM32F4xx_HAL_Driver/Src/stm32f4xx_ll_adc.o
START GROUP
LOAD c:/st/stm32cubeide_1.7.0/stm32cubeide/plugins/com.st.stm32cube.ide.mcu.externaltools.gnu-tools-for-stm32.9-2020-q2-update.win32_2.0.0.202105311346/tools/bin/../lib/gcc/arm-none-eabi/9.3.1/../../../../arm-none-eabi/lib/thumb/v7e-m+fp/hard\libstdc++_nano.a
LOAD c:/st/stm32cubeide_1.7.0/stm32cubeide/plugins/com.st.stm32cube.ide.mcu.externaltools.gnu-tools-for-stm32.9-2020-q2-update.win32_2.0.0.202105311346/tools/bin/../lib/gcc/arm-none-eabi/9.3.1/../../../../arm-none-eabi/lib/thumb/v7e-m+fp/hard\libsupc++_nano.a
END GROUP
LOAD c:/st/stm32cubeide_1.7.0/stm32cubeide/plugins/com.st.stm32cube.ide.mcu.externaltools.gnu-tools-for-stm32.9-2020-q2-update.win32_2.0.0.202105311346/tools/bin/../lib/gcc/arm-none-eabi/9.3.1/../../../../arm-none-eabi/lib/thumb/v7e-m+fp/hard\libstdc++_nano.a
LOAD c:/st/stm32cubeide_1.7.0/stm32cubeide/plugins/com.st.stm32cube.ide.mcu.externaltools.gnu-tools-for-stm32.9-2020-q2-update.win32_2.0.0.202105311346/tools/bin/../lib/gcc/arm-none-eabi/9.3.1/../../../../arm-none-eabi/lib/thumb/v7e-m+fp/hard\libm.a
LOAD c:/st/stm32cubeide_1.7.0/stm32cubeide/plugins/com.st.stm32cube.ide.mcu.externaltools.gnu-tools-for-stm32.9-2020-q2-update.win32_2.0.0.202105311346/tools/bin/../lib/gcc/arm-none-eabi/9.3.1/../../../../arm-none-eabi/lib/thumb/v7e-m+fp/hard\libc_nano.a
START GROUP
LOAD c:/st/stm32cubeide_1.7.0/stm32cubeide/plugins/com.st.stm32cube.ide.mcu.externaltools.gnu-tools-for-stm32.9-2020-q2-update.win32_2.0.0.202105311346/tools/bin/../lib/gcc/arm-none-eabi/9.3.1/thumb/v7e-m+fp/hard\libgcc.a
LOAD c:/st/stm32cubeide_1.7.0/stm32cubeide/plugins/com.st.stm32cube.ide.mcu.externaltools.gnu-tools-for-stm32.9-2020-q2-update.win32_2.0.0.202105311346/tools/bin/../lib/gcc/arm-none-eabi/9.3.1/../../../../arm-none-eabi/lib/thumb/v7e-m+fp/hard\libc_nano.a
END GROUP
START GROUP
LOAD c:/st/stm32cubeide_1.7.0/stm32cubeide/plugins/com.st.stm32cube.ide.mcu.externaltools.gnu-tools-for-stm32.9-2020-q2-update.win32_2.0.0.202105311346/tools/bin/../lib/gcc/arm-none-eabi/9.3.1/thumb/v7e-m+fp/hard\libgcc.a
LOAD c:/st/stm32cubeide_1.7.0/stm32cubeide/plugins/com.st.stm32cube.ide.mcu.externaltools.gnu-tools-for-stm32.9-2020-q2-update.win32_2.0.0.202105311346/tools/bin/../lib/gcc/arm-none-eabi/9.3.1/../../../../arm-none-eabi/lib/thumb/v7e-m+fp/hard\libc_nano.a
LOAD c:/st/stm32cubeide_1.7.0/stm32cubeide/plugins/com.st.stm32cube.ide.mcu.externaltools.gnu-tools-for-stm32.9-2020-q2-update.win32_2.0.0.202105311346/tools/bin/../lib/gcc/arm-none-eabi/9.3.1/../../../../arm-none-eabi/lib/thumb/v7e-m+fp/hard\libnosys.a
END GROUP
START GROUP
LOAD c:/st/stm32cubeide_1.7.0/stm32cubeide/plugins/com.st.stm32cube.ide.mcu.externaltools.gnu-tools-for-stm32.9-2020-q2-update.win32_2.0.0.202105311346/tools/bin/../lib/gcc/arm-none-eabi/9.3.1/thumb/v7e-m+fp/hard\libgcc.a
LOAD c:/st/stm32cubeide_1.7.0/stm32cubeide/plugins/com.st.stm32cube.ide.mcu.externaltools.gnu-tools-for-stm32.9-2020-q2-update.win32_2.0.0.202105311346/tools/bin/../lib/gcc/arm-none-eabi/9.3.1/../../../../arm-none-eabi/lib/thumb/v7e-m+fp/hard\libc_nano.a
LOAD c:/st/stm32cubeide_1.7.0/stm32cubeide/plugins/com.st.stm32cube.ide.mcu.externaltools.gnu-tools-for-stm32.9-2020-q2-update.win32_2.0.0.202105311346/tools/bin/../lib/gcc/arm-none-eabi/9.3.1/../../../../arm-none-eabi/lib/thumb/v7e-m+fp/hard\libnosys.a
END GROUP
LOAD c:/st/stm32cubeide_1.7.0/stm32cubeide/plugins/com.st.stm32cube.ide.mcu.externaltools.gnu-tools-for-stm32.9-2020-q2-update.win32_2.0.0.202105311346/tools/bin/../lib/gcc/arm-none-eabi/9.3.1/thumb/v7e-m+fp/hard/crtend.o
LOAD c:/st/stm32cubeide_1.7.0/stm32cubeide/plugins/com.st.stm32cube.ide.mcu.externaltools.gnu-tools-for-stm32.9-2020-q2-update.win32_2.0.0.202105311346/tools/bin/../lib/gcc/arm-none-eabi/9.3.1/thumb/v7e-m+fp/hard/crtn.o
                0x0000000020020000                _estack = (ORIGIN (RAM) + LENGTH (RAM))
                0x0000000000000200                _Min_Heap_Size = 0x200
                0x0000000000000400                _Min_Stack_Size = 0x400

.isr_vector     0x0000000008000000      0x188
                0x0000000008000000                . = ALIGN (0x4)
 *(.isr_vector)
 .isr_vector    0x0000000008000000      0x188 ./Core/Startup/startup_stm32f407vgtx.o
                0x0000000008000000                g_pfnVectors
                0x0000000008000188                . = ALIGN (0x4)

.text           0x0000000008000188     0x9a40
                0x0000000008000188                . = ALIGN (0x4)
 *(.text)
 .text          0x0000000008000188       0x40 c:/st/stm32cubeide_1.7.0/stm32cubeide/plugins/com.st.stm32cube.ide.mcu.externaltools.gnu-tools-for-stm32.9-2020-q2-update.win32_2.0.0.202105311346/tools/bin/../lib/gcc/arm-none-eabi/9.3.1/thumb/v7e-m+fp/hard/crtbegin.o
 .text          0x00000000080001c8      0x378 c:/st/stm32cubeide_1.7.0/stm32cubeide/plugins/com.st.stm32cube.ide.mcu.externaltools.gnu-tools-for-stm32.9-2020-q2-update.win32_2.0.0.202105311346/tools/bin/../lib/gcc/arm-none-eabi/9.3.1/thumb/v7e-m+fp/hard\libgcc.a(_arm_addsubdf3.o)
                0x00000000080001c8                __aeabi_drsub
                0x00000000080001d0                __aeabi_dsub
                0x00000000080001d0                __subdf3
                0x00000000080001d4                __aeabi_dadd
                0x00000000080001d4                __adddf3
                0x000000000800044c                __floatunsidf
                0x000000000800044c                __aeabi_ui2d
                0x000000000800046c                __floatsidf
                0x000000000800046c                __aeabi_i2d
                0x0000000008000490                __aeabi_f2d
                0x0000000008000490                __extendsfdf2
                0x00000000080004d4                __floatundidf
                0x00000000080004d4                __aeabi_ul2d
                0x00000000080004e4                __floatdidf
                0x00000000080004e4                __aeabi_l2d
 .text          0x0000000008000540      0x424 c:/st/stm32cubeide_1.7.0/stm32cubeide/plugins/com.st.stm32cube.ide.mcu.externaltools.gnu-tools-for-stm32.9-2020-q2-update.win32_2.0.0.202105311346/tools/bin/../lib/gcc/arm-none-eabi/9.3.1/thumb/v7e-m+fp/hard\libgcc.a(_arm_muldivdf3.o)
                0x0000000008000540                __aeabi_dmul
                0x0000000008000540                __muldf3
                0x0000000008000794                __divdf3
                0x0000000008000794                __aeabi_ddiv
 .text          0x0000000008000964      0x110 c:/st/stm32cubeide_1.7.0/stm32cubeide/plugins/com.st.stm32cube.ide.mcu.externaltools.gnu-tools-for-stm32.9-2020-q2-update.win32_2.0.0.202105311346/tools/bin/../lib/gcc/arm-none-eabi/9.3.1/thumb/v7e-m+fp/hard\libgcc.a(_arm_cmpdf2.o)
                0x0000000008000964                __gtdf2
                0x0000000008000964                __gedf2
                0x000000000800096c                __ltdf2
                0x000000000800096c                __ledf2
                0x0000000008000974                __nedf2
                0x0000000008000974                __eqdf2
                0x0000000008000974                __cmpdf2
                0x00000000080009f0                __aeabi_cdrcmple
                0x0000000008000a00                __aeabi_cdcmpeq
                0x0000000008000a00                __aeabi_cdcmple
                0x0000000008000a10                __aeabi_dcmpeq
                0x0000000008000a24                __aeabi_dcmplt
                0x0000000008000a38                __aeabi_dcmple
                0x0000000008000a4c                __aeabi_dcmpge
                0x0000000008000a60                __aeabi_dcmpgt
 .text          0x0000000008000a74       0xa0 c:/st/stm32cubeide_1.7.0/stm32cubeide/plugins/com.st.stm32cube.ide.mcu.externaltools.gnu-tools-for-stm32.9-2020-q2-update.win32_2.0.0.202105311346/tools/bin/../lib/gcc/arm-none-eabi/9.3.1/thumb/v7e-m+fp/hard\libgcc.a(_arm_truncdfsf2.o)
                0x0000000008000a74                __truncdfsf2
                0x0000000008000a74                __aeabi_d2f
 .text          0x0000000008000b14       0x30 c:/st/stm32cubeide_1.7.0/stm32cubeide/plugins/com.st.stm32cube.ide.mcu.externaltools.gnu-tools-for-stm32.9-2020-q2-update.win32_2.0.0.202105311346/tools/bin/../lib/gcc/arm-none-eabi/9.3.1/thumb/v7e-m+fp/hard\libgcc.a(_aeabi_uldivmod.o)
                0x0000000008000b14                __aeabi_uldivmod
 .text          0x0000000008000b44      0x2c4 c:/st/stm32cubeide_1.7.0/stm32cubeide/plugins/com.st.stm32cube.ide.mcu.externaltools.gnu-tools-for-stm32.9-2020-q2-update.win32_2.0.0.202105311346/tools/bin/../lib/gcc/arm-none-eabi/9.3.1/thumb/v7e-m+fp/hard\libgcc.a(_udivmoddi4.o)
                0x0000000008000b44                __udivmoddi4
 .text          0x0000000008000e08        0x4 c:/st/stm32cubeide_1.7.0/stm32cubeide/plugins/com.st.stm32cube.ide.mcu.externaltools.gnu-tools-for-stm32.9-2020-q2-update.win32_2.0.0.202105311346/tools/bin/../lib/gcc/arm-none-eabi/9.3.1/thumb/v7e-m+fp/hard\libgcc.a(_dvmd_tls.o)
                0x0000000008000e08                __aeabi_idiv0
                0x0000000008000e08                __aeabi_ldiv0
 *(.text*)
 .text.FusionAhrsInitialise
                0x0000000008000e0c       0x7c ./Core/FusionIMU/FusionAhrs.o
                0x0000000008000e0c                FusionAhrsInitialise
 .text.FusionAhrsUpdate
                0x0000000008000e88     0x1110 ./Core/FusionIMU/FusionAhrs.o
                0x0000000008000e88                FusionAhrsUpdate
 .text.FusionAhrsGetQuaternion
                0x0000000008001f98       0x8a ./Core/FusionIMU/FusionAhrs.o
                0x0000000008001f98                FusionAhrsGetQuaternion
 *fill*         0x0000000008002022        0x6 
 .text.FusionBiasInitialise
                0x0000000008002028       0x78 ./Core/FusionIMU/FusionBias.o
                0x0000000008002028                FusionBiasInitialise
 .text.FusionBiasUpdate
                0x00000000080020a0      0x234 ./Core/FusionIMU/FusionBias.o
                0x00000000080020a0                FusionBiasUpdate
 .text.icm20948_init
                0x00000000080022d4       0x54 ./Core/ICM20948/icm20948.o
                0x00000000080022d4                icm20948_init
 .text.ak09916_init
                0x0000000008002328       0x32 ./Core/ICM20948/icm20948.o
                0x0000000008002328                ak09916_init
 .text.icm20948_gyro_read
                0x000000000800235a       0x86 ./Core/ICM20948/icm20948.o
                0x000000000800235a                icm20948_gyro_read
 .text.icm20948_accel_read
                0x00000000080023e0       0x86 ./Core/ICM20948/icm20948.o
                0x00000000080023e0                icm20948_accel_read
 .text.ak09916_mag_read
                0x0000000008002466       0xb6 ./Core/ICM20948/icm20948.o
                0x0000000008002466                ak09916_mag_read
 .text.icm20948_gyro_read_dps
                0x000000000800251c       0x5c ./Core/ICM20948/icm20948.o
                0x000000000800251c                icm20948_gyro_read_dps
 .text.icm20948_accel_read_g
                0x0000000008002578       0x5c ./Core/ICM20948/icm20948.o
                0x0000000008002578                icm20948_accel_read_g
 *fill*         0x00000000080025d4        0x4 
 .text.ak09916_mag_read_uT
                0x00000000080025d8       0xa8 ./Core/ICM20948/icm20948.o
                0x00000000080025d8                ak09916_mag_read_uT
 .text.icm20948_who_am_i
                0x0000000008002680       0x26 ./Core/ICM20948/icm20948.o
                0x0000000008002680                icm20948_who_am_i
 .text.ak09916_who_am_i
                0x00000000080026a6       0x24 ./Core/ICM20948/icm20948.o
                0x00000000080026a6                ak09916_who_am_i
 .text.icm20948_device_reset
                0x00000000080026ca       0x18 ./Core/ICM20948/icm20948.o
                0x00000000080026ca                icm20948_device_reset
 .text.ak09916_soft_reset
                0x00000000080026e2       0x16 ./Core/ICM20948/icm20948.o
                0x00000000080026e2                ak09916_soft_reset
 .text.icm20948_wakeup
                0x00000000080026f8       0x34 ./Core/ICM20948/icm20948.o
                0x00000000080026f8                icm20948_wakeup
 .text.icm20948_spi_slave_enable
                0x000000000800272c       0x2e ./Core/ICM20948/icm20948.o
                0x000000000800272c                icm20948_spi_slave_enable
 .text.icm20948_i2c_master_reset
                0x000000000800275a       0x2e ./Core/ICM20948/icm20948.o
                0x000000000800275a                icm20948_i2c_master_reset
 .text.icm20948_i2c_master_enable
                0x0000000008002788       0x34 ./Core/ICM20948/icm20948.o
                0x0000000008002788                icm20948_i2c_master_enable
 .text.icm20948_i2c_master_clk_frq
                0x00000000080027bc       0x32 ./Core/ICM20948/icm20948.o
                0x00000000080027bc                icm20948_i2c_master_clk_frq
 .text.icm20948_clock_source
                0x00000000080027ee       0x32 ./Core/ICM20948/icm20948.o
                0x00000000080027ee                icm20948_clock_source
 .text.icm20948_odr_align_enable
                0x0000000008002820       0x12 ./Core/ICM20948/icm20948.o
                0x0000000008002820                icm20948_odr_align_enable
 .text.icm20948_gyro_low_pass_filter
                0x0000000008002832       0x3a ./Core/ICM20948/icm20948.o
                0x0000000008002832                icm20948_gyro_low_pass_filter
 .text.icm20948_accel_low_pass_filter
                0x000000000800286c       0x3a ./Core/ICM20948/icm20948.o
                0x000000000800286c                icm20948_accel_low_pass_filter
 .text.icm20948_gyro_sample_rate_divider
                0x00000000080028a6       0x1e ./Core/ICM20948/icm20948.o
                0x00000000080028a6                icm20948_gyro_sample_rate_divider
 .text.icm20948_accel_sample_rate_divider
                0x00000000080028c4       0x3c ./Core/ICM20948/icm20948.o
                0x00000000080028c4                icm20948_accel_sample_rate_divider
 .text.ak09916_operation_mode_setting
                0x0000000008002900       0x22 ./Core/ICM20948/icm20948.o
                0x0000000008002900                ak09916_operation_mode_setting
 *fill*         0x0000000008002922        0x2 
 .text.icm20948_gyro_full_scale_select
                0x0000000008002924       0x94 ./Core/ICM20948/icm20948.o
                0x0000000008002924                icm20948_gyro_full_scale_select
 .text.icm20948_accel_full_scale_select
                0x00000000080029b8       0x8c ./Core/ICM20948/icm20948.o
                0x00000000080029b8                icm20948_accel_full_scale_select
 .text.cs_high  0x0000000008002a44       0x18 ./Core/ICM20948/icm20948.o
 .text.cs_low   0x0000000008002a5c       0x18 ./Core/ICM20948/icm20948.o
 .text.select_user_bank
                0x0000000008002a74       0x34 ./Core/ICM20948/icm20948.o
 .text.read_single_icm20948_reg
                0x0000000008002aa8       0x58 ./Core/ICM20948/icm20948.o
 .text.write_single_icm20948_reg
                0x0000000008002b00       0x48 ./Core/ICM20948/icm20948.o
 .text.read_multiple_icm20948_reg
                0x0000000008002b48       0x60 ./Core/ICM20948/icm20948.o
 .text.read_single_ak09916_reg
                0x0000000008002ba8       0x42 ./Core/ICM20948/icm20948.o
 .text.write_single_ak09916_reg
                0x0000000008002bea       0x44 ./Core/ICM20948/icm20948.o
 .text.read_multiple_ak09916_reg
                0x0000000008002c2e       0x54 ./Core/ICM20948/icm20948.o
 *fill*         0x0000000008002c82        0x2 
 .text.MX_ADC1_Init
                0x0000000008002c84       0xa4 ./Core/Src/adc.o
                0x0000000008002c84                MX_ADC1_Init
 .text.HAL_ADC_MspInit
                0x0000000008002d28       0xf8 ./Core/Src/adc.o
                0x0000000008002d28                HAL_ADC_MspInit
 .text.MX_DMA_Init
                0x0000000008002e20       0x70 ./Core/Src/dma.o
                0x0000000008002e20                MX_DMA_Init
 .text.MX_GPIO_Init
                0x0000000008002e90      0x14c ./Core/Src/gpio.o
                0x0000000008002e90                MX_GPIO_Init
 .text.HAL_UART_RxCpltCallback
                0x0000000008002fdc      0x1f8 ./Core/Src/main.o
                0x0000000008002fdc                HAL_UART_RxCpltCallback
 .text.HallActualize
                0x00000000080031d4       0x68 ./Core/Src/main.o
                0x00000000080031d4                HallActualize
 .text.IMU_INIT
                0x000000000800323c       0x88 ./Core/Src/main.o
                0x000000000800323c                IMU_INIT
 .text.IMU_UPDATE
                0x00000000080032c4      0xa94 ./Core/Src/main.o
                0x00000000080032c4                IMU_UPDATE
 .text.SERIAL_CONTROL_LOOP
                0x0000000008003d58       0x48 ./Core/Src/main.o
                0x0000000008003d58                SERIAL_CONTROL_LOOP
 .text.BALANCE_Prepare
                0x0000000008003da0      0x1fc ./Core/Src/main.o
                0x0000000008003da0                BALANCE_Prepare
 *fill*         0x0000000008003f9c        0x4 
 .text.BALANCE_Calculate_Speeds
                0x0000000008003fa0      0x260 ./Core/Src/main.o
                0x0000000008003fa0                BALANCE_Calculate_Speeds
 .text.Interpolation
                0x0000000008004200       0x72 ./Core/Src/main.o
                0x0000000008004200                Interpolation
 *fill*         0x0000000008004272        0x6 
 .text.main     0x0000000008004278      0x2d4 ./Core/Src/main.o
                0x0000000008004278                main
 .text.SystemClock_Config
                0x000000000800454c       0xd4 ./Core/Src/main.o
                0x000000000800454c                SystemClock_Config
 .text.Error_Handler
                0x0000000008004620        0xa ./Core/Src/main.o
                0x0000000008004620                Error_Handler
 *fill*         0x000000000800462a        0x2 
 .text.MX_SPI2_Init
                0x000000000800462c       0x6c ./Core/Src/spi.o
                0x000000000800462c                MX_SPI2_Init
 .text.HAL_SPI_MspInit
                0x0000000008004698       0x90 ./Core/Src/spi.o
                0x0000000008004698                HAL_SPI_MspInit
 .text.HAL_MspInit
                0x0000000008004728       0x50 ./Core/Src/stm32f4xx_hal_msp.o
                0x0000000008004728                HAL_MspInit
 .text.NMI_Handler
                0x0000000008004778        0x6 ./Core/Src/stm32f4xx_it.o
                0x0000000008004778                NMI_Handler
 .text.HardFault_Handler
                0x000000000800477e        0x6 ./Core/Src/stm32f4xx_it.o
                0x000000000800477e                HardFault_Handler
 .text.MemManage_Handler
                0x0000000008004784        0x6 ./Core/Src/stm32f4xx_it.o
                0x0000000008004784                MemManage_Handler
 .text.BusFault_Handler
                0x000000000800478a        0x6 ./Core/Src/stm32f4xx_it.o
                0x000000000800478a                BusFault_Handler
 .text.UsageFault_Handler
                0x0000000008004790        0x6 ./Core/Src/stm32f4xx_it.o
                0x0000000008004790                UsageFault_Handler
 .text.SVC_Handler
                0x0000000008004796        0xe ./Core/Src/stm32f4xx_it.o
                0x0000000008004796                SVC_Handler
 .text.DebugMon_Handler
                0x00000000080047a4        0xe ./Core/Src/stm32f4xx_it.o
                0x00000000080047a4                DebugMon_Handler
 .text.PendSV_Handler
                0x00000000080047b2        0xe ./Core/Src/stm32f4xx_it.o
                0x00000000080047b2                PendSV_Handler
 .text.SysTick_Handler
                0x00000000080047c0        0xc ./Core/Src/stm32f4xx_it.o
                0x00000000080047c0                SysTick_Handler
 .text.DMA1_Stream2_IRQHandler
                0x00000000080047cc       0x14 ./Core/Src/stm32f4xx_it.o
                0x00000000080047cc                DMA1_Stream2_IRQHandler
 .text.DMA1_Stream4_IRQHandler
                0x00000000080047e0       0x14 ./Core/Src/stm32f4xx_it.o
                0x00000000080047e0                DMA1_Stream4_IRQHandler
 .text.DMA1_Stream5_IRQHandler
                0x00000000080047f4       0x14 ./Core/Src/stm32f4xx_it.o
                0x00000000080047f4                DMA1_Stream5_IRQHandler
 .text.DMA1_Stream6_IRQHandler
                0x0000000008004808       0x14 ./Core/Src/stm32f4xx_it.o
                0x0000000008004808                DMA1_Stream6_IRQHandler
 .text.USART2_IRQHandler
                0x000000000800481c       0x14 ./Core/Src/stm32f4xx_it.o
                0x000000000800481c                USART2_IRQHandler
 .text.UART4_IRQHandler
                0x0000000008004830       0x14 ./Core/Src/stm32f4xx_it.o
                0x0000000008004830                UART4_IRQHandler
 .text.SystemInit
                0x0000000008004844       0x24 ./Core/Src/system_stm32f4xx.o
                0x0000000008004844                SystemInit
 .text.MX_TIM2_Init
                0x0000000008004868      0x12c ./Core/Src/tim.o
                0x0000000008004868                MX_TIM2_Init
 .text.MX_TIM6_Init
                0x0000000008004994       0x6c ./Core/Src/tim.o
                0x0000000008004994                MX_TIM6_Init
 .text.MX_TIM7_Init
                0x0000000008004a00       0x6c ./Core/Src/tim.o
                0x0000000008004a00                MX_TIM7_Init
 .text.MX_TIM14_Init
                0x0000000008004a6c       0x9c ./Core/Src/tim.o
                0x0000000008004a6c                MX_TIM14_Init
 .text.HAL_TIM_Base_MspInit
                0x0000000008004b08       0xc4 ./Core/Src/tim.o
                0x0000000008004b08                HAL_TIM_Base_MspInit
 .text.HAL_TIM_MspPostInit
                0x0000000008004bcc      0x100 ./Core/Src/tim.o
                0x0000000008004bcc                HAL_TIM_MspPostInit
 .text.MX_UART4_Init
                0x0000000008004ccc       0x54 ./Core/Src/usart.o
                0x0000000008004ccc                MX_UART4_Init
 .text.MX_USART2_UART_Init
                0x0000000008004d20       0x54 ./Core/Src/usart.o
                0x0000000008004d20                MX_USART2_UART_Init
 .text.HAL_UART_MspInit
                0x0000000008004d74      0x2b8 ./Core/Src/usart.o
                0x0000000008004d74                HAL_UART_MspInit
 .text.Reset_Handler
                0x000000000800502c       0x50 ./Core/Startup/startup_stm32f407vgtx.o
                0x000000000800502c                Reset_Handler
 .text.Default_Handler
                0x000000000800507c        0x2 ./Core/Startup/startup_stm32f407vgtx.o
                0x000000000800507c                RTC_Alarm_IRQHandler
                0x000000000800507c                HASH_RNG_IRQHandler
                0x000000000800507c                EXTI2_IRQHandler
                0x000000000800507c                TIM8_CC_IRQHandler
                0x000000000800507c                TIM1_CC_IRQHandler
                0x000000000800507c                DMA2_Stream5_IRQHandler
                0x000000000800507c                PVD_IRQHandler
                0x000000000800507c                SDIO_IRQHandler
                0x000000000800507c                TAMP_STAMP_IRQHandler
                0x000000000800507c                CAN2_RX1_IRQHandler
                0x000000000800507c                EXTI3_IRQHandler
                0x000000000800507c                TIM8_TRG_COM_TIM14_IRQHandler
                0x000000000800507c                TIM1_UP_TIM10_IRQHandler
                0x000000000800507c                TIM8_UP_TIM13_IRQHandler
                0x000000000800507c                I2C3_ER_IRQHandler
                0x000000000800507c                EXTI0_IRQHandler
                0x000000000800507c                I2C2_EV_IRQHandler
                0x000000000800507c                CAN1_RX0_IRQHandler
                0x000000000800507c                FPU_IRQHandler
                0x000000000800507c                OTG_HS_WKUP_IRQHandler
                0x000000000800507c                CAN2_SCE_IRQHandler
                0x000000000800507c                DMA2_Stream2_IRQHandler
                0x000000000800507c                SPI1_IRQHandler
                0x000000000800507c                TIM6_DAC_IRQHandler
                0x000000000800507c                TIM1_BRK_TIM9_IRQHandler
                0x000000000800507c                DCMI_IRQHandler
                0x000000000800507c                CAN2_RX0_IRQHandler
                0x000000000800507c                DMA2_Stream3_IRQHandler
                0x000000000800507c                USART6_IRQHandler
                0x000000000800507c                USART3_IRQHandler
                0x000000000800507c                CAN1_RX1_IRQHandler
                0x000000000800507c                UART5_IRQHandler
                0x000000000800507c                DMA2_Stream0_IRQHandler
                0x000000000800507c                TIM4_IRQHandler
                0x000000000800507c                I2C1_EV_IRQHandler
                0x000000000800507c                DMA1_Stream1_IRQHandler
                0x000000000800507c                TIM3_IRQHandler
                0x000000000800507c                RCC_IRQHandler
                0x000000000800507c                TIM8_BRK_TIM12_IRQHandler
                0x000000000800507c                Default_Handler
                0x000000000800507c                EXTI15_10_IRQHandler
                0x000000000800507c                ADC_IRQHandler
                0x000000000800507c                DMA1_Stream7_IRQHandler
                0x000000000800507c                TIM7_IRQHandler
                0x000000000800507c                CAN2_TX_IRQHandler
                0x000000000800507c                TIM5_IRQHandler
                0x000000000800507c                DMA2_Stream7_IRQHandler
                0x000000000800507c                I2C3_EV_IRQHandler
                0x000000000800507c                EXTI9_5_IRQHandler
                0x000000000800507c                RTC_WKUP_IRQHandler
                0x000000000800507c                ETH_WKUP_IRQHandler
                0x000000000800507c                SPI2_IRQHandler
                0x000000000800507c                OTG_HS_EP1_IN_IRQHandler
                0x000000000800507c                DMA1_Stream0_IRQHandler
                0x000000000800507c                CAN1_TX_IRQHandler
                0x000000000800507c                EXTI4_IRQHandler
                0x000000000800507c                FSMC_IRQHandler
                0x000000000800507c                ETH_IRQHandler
                0x000000000800507c                OTG_HS_EP1_OUT_IRQHandler
                0x000000000800507c                WWDG_IRQHandler
                0x000000000800507c                TIM2_IRQHandler
                0x000000000800507c                OTG_FS_WKUP_IRQHandler
                0x000000000800507c                TIM1_TRG_COM_TIM11_IRQHandler
                0x000000000800507c                OTG_HS_IRQHandler
                0x000000000800507c                EXTI1_IRQHandler
                0x000000000800507c                I2C2_ER_IRQHandler
                0x000000000800507c                DMA2_Stream1_IRQHandler
                0x000000000800507c                CAN1_SCE_IRQHandler
                0x000000000800507c                FLASH_IRQHandler
                0x000000000800507c                DMA2_Stream4_IRQHandler
                0x000000000800507c                USART1_IRQHandler
                0x000000000800507c                OTG_FS_IRQHandler
                0x000000000800507c                SPI3_IRQHandler
                0x000000000800507c                I2C1_ER_IRQHandler
                0x000000000800507c                DMA2_Stream6_IRQHandler
                0x000000000800507c                DMA1_Stream3_IRQHandler
 *fill*         0x000000000800507e        0x2 
 .text.HAL_Init
                0x0000000008005080       0x44 ./Drivers/STM32F4xx_HAL_Driver/Src/stm32f4xx_hal.o
                0x0000000008005080                HAL_Init
 .text.HAL_InitTick
                0x00000000080050c4       0x60 ./Drivers/STM32F4xx_HAL_Driver/Src/stm32f4xx_hal.o
                0x00000000080050c4                HAL_InitTick
 .text.HAL_IncTick
                0x0000000008005124       0x28 ./Drivers/STM32F4xx_HAL_Driver/Src/stm32f4xx_hal.o
                0x0000000008005124                HAL_IncTick
 .text.HAL_GetTick
                0x000000000800514c       0x18 ./Drivers/STM32F4xx_HAL_Driver/Src/stm32f4xx_hal.o
                0x000000000800514c                HAL_GetTick
 .text.HAL_Delay
                0x0000000008005164       0x48 ./Drivers/STM32F4xx_HAL_Driver/Src/stm32f4xx_hal.o
                0x0000000008005164                HAL_Delay
 .text.HAL_ADC_Init
                0x00000000080051ac       0x86 ./Drivers/STM32F4xx_HAL_Driver/Src/stm32f4xx_hal_adc.o
                0x00000000080051ac                HAL_ADC_Init
 *fill*         0x0000000008005232        0x2 
 .text.HAL_ADC_ConfigChannel
                0x0000000008005234      0x244 ./Drivers/STM32F4xx_HAL_Driver/Src/stm32f4xx_hal_adc.o
                0x0000000008005234                HAL_ADC_ConfigChannel
 .text.ADC_Init
                0x0000000008005478      0x1f8 ./Drivers/STM32F4xx_HAL_Driver/Src/stm32f4xx_hal_adc.o
 .text.__NVIC_SetPriorityGrouping
                0x0000000008005670       0x48 ./Drivers/STM32F4xx_HAL_Driver/Src/stm32f4xx_hal_cortex.o
 .text.__NVIC_GetPriorityGrouping
                0x00000000080056b8       0x1c ./Drivers/STM32F4xx_HAL_Driver/Src/stm32f4xx_hal_cortex.o
 .text.__NVIC_EnableIRQ
                0x00000000080056d4       0x3c ./Drivers/STM32F4xx_HAL_Driver/Src/stm32f4xx_hal_cortex.o
 .text.__NVIC_SetPriority
                0x0000000008005710       0x54 ./Drivers/STM32F4xx_HAL_Driver/Src/stm32f4xx_hal_cortex.o
 .text.NVIC_EncodePriority
                0x0000000008005764       0x66 ./Drivers/STM32F4xx_HAL_Driver/Src/stm32f4xx_hal_cortex.o
 *fill*         0x00000000080057ca        0x2 
 .text.SysTick_Config
                0x00000000080057cc       0x44 ./Drivers/STM32F4xx_HAL_Driver/Src/stm32f4xx_hal_cortex.o
 .text.HAL_NVIC_SetPriorityGrouping
                0x0000000008005810       0x16 ./Drivers/STM32F4xx_HAL_Driver/Src/stm32f4xx_hal_cortex.o
                0x0000000008005810                HAL_NVIC_SetPriorityGrouping
 .text.HAL_NVIC_SetPriority
                0x0000000008005826       0x38 ./Drivers/STM32F4xx_HAL_Driver/Src/stm32f4xx_hal_cortex.o
                0x0000000008005826                HAL_NVIC_SetPriority
 .text.HAL_NVIC_EnableIRQ
                0x000000000800585e       0x1c ./Drivers/STM32F4xx_HAL_Driver/Src/stm32f4xx_hal_cortex.o
                0x000000000800585e                HAL_NVIC_EnableIRQ
 .text.HAL_SYSTICK_Config
                0x000000000800587a       0x18 ./Drivers/STM32F4xx_HAL_Driver/Src/stm32f4xx_hal_cortex.o
                0x000000000800587a                HAL_SYSTICK_Config
 *fill*         0x0000000008005892        0x2 
 .text.HAL_DMA_Init
                0x0000000008005894      0x15c ./Drivers/STM32F4xx_HAL_Driver/Src/stm32f4xx_hal_dma.o
                0x0000000008005894                HAL_DMA_Init
 .text.HAL_DMA_Start_IT
                0x00000000080059f0       0xb0 ./Drivers/STM32F4xx_HAL_Driver/Src/stm32f4xx_hal_dma.o
                0x00000000080059f0                HAL_DMA_Start_IT
 .text.HAL_DMA_Abort
                0x0000000008005aa0       0xe0 ./Drivers/STM32F4xx_HAL_Driver/Src/stm32f4xx_hal_dma.o
                0x0000000008005aa0                HAL_DMA_Abort
 .text.HAL_DMA_Abort_IT
                0x0000000008005b80       0x44 ./Drivers/STM32F4xx_HAL_Driver/Src/stm32f4xx_hal_dma.o
                0x0000000008005b80                HAL_DMA_Abort_IT
 .text.HAL_DMA_IRQHandler
                0x0000000008005bc4      0x314 ./Drivers/STM32F4xx_HAL_Driver/Src/stm32f4xx_hal_dma.o
                0x0000000008005bc4                HAL_DMA_IRQHandler
 .text.DMA_SetConfig
                0x0000000008005ed8       0x5c ./Drivers/STM32F4xx_HAL_Driver/Src/stm32f4xx_hal_dma.o
 .text.DMA_CalcBaseAndBitshift
                0x0000000008005f34       0x6c ./Drivers/STM32F4xx_HAL_Driver/Src/stm32f4xx_hal_dma.o
 .text.DMA_CheckFifoParam
                0x0000000008005fa0       0xf8 ./Drivers/STM32F4xx_HAL_Driver/Src/stm32f4xx_hal_dma.o
 .text.HAL_GPIO_Init
                0x0000000008006098      0x338 ./Drivers/STM32F4xx_HAL_Driver/Src/stm32f4xx_hal_gpio.o
                0x0000000008006098                HAL_GPIO_Init
 .text.HAL_GPIO_WritePin
                0x00000000080063d0       0x32 ./Drivers/STM32F4xx_HAL_Driver/Src/stm32f4xx_hal_gpio.o
                0x00000000080063d0                HAL_GPIO_WritePin
 .text.HAL_GPIO_TogglePin
                0x0000000008006402       0x34 ./Drivers/STM32F4xx_HAL_Driver/Src/stm32f4xx_hal_gpio.o
                0x0000000008006402                HAL_GPIO_TogglePin
 *fill*         0x0000000008006436        0x2 
 .text.HAL_RCC_OscConfig
                0x0000000008006438      0x4f0 ./Drivers/STM32F4xx_HAL_Driver/Src/stm32f4xx_hal_rcc.o
                0x0000000008006438                HAL_RCC_OscConfig
 .text.HAL_RCC_ClockConfig
                0x0000000008006928      0x1cc ./Drivers/STM32F4xx_HAL_Driver/Src/stm32f4xx_hal_rcc.o
                0x0000000008006928                HAL_RCC_ClockConfig
 .text.HAL_RCC_GetSysClockFreq
                0x0000000008006af4      0x1c4 ./Drivers/STM32F4xx_HAL_Driver/Src/stm32f4xx_hal_rcc.o
                0x0000000008006af4                HAL_RCC_GetSysClockFreq
 .text.HAL_RCC_GetHCLKFreq
                0x0000000008006cb8       0x18 ./Drivers/STM32F4xx_HAL_Driver/Src/stm32f4xx_hal_rcc.o
                0x0000000008006cb8                HAL_RCC_GetHCLKFreq
 .text.HAL_RCC_GetPCLK1Freq
                0x0000000008006cd0       0x28 ./Drivers/STM32F4xx_HAL_Driver/Src/stm32f4xx_hal_rcc.o
                0x0000000008006cd0                HAL_RCC_GetPCLK1Freq
 .text.HAL_RCC_GetPCLK2Freq
                0x0000000008006cf8       0x28 ./Drivers/STM32F4xx_HAL_Driver/Src/stm32f4xx_hal_rcc.o
                0x0000000008006cf8                HAL_RCC_GetPCLK2Freq
 .text.HAL_SPI_Init
                0x0000000008006d20      0x112 ./Drivers/STM32F4xx_HAL_Driver/Src/stm32f4xx_hal_spi.o
                0x0000000008006d20                HAL_SPI_Init
 .text.HAL_SPI_Transmit
                0x0000000008006e32      0x278 ./Drivers/STM32F4xx_HAL_Driver/Src/stm32f4xx_hal_spi.o
                0x0000000008006e32                HAL_SPI_Transmit
 .text.HAL_SPI_Receive
                0x00000000080070aa      0x222 ./Drivers/STM32F4xx_HAL_Driver/Src/stm32f4xx_hal_spi.o
                0x00000000080070aa                HAL_SPI_Receive
 .text.HAL_SPI_TransmitReceive
                0x00000000080072cc      0x344 ./Drivers/STM32F4xx_HAL_Driver/Src/stm32f4xx_hal_spi.o
                0x00000000080072cc                HAL_SPI_TransmitReceive
 .text.SPI_WaitFlagStateUntilTimeout
                0x0000000008007610      0x110 ./Drivers/STM32F4xx_HAL_Driver/Src/stm32f4xx_hal_spi.o
 .text.SPI_EndRxTransaction
                0x0000000008007720       0xca ./Drivers/STM32F4xx_HAL_Driver/Src/stm32f4xx_hal_spi.o
 *fill*         0x00000000080077ea        0x2 
 .text.SPI_EndRxTxTransaction
                0x00000000080077ec       0x84 ./Drivers/STM32F4xx_HAL_Driver/Src/stm32f4xx_hal_spi.o
 .text.HAL_TIM_Base_Init
                0x0000000008007870       0x9e ./Drivers/STM32F4xx_HAL_Driver/Src/stm32f4xx_hal_tim.o
                0x0000000008007870                HAL_TIM_Base_Init
 .text.HAL_TIM_PWM_Init
                0x000000000800790e       0x9e ./Drivers/STM32F4xx_HAL_Driver/Src/stm32f4xx_hal_tim.o
                0x000000000800790e                HAL_TIM_PWM_Init
 .text.HAL_TIM_PWM_MspInit
                0x00000000080079ac       0x14 ./Drivers/STM32F4xx_HAL_Driver/Src/stm32f4xx_hal_tim.o
                0x00000000080079ac                HAL_TIM_PWM_MspInit
 .text.HAL_TIM_PWM_ConfigChannel
                0x00000000080079c0      0x184 ./Drivers/STM32F4xx_HAL_Driver/Src/stm32f4xx_hal_tim.o
                0x00000000080079c0                HAL_TIM_PWM_ConfigChannel
 .text.HAL_TIM_ConfigClockSource
                0x0000000008007b44      0x18e ./Drivers/STM32F4xx_HAL_Driver/Src/stm32f4xx_hal_tim.o
                0x0000000008007b44                HAL_TIM_ConfigClockSource
 *fill*         0x0000000008007cd2        0x2 
 .text.TIM_Base_SetConfig
                0x0000000008007cd4      0x140 ./Drivers/STM32F4xx_HAL_Driver/Src/stm32f4xx_hal_tim.o
                0x0000000008007cd4                TIM_Base_SetConfig
 .text.TIM_OC1_SetConfig
                0x0000000008007e14       0xe0 ./Drivers/STM32F4xx_HAL_Driver/Src/stm32f4xx_hal_tim.o
 .text.TIM_OC2_SetConfig
                0x0000000008007ef4       0xec ./Drivers/STM32F4xx_HAL_Driver/Src/stm32f4xx_hal_tim.o
                0x0000000008007ef4                TIM_OC2_SetConfig
 .text.TIM_OC3_SetConfig
                0x0000000008007fe0       0xe8 ./Drivers/STM32F4xx_HAL_Driver/Src/stm32f4xx_hal_tim.o
 .text.TIM_OC4_SetConfig
                0x00000000080080c8       0xac ./Drivers/STM32F4xx_HAL_Driver/Src/stm32f4xx_hal_tim.o
 .text.TIM_TI1_ConfigInputStage
                0x0000000008008174       0x5e ./Drivers/STM32F4xx_HAL_Driver/Src/stm32f4xx_hal_tim.o
 .text.TIM_TI2_ConfigInputStage
                0x00000000080081d2       0x60 ./Drivers/STM32F4xx_HAL_Driver/Src/stm32f4xx_hal_tim.o
 .text.TIM_ITRx_SetConfig
                0x0000000008008232       0x36 ./Drivers/STM32F4xx_HAL_Driver/Src/stm32f4xx_hal_tim.o
 .text.TIM_ETR_SetConfig
                0x0000000008008268       0x40 ./Drivers/STM32F4xx_HAL_Driver/Src/stm32f4xx_hal_tim.o
                0x0000000008008268                TIM_ETR_SetConfig
 .text.HAL_TIMEx_MasterConfigSynchronization
                0x00000000080082a8       0xf8 ./Drivers/STM32F4xx_HAL_Driver/Src/stm32f4xx_hal_tim_ex.o
                0x00000000080082a8                HAL_TIMEx_MasterConfigSynchronization
 .text.HAL_UART_Init
                0x00000000080083a0       0x9a ./Drivers/STM32F4xx_HAL_Driver/Src/stm32f4xx_hal_uart.o
                0x00000000080083a0                HAL_UART_Init
 *fill*         0x000000000800843a        0x2 
 .text.HAL_UART_Transmit_DMA
                0x000000000800843c       0xfc ./Drivers/STM32F4xx_HAL_Driver/Src/stm32f4xx_hal_uart.o
                0x000000000800843c                HAL_UART_Transmit_DMA
 .text.HAL_UART_Receive_DMA
                0x0000000008008538       0x60 ./Drivers/STM32F4xx_HAL_Driver/Src/stm32f4xx_hal_uart.o
                0x0000000008008538                HAL_UART_Receive_DMA
 .text.HAL_UART_IRQHandler
                0x0000000008008598      0x51c ./Drivers/STM32F4xx_HAL_Driver/Src/stm32f4xx_hal_uart.o
                0x0000000008008598                HAL_UART_IRQHandler
 .text.HAL_UART_TxCpltCallback
                0x0000000008008ab4       0x14 ./Drivers/STM32F4xx_HAL_Driver/Src/stm32f4xx_hal_uart.o
                0x0000000008008ab4                HAL_UART_TxCpltCallback
 .text.HAL_UART_TxHalfCpltCallback
                0x0000000008008ac8       0x14 ./Drivers/STM32F4xx_HAL_Driver/Src/stm32f4xx_hal_uart.o
                0x0000000008008ac8                HAL_UART_TxHalfCpltCallback
 .text.HAL_UART_RxHalfCpltCallback
                0x0000000008008adc       0x14 ./Drivers/STM32F4xx_HAL_Driver/Src/stm32f4xx_hal_uart.o
                0x0000000008008adc                HAL_UART_RxHalfCpltCallback
 .text.HAL_UART_ErrorCallback
                0x0000000008008af0       0x14 ./Drivers/STM32F4xx_HAL_Driver/Src/stm32f4xx_hal_uart.o
                0x0000000008008af0                HAL_UART_ErrorCallback
 .text.HAL_UARTEx_RxEventCallback
                0x0000000008008b04       0x18 ./Drivers/STM32F4xx_HAL_Driver/Src/stm32f4xx_hal_uart.o
                0x0000000008008b04                HAL_UARTEx_RxEventCallback
 .text.UART_DMATransmitCplt
                0x0000000008008b1c       0x9a ./Drivers/STM32F4xx_HAL_Driver/Src/stm32f4xx_hal_uart.o
 .text.UART_DMATxHalfCplt
                0x0000000008008bb6       0x1c ./Drivers/STM32F4xx_HAL_Driver/Src/stm32f4xx_hal_uart.o
 .text.UART_DMAReceiveCplt
                0x0000000008008bd2      0x126 ./Drivers/STM32F4xx_HAL_Driver/Src/stm32f4xx_hal_uart.o
 .text.UART_DMARxHalfCplt
                0x0000000008008cf8       0x36 ./Drivers/STM32F4xx_HAL_Driver/Src/stm32f4xx_hal_uart.o
 .text.UART_DMAError
                0x0000000008008d2e       0x94 ./Drivers/STM32F4xx_HAL_Driver/Src/stm32f4xx_hal_uart.o
 *fill*         0x0000000008008dc2        0x2 
 .text.UART_Start_Receive_DMA
                0x0000000008008dc4      0x134 ./Drivers/STM32F4xx_HAL_Driver/Src/stm32f4xx_hal_uart.o
                0x0000000008008dc4                UART_Start_Receive_DMA
 .text.UART_EndTxTransfer
                0x0000000008008ef8       0x50 ./Drivers/STM32F4xx_HAL_Driver/Src/stm32f4xx_hal_uart.o
 .text.UART_EndRxTransfer
                0x0000000008008f48       0xc6 ./Drivers/STM32F4xx_HAL_Driver/Src/stm32f4xx_hal_uart.o
 .text.UART_DMAAbortOnError
                0x000000000800900e       0x28 ./Drivers/STM32F4xx_HAL_Driver/Src/stm32f4xx_hal_uart.o
 .text.UART_Transmit_IT
                0x0000000008009036       0xa0 ./Drivers/STM32F4xx_HAL_Driver/Src/stm32f4xx_hal_uart.o
 .text.UART_EndTransmit_IT
                0x00000000080090d6       0x30 ./Drivers/STM32F4xx_HAL_Driver/Src/stm32f4xx_hal_uart.o
 .text.UART_Receive_IT
                0x0000000008009106      0x176 ./Drivers/STM32F4xx_HAL_Driver/Src/stm32f4xx_hal_uart.o
 .text.UART_SetConfig
                0x000000000800927c      0x390 ./Drivers/STM32F4xx_HAL_Driver/Src/stm32f4xx_hal_uart.o
 .text.asinf    0x000000000800960c       0x64 c:/st/stm32cubeide_1.7.0/stm32cubeide/plugins/com.st.stm32cube.ide.mcu.externaltools.gnu-tools-for-stm32.9-2020-q2-update.win32_2.0.0.202105311346/tools/bin/../lib/gcc/arm-none-eabi/9.3.1/../../../../arm-none-eabi/lib/thumb/v7e-m+fp/hard\libm.a(lib_a-wf_asin.o)
                0x000000000800960c                asinf
 .text.atan2f   0x0000000008009670        0x4 c:/st/stm32cubeide_1.7.0/stm32cubeide/plugins/com.st.stm32cube.ide.mcu.externaltools.gnu-tools-for-stm32.9-2020-q2-update.win32_2.0.0.202105311346/tools/bin/../lib/gcc/arm-none-eabi/9.3.1/../../../../arm-none-eabi/lib/thumb/v7e-m+fp/hard\libm.a(lib_a-wf_atan2.o)
                0x0000000008009670                atan2f
 .text.__ieee754_asinf
                0x0000000008009674      0x1cc c:/st/stm32cubeide_1.7.0/stm32cubeide/plugins/com.st.stm32cube.ide.mcu.externaltools.gnu-tools-for-stm32.9-2020-q2-update.win32_2.0.0.202105311346/tools/bin/../lib/gcc/arm-none-eabi/9.3.1/../../../../arm-none-eabi/lib/thumb/v7e-m+fp/hard\libm.a(lib_a-ef_asin.o)
                0x0000000008009674                __ieee754_asinf
 .text.__ieee754_atan2f
                0x0000000008009840      0x140 c:/st/stm32cubeide_1.7.0/stm32cubeide/plugins/com.st.stm32cube.ide.mcu.externaltools.gnu-tools-for-stm32.9-2020-q2-update.win32_2.0.0.202105311346/tools/bin/../lib/gcc/arm-none-eabi/9.3.1/../../../../arm-none-eabi/lib/thumb/v7e-m+fp/hard\libm.a(lib_a-ef_atan2.o)
                0x0000000008009840                __ieee754_atan2f
 .text.__ieee754_sqrtf
                0x0000000008009980        0x6 c:/st/stm32cubeide_1.7.0/stm32cubeide/plugins/com.st.stm32cube.ide.mcu.externaltools.gnu-tools-for-stm32.9-2020-q2-update.win32_2.0.0.202105311346/tools/bin/../lib/gcc/arm-none-eabi/9.3.1/../../../../arm-none-eabi/lib/thumb/v7e-m+fp/hard\libm.a(lib_a-ef_sqrt.o)
                0x0000000008009980                __ieee754_sqrtf
 *fill*         0x0000000008009986        0x2 
 .text.atanf    0x0000000008009988      0x1a8 c:/st/stm32cubeide_1.7.0/stm32cubeide/plugins/com.st.stm32cube.ide.mcu.externaltools.gnu-tools-for-stm32.9-2020-q2-update.win32_2.0.0.202105311346/tools/bin/../lib/gcc/arm-none-eabi/9.3.1/../../../../arm-none-eabi/lib/thumb/v7e-m+fp/hard\libm.a(lib_a-sf_atan.o)
                0x0000000008009988                atanf
 .text.fabsf    0x0000000008009b30        0xe c:/st/stm32cubeide_1.7.0/stm32cubeide/plugins/com.st.stm32cube.ide.mcu.externaltools.gnu-tools-for-stm32.9-2020-q2-update.win32_2.0.0.202105311346/tools/bin/../lib/gcc/arm-none-eabi/9.3.1/../../../../arm-none-eabi/lib/thumb/v7e-m+fp/hard\libm.a(lib_a-sf_fabs.o)
                0x0000000008009b30                fabsf
 *fill*         0x0000000008009b3e        0x2 
 .text.nanf     0x0000000008009b40        0xc c:/st/stm32cubeide_1.7.0/stm32cubeide/plugins/com.st.stm32cube.ide.mcu.externaltools.gnu-tools-for-stm32.9-2020-q2-update.win32_2.0.0.202105311346/tools/bin/../lib/gcc/arm-none-eabi/9.3.1/../../../../arm-none-eabi/lib/thumb/v7e-m+fp/hard\libm.a(lib_a-sf_nan.o)
                0x0000000008009b40                nanf
 .text.__errno  0x0000000008009b4c        0xc c:/st/stm32cubeide_1.7.0/stm32cubeide/plugins/com.st.stm32cube.ide.mcu.externaltools.gnu-tools-for-stm32.9-2020-q2-update.win32_2.0.0.202105311346/tools/bin/../lib/gcc/arm-none-eabi/9.3.1/../../../../arm-none-eabi/lib/thumb/v7e-m+fp/hard\libc_nano.a(lib_a-errno.o)
                0x0000000008009b4c                __errno
 .text.__libc_init_array
                0x0000000008009b58       0x48 c:/st/stm32cubeide_1.7.0/stm32cubeide/plugins/com.st.stm32cube.ide.mcu.externaltools.gnu-tools-for-stm32.9-2020-q2-update.win32_2.0.0.202105311346/tools/bin/../lib/gcc/arm-none-eabi/9.3.1/../../../../arm-none-eabi/lib/thumb/v7e-m+fp/hard\libc_nano.a(lib_a-init.o)
                0x0000000008009b58                __libc_init_array
 .text.memset   0x0000000008009ba0       0x10 c:/st/stm32cubeide_1.7.0/stm32cubeide/plugins/com.st.stm32cube.ide.mcu.externaltools.gnu-tools-for-stm32.9-2020-q2-update.win32_2.0.0.202105311346/tools/bin/../lib/gcc/arm-none-eabi/9.3.1/../../../../arm-none-eabi/lib/thumb/v7e-m+fp/hard\libc_nano.a(lib_a-memset.o)
                0x0000000008009ba0                memset
 *(.glue_7)
 .glue_7        0x0000000008009bb0        0x0 linker stubs
 *(.glue_7t)
 .glue_7t       0x0000000008009bb0        0x0 linker stubs
 *(.eh_frame)
 .eh_frame      0x0000000008009bb0        0x0 c:/st/stm32cubeide_1.7.0/stm32cubeide/plugins/com.st.stm32cube.ide.mcu.externaltools.gnu-tools-for-stm32.9-2020-q2-update.win32_2.0.0.202105311346/tools/bin/../lib/gcc/arm-none-eabi/9.3.1/thumb/v7e-m+fp/hard/crtbegin.o
 *(.init)
 .init          0x0000000008009bb0        0x4 c:/st/stm32cubeide_1.7.0/stm32cubeide/plugins/com.st.stm32cube.ide.mcu.externaltools.gnu-tools-for-stm32.9-2020-q2-update.win32_2.0.0.202105311346/tools/bin/../lib/gcc/arm-none-eabi/9.3.1/thumb/v7e-m+fp/hard/crti.o
                0x0000000008009bb0                _init
 .init          0x0000000008009bb4        0x8 c:/st/stm32cubeide_1.7.0/stm32cubeide/plugins/com.st.stm32cube.ide.mcu.externaltools.gnu-tools-for-stm32.9-2020-q2-update.win32_2.0.0.202105311346/tools/bin/../lib/gcc/arm-none-eabi/9.3.1/thumb/v7e-m+fp/hard/crtn.o
 *(.fini)
 .fini          0x0000000008009bbc        0x4 c:/st/stm32cubeide_1.7.0/stm32cubeide/plugins/com.st.stm32cube.ide.mcu.externaltools.gnu-tools-for-stm32.9-2020-q2-update.win32_2.0.0.202105311346/tools/bin/../lib/gcc/arm-none-eabi/9.3.1/thumb/v7e-m+fp/hard/crti.o
                0x0000000008009bbc                _fini
 .fini          0x0000000008009bc0        0x8 c:/st/stm32cubeide_1.7.0/stm32cubeide/plugins/com.st.stm32cube.ide.mcu.externaltools.gnu-tools-for-stm32.9-2020-q2-update.win32_2.0.0.202105311346/tools/bin/../lib/gcc/arm-none-eabi/9.3.1/thumb/v7e-m+fp/hard/crtn.o
                0x0000000008009bc8                . = ALIGN (0x4)
                0x0000000008009bc8                _etext = .

.vfp11_veneer   0x0000000008009bc8        0x0
 .vfp11_veneer  0x0000000008009bc8        0x0 linker stubs

.v4_bx          0x0000000008009bc8        0x0
 .v4_bx         0x0000000008009bc8        0x0 linker stubs

.iplt           0x0000000008009bc8        0x0
 .iplt          0x0000000008009bc8        0x0 c:/st/stm32cubeide_1.7.0/stm32cubeide/plugins/com.st.stm32cube.ide.mcu.externaltools.gnu-tools-for-stm32.9-2020-q2-update.win32_2.0.0.202105311346/tools/bin/../lib/gcc/arm-none-eabi/9.3.1/thumb/v7e-m+fp/hard/crtbegin.o

.rodata         0x0000000008009bc8       0x80
                0x0000000008009bc8                . = ALIGN (0x4)
 *(.rodata)
 .rodata        0x0000000008009bc8       0x24 ./Core/Src/main.o
 *(.rodata*)
 .rodata.AHBPrescTable
                0x0000000008009bec       0x10 ./Core/Src/system_stm32f4xx.o
                0x0000000008009bec                AHBPrescTable
 .rodata.APBPrescTable
                0x0000000008009bfc        0x8 ./Core/Src/system_stm32f4xx.o
                0x0000000008009bfc                APBPrescTable
 .rodata.flagBitshiftOffset.8947
                0x0000000008009c04        0x8 ./Drivers/STM32F4xx_HAL_Driver/Src/stm32f4xx_hal_dma.o
 .rodata.asinf.str1.1
                0x0000000008009c0c        0x1 c:/st/stm32cubeide_1.7.0/stm32cubeide/plugins/com.st.stm32cube.ide.mcu.externaltools.gnu-tools-for-stm32.9-2020-q2-update.win32_2.0.0.202105311346/tools/bin/../lib/gcc/arm-none-eabi/9.3.1/../../../../arm-none-eabi/lib/thumb/v7e-m+fp/hard\libm.a(lib_a-wf_asin.o)
 *fill*         0x0000000008009c0d        0x3 
 .rodata.CSWTCH.8
                0x0000000008009c10        0xc c:/st/stm32cubeide_1.7.0/stm32cubeide/plugins/com.st.stm32cube.ide.mcu.externaltools.gnu-tools-for-stm32.9-2020-q2-update.win32_2.0.0.202105311346/tools/bin/../lib/gcc/arm-none-eabi/9.3.1/../../../../arm-none-eabi/lib/thumb/v7e-m+fp/hard\libm.a(lib_a-ef_atan2.o)
 .rodata.CSWTCH.9
                0x0000000008009c1c        0xc c:/st/stm32cubeide_1.7.0/stm32cubeide/plugins/com.st.stm32cube.ide.mcu.externaltools.gnu-tools-for-stm32.9-2020-q2-update.win32_2.0.0.202105311346/tools/bin/../lib/gcc/arm-none-eabi/9.3.1/../../../../arm-none-eabi/lib/thumb/v7e-m+fp/hard\libm.a(lib_a-ef_atan2.o)
 .rodata.atanhi
                0x0000000008009c28       0x10 c:/st/stm32cubeide_1.7.0/stm32cubeide/plugins/com.st.stm32cube.ide.mcu.externaltools.gnu-tools-for-stm32.9-2020-q2-update.win32_2.0.0.202105311346/tools/bin/../lib/gcc/arm-none-eabi/9.3.1/../../../../arm-none-eabi/lib/thumb/v7e-m+fp/hard\libm.a(lib_a-sf_atan.o)
 .rodata.atanlo
                0x0000000008009c38       0x10 c:/st/stm32cubeide_1.7.0/stm32cubeide/plugins/com.st.stm32cube.ide.mcu.externaltools.gnu-tools-for-stm32.9-2020-q2-update.win32_2.0.0.202105311346/tools/bin/../lib/gcc/arm-none-eabi/9.3.1/../../../../arm-none-eabi/lib/thumb/v7e-m+fp/hard\libm.a(lib_a-sf_atan.o)
                0x0000000008009c48                . = ALIGN (0x4)

.ARM.extab      0x0000000008009c48        0x0
                0x0000000008009c48                . = ALIGN (0x4)
 *(.ARM.extab* .gnu.linkonce.armextab.*)
                0x0000000008009c48                . = ALIGN (0x4)

.ARM            0x0000000008009c48        0x8
                0x0000000008009c48                . = ALIGN (0x4)
                0x0000000008009c48                __exidx_start = .
 *(.ARM.exidx*)
 .ARM.exidx     0x0000000008009c48        0x8 c:/st/stm32cubeide_1.7.0/stm32cubeide/plugins/com.st.stm32cube.ide.mcu.externaltools.gnu-tools-for-stm32.9-2020-q2-update.win32_2.0.0.202105311346/tools/bin/../lib/gcc/arm-none-eabi/9.3.1/thumb/v7e-m+fp/hard\libgcc.a(_udivmoddi4.o)
                0x0000000008009c50                __exidx_end = .
                0x0000000008009c50                . = ALIGN (0x4)

.rel.dyn        0x0000000008009c50        0x0
 .rel.iplt      0x0000000008009c50        0x0 c:/st/stm32cubeide_1.7.0/stm32cubeide/plugins/com.st.stm32cube.ide.mcu.externaltools.gnu-tools-for-stm32.9-2020-q2-update.win32_2.0.0.202105311346/tools/bin/../lib/gcc/arm-none-eabi/9.3.1/thumb/v7e-m+fp/hard/crtbegin.o

.preinit_array  0x0000000008009c50        0x0
                0x0000000008009c50                . = ALIGN (0x4)
                0x0000000008009c50                PROVIDE (__preinit_array_start = .)
 *(.preinit_array*)
                0x0000000008009c50                PROVIDE (__preinit_array_end = .)
                0x0000000008009c50                . = ALIGN (0x4)

.init_array     0x0000000008009c50        0x4
                0x0000000008009c50                . = ALIGN (0x4)
                0x0000000008009c50                PROVIDE (__init_array_start = .)
 *(SORT_BY_NAME(.init_array.*))
 *(.init_array*)
 .init_array    0x0000000008009c50        0x4 c:/st/stm32cubeide_1.7.0/stm32cubeide/plugins/com.st.stm32cube.ide.mcu.externaltools.gnu-tools-for-stm32.9-2020-q2-update.win32_2.0.0.202105311346/tools/bin/../lib/gcc/arm-none-eabi/9.3.1/thumb/v7e-m+fp/hard/crtbegin.o
                0x0000000008009c54                PROVIDE (__init_array_end = .)
                0x0000000008009c54                . = ALIGN (0x4)

.fini_array     0x0000000008009c54        0x4
                0x0000000008009c54                . = ALIGN (0x4)
                [!provide]                        PROVIDE (__fini_array_start = .)
 *(SORT_BY_NAME(.fini_array.*))
 *(.fini_array*)
 .fini_array    0x0000000008009c54        0x4 c:/st/stm32cubeide_1.7.0/stm32cubeide/plugins/com.st.stm32cube.ide.mcu.externaltools.gnu-tools-for-stm32.9-2020-q2-update.win32_2.0.0.202105311346/tools/bin/../lib/gcc/arm-none-eabi/9.3.1/thumb/v7e-m+fp/hard/crtbegin.o
                [!provide]                        PROVIDE (__fini_array_end = .)
                0x0000000008009c58                . = ALIGN (0x4)
                0x0000000008009c58                _sidata = LOADADDR (.data)

.data           0x0000000020000000       0x74 load address 0x0000000008009c58
                0x0000000020000000                . = ALIGN (0x4)
                0x0000000020000000                _sdata = .
 *(.data)
 *(.data*)
 .data.samplePeriod
                0x0000000020000000        0x4 ./Core/Src/main.o
                0x0000000020000000                samplePeriod
 .data.SystemCoreClock
                0x0000000020000004        0x4 ./Core/Src/system_stm32f4xx.o
                0x0000000020000004                SystemCoreClock
 .data.uwTickPrio
                0x0000000020000008        0x4 ./Drivers/STM32F4xx_HAL_Driver/Src/stm32f4xx_hal.o
                0x0000000020000008                uwTickPrio
 .data.uwTickFreq
                0x000000002000000c        0x1 ./Drivers/STM32F4xx_HAL_Driver/Src/stm32f4xx_hal.o
                0x000000002000000c                uwTickFreq
 .data.__fdlib_version
                0x000000002000000d        0x1 c:/st/stm32cubeide_1.7.0/stm32cubeide/plugins/com.st.stm32cube.ide.mcu.externaltools.gnu-tools-for-stm32.9-2020-q2-update.win32_2.0.0.202105311346/tools/bin/../lib/gcc/arm-none-eabi/9.3.1/../../../../arm-none-eabi/lib/thumb/v7e-m+fp/hard\libm.a(lib_a-s_lib_ver.o)
                0x000000002000000d                __fdlib_version
 *fill*         0x000000002000000e        0x2 
 .data._impure_ptr
                0x0000000020000010        0x4 c:/st/stm32cubeide_1.7.0/stm32cubeide/plugins/com.st.stm32cube.ide.mcu.externaltools.gnu-tools-for-stm32.9-2020-q2-update.win32_2.0.0.202105311346/tools/bin/../lib/gcc/arm-none-eabi/9.3.1/../../../../arm-none-eabi/lib/thumb/v7e-m+fp/hard\libc_nano.a(lib_a-impure.o)
                0x0000000020000010                _impure_ptr
 .data.impure_data
                0x0000000020000014       0x60 c:/st/stm32cubeide_1.7.0/stm32cubeide/plugins/com.st.stm32cube.ide.mcu.externaltools.gnu-tools-for-stm32.9-2020-q2-update.win32_2.0.0.202105311346/tools/bin/../lib/gcc/arm-none-eabi/9.3.1/../../../../arm-none-eabi/lib/thumb/v7e-m+fp/hard\libc_nano.a(lib_a-impure.o)
 *(.RamFunc)
 *(.RamFunc*)
                0x0000000020000074                . = ALIGN (0x4)
                0x0000000020000074                _edata = .
                0x0000000008009ccc                _siccmram = LOADADDR (.ccmram)

.igot.plt       0x0000000020000074        0x0 load address 0x0000000008009ccc
 .igot.plt      0x0000000020000074        0x0 c:/st/stm32cubeide_1.7.0/stm32cubeide/plugins/com.st.stm32cube.ide.mcu.externaltools.gnu-tools-for-stm32.9-2020-q2-update.win32_2.0.0.202105311346/tools/bin/../lib/gcc/arm-none-eabi/9.3.1/thumb/v7e-m+fp/hard/crtbegin.o

.ccmram         0x0000000010000000        0x0 load address 0x0000000008009ccc
                0x0000000010000000                . = ALIGN (0x4)
                0x0000000010000000                _sccmram = .
 *(.ccmram)
 *(.ccmram*)
                0x0000000010000000                . = ALIGN (0x4)
                0x0000000010000000                _eccmram = .
                0x0000000010000000                . = ALIGN (0x4)

.bss            0x0000000020000074      0x5c4
                0x0000000020000074                _sbss = .
                0x0000000020000074                __bss_start__ = _sbss
 *(.bss)
 .bss           0x0000000020000074       0x1c c:/st/stm32cubeide_1.7.0/stm32cubeide/plugins/com.st.stm32cube.ide.mcu.externaltools.gnu-tools-for-stm32.9-2020-q2-update.win32_2.0.0.202105311346/tools/bin/../lib/gcc/arm-none-eabi/9.3.1/thumb/v7e-m+fp/hard/crtbegin.o
 *(.bss*)
 .bss.gyro_scale_factor
                0x0000000020000090        0x4 ./Core/ICM20948/icm20948.o
 .bss.accel_scale_factor
                0x0000000020000094        0x4 ./Core/ICM20948/icm20948.o
 .bss.reg_val.9093
                0x0000000020000098        0x6 ./Core/ICM20948/icm20948.o
 .bss.USART1ReceiveState
                0x000000002000009e        0x1 ./Core/Src/main.o
                0x000000002000009e                USART1ReceiveState
 .bss.USART2ReceiveState
                0x000000002000009f        0x1 ./Core/Src/main.o
                0x000000002000009f                USART2ReceiveState
 .bss.HallLeftStepPast
                0x00000000200000a0        0x4 ./Core/Src/main.o
                0x00000000200000a0                HallLeftStepPast
 .bss.HallRightStepPast
                0x00000000200000a4        0x4 ./Core/Src/main.o
                0x00000000200000a4                HallRightStepPast
 .bss.BTFront   0x00000000200000a8        0x4 ./Core/Src/main.o
                0x00000000200000a8                BTFront
 .bss.BTTurn    0x00000000200000ac        0x4 ./Core/Src/main.o
                0x00000000200000ac                BTTurn
 .bss.Front     0x00000000200000b0        0x4 ./Core/Src/main.o
                0x00000000200000b0                Front
 .bss.Turn      0x00000000200000b4        0x4 ./Core/Src/main.o
                0x00000000200000b4                Turn
 *(COMMON)
 COMMON         0x00000000200000b8       0x48 ./Core/Src/adc.o
                0x00000000200000b8                hadc1
 COMMON         0x0000000020000100      0x1b1 ./Core/Src/main.o
                0x0000000020000100                StepsRightPrevious
                0x0000000020000104                DutyFront
                0x0000000020000108                BalancePID
                0x000000002000010c                RightSpeed
                0x0000000020000110                CurrentLeft
                0x0000000020000114                RotationPID
                0x0000000020000118                GyroYPrevious
                0x000000002000011c                FootDrive
                0x0000000020000120                OverCurrCount
                0x0000000020000124                eulerAngles
                0x0000000020000130                HallLeftStep
                0x0000000020000134                SerialControlWheelsResponce
                0x0000000020000144                SpeedPID
                0x0000000020000148                BalanceActiveDemand
                0x000000002000014c                SerialControlWheelsRequest
                0x000000002000015c                DutyTurn
                0x0000000020000160                Voltage
                0x0000000020000164                SpeedLinear
                0x0000000020000168                GyroZPrevious
                0x000000002000016c                PositionLinear
                0x0000000020000170                PackageLastTimeReset_OnBoardPC
                0x0000000020000174                fusionAhrs
                0x00000000200001a4                ResultLeft
                0x00000000200001a8                LeftSpeed
                0x00000000200001ac                fusionBias
                0x00000000200001c8                CurrentRight
                0x00000000200001cc                Battery
                0x00000000200001d0                BTBalanceActive
                0x00000000200001d4                GyroYSpeed
                0x00000000200001d8                SerialOnBoardResponce
                0x00000000200001e4                StepsLeftPrevious
                0x00000000200001e8                FootAngleDemand
                0x00000000200001ec                uncalibratedAccelerometer
                0x00000000200001f8                ParkingPersentage
                0x00000000200001fc                GyroY
                0x0000000020000200                HallRightStep
                0x0000000020000204                SpeedLinearDemand
                0x0000000020000208                SerialOnBoardRequest
                0x0000000020000214                my_accel
                0x0000000020000220                gyroscopeSensitivity
                0x000000002000022c                ConnErrCount
                0x0000000020000230                PackageLastTimeReset_Motherboard
                0x0000000020000234                RPSRight
                0x0000000020000238                hardIronBias
                0x0000000020000244                StepsRightPreviousTime
                0x0000000020000248                ResultRight
                0x000000002000024c                my_mag
                0x0000000020000258                uncalibratedMagnetometer
                0x0000000020000264                RPSLeft
                0x0000000020000268                CommTime
                0x000000002000026c                StepsLeftPreviousTime
                0x0000000020000270                uncalibratedGyroscope
                0x000000002000027c                accelerometerSensitivity
                0x0000000020000288                FootActive
                0x000000002000028c                my_gyro
                0x0000000020000298                GyroZSpeed
                0x000000002000029c                PositionPID
                0x00000000200002a0                ParameterNumber
                0x00000000200002a4                LostByte
                0x00000000200002a8                FootAngle
                0x00000000200002ac                PositionIValue
                0x00000000200002b0                FootParking
 *fill*         0x00000000200002b1        0x3 
 COMMON         0x00000000200002b4       0x58 ./Core/Src/spi.o
                0x00000000200002b4                hspi2
 COMMON         0x000000002000030c      0x120 ./Core/Src/tim.o
                0x000000002000030c                htim6
                0x0000000020000354                htim2
                0x000000002000039c                htim14
                0x00000000200003e4                htim7
 COMMON         0x000000002000042c      0x208 ./Core/Src/usart.o
                0x000000002000042c                hdma_uart4_rx
                0x000000002000048c                hdma_usart2_rx
                0x00000000200004ec                hdma_usart2_tx
                0x000000002000054c                huart4
                0x0000000020000590                huart2
                0x00000000200005d4                hdma_uart4_tx
 COMMON         0x0000000020000634        0x4 ./Drivers/STM32F4xx_HAL_Driver/Src/stm32f4xx_hal.o
                0x0000000020000634                uwTick
                0x0000000020000638                . = ALIGN (0x4)
                0x0000000020000638                _ebss = .
                0x0000000020000638                __bss_end__ = _ebss

._user_heap_stack
                0x0000000020000638      0x600
                0x0000000020000638                . = ALIGN (0x8)
                [!provide]                        PROVIDE (end = .)
                0x0000000020000638                PROVIDE (_end = .)
                0x0000000020000838                . = (. + _Min_Heap_Size)
 *fill*         0x0000000020000638      0x200 
                0x0000000020000c38                . = (. + _Min_Stack_Size)
 *fill*         0x0000000020000838      0x400 
                0x0000000020000c38                . = ALIGN (0x8)

/DISCARD/
 libc.a(*)
 libm.a(*)
 libgcc.a(*)

.ARM.attributes
                0x0000000000000000       0x30
 *(.ARM.attributes)
 .ARM.attributes
                0x0000000000000000       0x1e c:/st/stm32cubeide_1.7.0/stm32cubeide/plugins/com.st.stm32cube.ide.mcu.externaltools.gnu-tools-for-stm32.9-2020-q2-update.win32_2.0.0.202105311346/tools/bin/../lib/gcc/arm-none-eabi/9.3.1/thumb/v7e-m+fp/hard/crti.o
 .ARM.attributes
                0x000000000000001e       0x34 c:/st/stm32cubeide_1.7.0/stm32cubeide/plugins/com.st.stm32cube.ide.mcu.externaltools.gnu-tools-for-stm32.9-2020-q2-update.win32_2.0.0.202105311346/tools/bin/../lib/gcc/arm-none-eabi/9.3.1/thumb/v7e-m+fp/hard/crtbegin.o
 .ARM.attributes
                0x0000000000000052       0x34 ./Core/FusionIMU/FusionAhrs.o
 .ARM.attributes
                0x0000000000000086       0x34 ./Core/FusionIMU/FusionBias.o
 .ARM.attributes
                0x00000000000000ba       0x34 ./Core/ICM20948/icm20948.o
 .ARM.attributes
                0x00000000000000ee       0x34 ./Core/Src/adc.o
 .ARM.attributes
                0x0000000000000122       0x34 ./Core/Src/dma.o
 .ARM.attributes
                0x0000000000000156       0x34 ./Core/Src/gpio.o
 .ARM.attributes
                0x000000000000018a       0x34 ./Core/Src/main.o
 .ARM.attributes
                0x00000000000001be       0x34 ./Core/Src/spi.o
 .ARM.attributes
                0x00000000000001f2       0x34 ./Core/Src/stm32f4xx_hal_msp.o
 .ARM.attributes
                0x0000000000000226       0x34 ./Core/Src/stm32f4xx_it.o
 .ARM.attributes
                0x000000000000025a       0x34 ./Core/Src/system_stm32f4xx.o
 .ARM.attributes
                0x000000000000028e       0x34 ./Core/Src/tim.o
 .ARM.attributes
                0x00000000000002c2       0x34 ./Core/Src/usart.o
 .ARM.attributes
                0x00000000000002f6       0x21 ./Core/Startup/startup_stm32f407vgtx.o
 .ARM.attributes
                0x0000000000000317       0x34 ./Drivers/STM32F4xx_HAL_Driver/Src/stm32f4xx_hal.o
 .ARM.attributes
                0x000000000000034b       0x34 ./Drivers/STM32F4xx_HAL_Driver/Src/stm32f4xx_hal_adc.o
 .ARM.attributes
                0x000000000000037f       0x34 ./Drivers/STM32F4xx_HAL_Driver/Src/stm32f4xx_hal_cortex.o
 .ARM.attributes
                0x00000000000003b3       0x34 ./Drivers/STM32F4xx_HAL_Driver/Src/stm32f4xx_hal_dma.o
 .ARM.attributes
                0x00000000000003e7       0x34 ./Drivers/STM32F4xx_HAL_Driver/Src/stm32f4xx_hal_gpio.o
 .ARM.attributes
                0x000000000000041b       0x34 ./Drivers/STM32F4xx_HAL_Driver/Src/stm32f4xx_hal_rcc.o
 .ARM.attributes
                0x000000000000044f       0x34 ./Drivers/STM32F4xx_HAL_Driver/Src/stm32f4xx_hal_spi.o
 .ARM.attributes
                0x0000000000000483       0x34 ./Drivers/STM32F4xx_HAL_Driver/Src/stm32f4xx_hal_tim.o
 .ARM.attributes
                0x00000000000004b7       0x34 ./Drivers/STM32F4xx_HAL_Driver/Src/stm32f4xx_hal_tim_ex.o
 .ARM.attributes
                0x00000000000004eb       0x34 ./Drivers/STM32F4xx_HAL_Driver/Src/stm32f4xx_hal_uart.o
 .ARM.attributes
                0x000000000000051f       0x34 c:/st/stm32cubeide_1.7.0/stm32cubeide/plugins/com.st.stm32cube.ide.mcu.externaltools.gnu-tools-for-stm32.9-2020-q2-update.win32_2.0.0.202105311346/tools/bin/../lib/gcc/arm-none-eabi/9.3.1/../../../../arm-none-eabi/lib/thumb/v7e-m+fp/hard\libm.a(lib_a-wf_asin.o)
 .ARM.attributes
                0x0000000000000553       0x34 c:/st/stm32cubeide_1.7.0/stm32cubeide/plugins/com.st.stm32cube.ide.mcu.externaltools.gnu-tools-for-stm32.9-2020-q2-update.win32_2.0.0.202105311346/tools/bin/../lib/gcc/arm-none-eabi/9.3.1/../../../../arm-none-eabi/lib/thumb/v7e-m+fp/hard\libm.a(lib_a-wf_atan2.o)
 .ARM.attributes
                0x0000000000000587       0x34 c:/st/stm32cubeide_1.7.0/stm32cubeide/plugins/com.st.stm32cube.ide.mcu.externaltools.gnu-tools-for-stm32.9-2020-q2-update.win32_2.0.0.202105311346/tools/bin/../lib/gcc/arm-none-eabi/9.3.1/../../../../arm-none-eabi/lib/thumb/v7e-m+fp/hard\libm.a(lib_a-ef_asin.o)
 .ARM.attributes
                0x00000000000005bb       0x34 c:/st/stm32cubeide_1.7.0/stm32cubeide/plugins/com.st.stm32cube.ide.mcu.externaltools.gnu-tools-for-stm32.9-2020-q2-update.win32_2.0.0.202105311346/tools/bin/../lib/gcc/arm-none-eabi/9.3.1/../../../../arm-none-eabi/lib/thumb/v7e-m+fp/hard\libm.a(lib_a-ef_atan2.o)
 .ARM.attributes
                0x00000000000005ef       0x34 c:/st/stm32cubeide_1.7.0/stm32cubeide/plugins/com.st.stm32cube.ide.mcu.externaltools.gnu-tools-for-stm32.9-2020-q2-update.win32_2.0.0.202105311346/tools/bin/../lib/gcc/arm-none-eabi/9.3.1/../../../../arm-none-eabi/lib/thumb/v7e-m+fp/hard\libm.a(lib_a-ef_sqrt.o)
 .ARM.attributes
                0x0000000000000623       0x32 c:/st/stm32cubeide_1.7.0/stm32cubeide/plugins/com.st.stm32cube.ide.mcu.externaltools.gnu-tools-for-stm32.9-2020-q2-update.win32_2.0.0.202105311346/tools/bin/../lib/gcc/arm-none-eabi/9.3.1/../../../../arm-none-eabi/lib/thumb/v7e-m+fp/hard\libm.a(lib_a-s_lib_ver.o)
 .ARM.attributes
                0x0000000000000655       0x34 c:/st/stm32cubeide_1.7.0/stm32cubeide/plugins/com.st.stm32cube.ide.mcu.externaltools.gnu-tools-for-stm32.9-2020-q2-update.win32_2.0.0.202105311346/tools/bin/../lib/gcc/arm-none-eabi/9.3.1/../../../../arm-none-eabi/lib/thumb/v7e-m+fp/hard\libm.a(lib_a-sf_atan.o)
 .ARM.attributes
                0x0000000000000689       0x34 c:/st/stm32cubeide_1.7.0/stm32cubeide/plugins/com.st.stm32cube.ide.mcu.externaltools.gnu-tools-for-stm32.9-2020-q2-update.win32_2.0.0.202105311346/tools/bin/../lib/gcc/arm-none-eabi/9.3.1/../../../../arm-none-eabi/lib/thumb/v7e-m+fp/hard\libm.a(lib_a-sf_fabs.o)
 .ARM.attributes
                0x00000000000006bd       0x34 c:/st/stm32cubeide_1.7.0/stm32cubeide/plugins/com.st.stm32cube.ide.mcu.externaltools.gnu-tools-for-stm32.9-2020-q2-update.win32_2.0.0.202105311346/tools/bin/../lib/gcc/arm-none-eabi/9.3.1/../../../../arm-none-eabi/lib/thumb/v7e-m+fp/hard\libm.a(lib_a-sf_nan.o)
 .ARM.attributes
                0x00000000000006f1       0x34 c:/st/stm32cubeide_1.7.0/stm32cubeide/plugins/com.st.stm32cube.ide.mcu.externaltools.gnu-tools-for-stm32.9-2020-q2-update.win32_2.0.0.202105311346/tools/bin/../lib/gcc/arm-none-eabi/9.3.1/../../../../arm-none-eabi/lib/thumb/v7e-m+fp/hard\libc_nano.a(lib_a-errno.o)
 .ARM.attributes
                0x0000000000000725       0x32 c:/st/stm32cubeide_1.7.0/stm32cubeide/plugins/com.st.stm32cube.ide.mcu.externaltools.gnu-tools-for-stm32.9-2020-q2-update.win32_2.0.0.202105311346/tools/bin/../lib/gcc/arm-none-eabi/9.3.1/../../../../arm-none-eabi/lib/thumb/v7e-m+fp/hard\libc_nano.a(lib_a-impure.o)
 .ARM.attributes
                0x0000000000000757       0x34 c:/st/stm32cubeide_1.7.0/stm32cubeide/plugins/com.st.stm32cube.ide.mcu.externaltools.gnu-tools-for-stm32.9-2020-q2-update.win32_2.0.0.202105311346/tools/bin/../lib/gcc/arm-none-eabi/9.3.1/../../../../arm-none-eabi/lib/thumb/v7e-m+fp/hard\libc_nano.a(lib_a-init.o)
 .ARM.attributes
                0x000000000000078b       0x34 c:/st/stm32cubeide_1.7.0/stm32cubeide/plugins/com.st.stm32cube.ide.mcu.externaltools.gnu-tools-for-stm32.9-2020-q2-update.win32_2.0.0.202105311346/tools/bin/../lib/gcc/arm-none-eabi/9.3.1/../../../../arm-none-eabi/lib/thumb/v7e-m+fp/hard\libc_nano.a(lib_a-memset.o)
 .ARM.attributes
                0x00000000000007bf       0x1e c:/st/stm32cubeide_1.7.0/stm32cubeide/plugins/com.st.stm32cube.ide.mcu.externaltools.gnu-tools-for-stm32.9-2020-q2-update.win32_2.0.0.202105311346/tools/bin/../lib/gcc/arm-none-eabi/9.3.1/thumb/v7e-m+fp/hard\libgcc.a(_arm_addsubdf3.o)
 .ARM.attributes
                0x00000000000007dd       0x1e c:/st/stm32cubeide_1.7.0/stm32cubeide/plugins/com.st.stm32cube.ide.mcu.externaltools.gnu-tools-for-stm32.9-2020-q2-update.win32_2.0.0.202105311346/tools/bin/../lib/gcc/arm-none-eabi/9.3.1/thumb/v7e-m+fp/hard\libgcc.a(_arm_muldivdf3.o)
 .ARM.attributes
                0x00000000000007fb       0x1e c:/st/stm32cubeide_1.7.0/stm32cubeide/plugins/com.st.stm32cube.ide.mcu.externaltools.gnu-tools-for-stm32.9-2020-q2-update.win32_2.0.0.202105311346/tools/bin/../lib/gcc/arm-none-eabi/9.3.1/thumb/v7e-m+fp/hard\libgcc.a(_arm_cmpdf2.o)
 .ARM.attributes
                0x0000000000000819       0x1e c:/st/stm32cubeide_1.7.0/stm32cubeide/plugins/com.st.stm32cube.ide.mcu.externaltools.gnu-tools-for-stm32.9-2020-q2-update.win32_2.0.0.202105311346/tools/bin/../lib/gcc/arm-none-eabi/9.3.1/thumb/v7e-m+fp/hard\libgcc.a(_arm_truncdfsf2.o)
 .ARM.attributes
                0x0000000000000837       0x1e c:/st/stm32cubeide_1.7.0/stm32cubeide/plugins/com.st.stm32cube.ide.mcu.externaltools.gnu-tools-for-stm32.9-2020-q2-update.win32_2.0.0.202105311346/tools/bin/../lib/gcc/arm-none-eabi/9.3.1/thumb/v7e-m+fp/hard\libgcc.a(_aeabi_uldivmod.o)
 .ARM.attributes
                0x0000000000000855       0x34 c:/st/stm32cubeide_1.7.0/stm32cubeide/plugins/com.st.stm32cube.ide.mcu.externaltools.gnu-tools-for-stm32.9-2020-q2-update.win32_2.0.0.202105311346/tools/bin/../lib/gcc/arm-none-eabi/9.3.1/thumb/v7e-m+fp/hard\libgcc.a(_udivmoddi4.o)
 .ARM.attributes
                0x0000000000000889       0x1e c:/st/stm32cubeide_1.7.0/stm32cubeide/plugins/com.st.stm32cube.ide.mcu.externaltools.gnu-tools-for-stm32.9-2020-q2-update.win32_2.0.0.202105311346/tools/bin/../lib/gcc/arm-none-eabi/9.3.1/thumb/v7e-m+fp/hard\libgcc.a(_dvmd_tls.o)
 .ARM.attributes
                0x00000000000008a7       0x1e c:/st/stm32cubeide_1.7.0/stm32cubeide/plugins/com.st.stm32cube.ide.mcu.externaltools.gnu-tools-for-stm32.9-2020-q2-update.win32_2.0.0.202105311346/tools/bin/../lib/gcc/arm-none-eabi/9.3.1/thumb/v7e-m+fp/hard/crtn.o
OUTPUT(stm_gyro_stable_controller.elf elf32-littlearm)
LOAD linker stubs
LOAD c:/st/stm32cubeide_1.7.0/stm32cubeide/plugins/com.st.stm32cube.ide.mcu.externaltools.gnu-tools-for-stm32.9-2020-q2-update.win32_2.0.0.202105311346/tools/bin/../lib/gcc/arm-none-eabi/9.3.1/../../../../arm-none-eabi/lib/thumb/v7e-m+fp/hard\libc.a
LOAD c:/st/stm32cubeide_1.7.0/stm32cubeide/plugins/com.st.stm32cube.ide.mcu.externaltools.gnu-tools-for-stm32.9-2020-q2-update.win32_2.0.0.202105311346/tools/bin/../lib/gcc/arm-none-eabi/9.3.1/../../../../arm-none-eabi/lib/thumb/v7e-m+fp/hard\libm.a
LOAD c:/st/stm32cubeide_1.7.0/stm32cubeide/plugins/com.st.stm32cube.ide.mcu.externaltools.gnu-tools-for-stm32.9-2020-q2-update.win32_2.0.0.202105311346/tools/bin/../lib/gcc/arm-none-eabi/9.3.1/thumb/v7e-m+fp/hard\libgcc.a

.debug_info     0x0000000000000000    0x17892
 .debug_info    0x0000000000000000     0x15dd ./Core/FusionIMU/FusionAhrs.o
 .debug_info    0x00000000000015dd      0xc02 ./Core/FusionIMU/FusionBias.o
 .debug_info    0x00000000000021df     0x1145 ./Core/ICM20948/icm20948.o
 .debug_info    0x0000000000003324      0xac8 ./Core/Src/adc.o
 .debug_info    0x0000000000003dec      0x59c ./Core/Src/dma.o
 .debug_info    0x0000000000004388      0x54c ./Core/Src/gpio.o
 .debug_info    0x00000000000048d4     0x2c80 ./Core/Src/main.o
 .debug_info    0x0000000000007554      0xa5a ./Core/Src/spi.o
 .debug_info    0x0000000000007fae      0x394 ./Core/Src/stm32f4xx_hal_msp.o
 .debug_info    0x0000000000008342      0x7a5 ./Core/Src/stm32f4xx_it.o
 .debug_info    0x0000000000008ae7      0x5a4 ./Core/Src/system_stm32f4xx.o
 .debug_info    0x000000000000908b      0xda2 ./Core/Src/tim.o
 .debug_info    0x0000000000009e2d      0xcd7 ./Core/Src/usart.o
 .debug_info    0x000000000000ab04       0x22 ./Core/Startup/startup_stm32f407vgtx.o
 .debug_info    0x000000000000ab26      0x9b2 ./Drivers/STM32F4xx_HAL_Driver/Src/stm32f4xx_hal.o
 .debug_info    0x000000000000b4d8      0xdbc ./Drivers/STM32F4xx_HAL_Driver/Src/stm32f4xx_hal_adc.o
 .debug_info    0x000000000000c294      0xed7 ./Drivers/STM32F4xx_HAL_Driver/Src/stm32f4xx_hal_cortex.o
 .debug_info    0x000000000000d16b      0x9f1 ./Drivers/STM32F4xx_HAL_Driver/Src/stm32f4xx_hal_dma.o
 .debug_info    0x000000000000db5c      0x83e ./Drivers/STM32F4xx_HAL_Driver/Src/stm32f4xx_hal_gpio.o
 .debug_info    0x000000000000e39a      0x996 ./Drivers/STM32F4xx_HAL_Driver/Src/stm32f4xx_hal_rcc.o
 .debug_info    0x000000000000ed30     0x17c0 ./Drivers/STM32F4xx_HAL_Driver/Src/stm32f4xx_hal_spi.o
 .debug_info    0x00000000000104f0     0x2c22 ./Drivers/STM32F4xx_HAL_Driver/Src/stm32f4xx_hal_tim.o
 .debug_info    0x0000000000013112     0x15a2 ./Drivers/STM32F4xx_HAL_Driver/Src/stm32f4xx_hal_tim_ex.o
 .debug_info    0x00000000000146b4     0x31de ./Drivers/STM32F4xx_HAL_Driver/Src/stm32f4xx_hal_uart.o

.debug_abbrev   0x0000000000000000     0x3292
 .debug_abbrev  0x0000000000000000      0x376 ./Core/FusionIMU/FusionAhrs.o
 .debug_abbrev  0x0000000000000376      0x255 ./Core/FusionIMU/FusionBias.o
 .debug_abbrev  0x00000000000005cb      0x2c2 ./Core/ICM20948/icm20948.o
 .debug_abbrev  0x000000000000088d      0x1bb ./Core/Src/adc.o
 .debug_abbrev  0x0000000000000a48      0x11b ./Core/Src/dma.o
 .debug_abbrev  0x0000000000000b63      0x14e ./Core/Src/gpio.o
 .debug_abbrev  0x0000000000000cb1      0x402 ./Core/Src/main.o
 .debug_abbrev  0x00000000000010b3      0x1bb ./Core/Src/spi.o
 .debug_abbrev  0x000000000000126e      0x11d ./Core/Src/stm32f4xx_hal_msp.o
 .debug_abbrev  0x000000000000138b      0x17d ./Core/Src/stm32f4xx_it.o
 .debug_abbrev  0x0000000000001508      0x145 ./Core/Src/system_stm32f4xx.o
 .debug_abbrev  0x000000000000164d      0x228 ./Core/Src/tim.o
 .debug_abbrev  0x0000000000001875      0x1d7 ./Core/Src/usart.o
 .debug_abbrev  0x0000000000001a4c       0x12 ./Core/Startup/startup_stm32f407vgtx.o
 .debug_abbrev  0x0000000000001a5e      0x1ed ./Drivers/STM32F4xx_HAL_Driver/Src/stm32f4xx_hal.o
 .debug_abbrev  0x0000000000001c4b      0x22f ./Drivers/STM32F4xx_HAL_Driver/Src/stm32f4xx_hal_adc.o
 .debug_abbrev  0x0000000000001e7a      0x33c ./Drivers/STM32F4xx_HAL_Driver/Src/stm32f4xx_hal_cortex.o
 .debug_abbrev  0x00000000000021b6      0x259 ./Drivers/STM32F4xx_HAL_Driver/Src/stm32f4xx_hal_dma.o
 .debug_abbrev  0x000000000000240f      0x1f1 ./Drivers/STM32F4xx_HAL_Driver/Src/stm32f4xx_hal_gpio.o
 .debug_abbrev  0x0000000000002600      0x275 ./Drivers/STM32F4xx_HAL_Driver/Src/stm32f4xx_hal_rcc.o
 .debug_abbrev  0x0000000000002875      0x26e ./Drivers/STM32F4xx_HAL_Driver/Src/stm32f4xx_hal_spi.o
 .debug_abbrev  0x0000000000002ae3      0x25e ./Drivers/STM32F4xx_HAL_Driver/Src/stm32f4xx_hal_tim.o
 .debug_abbrev  0x0000000000002d41      0x266 ./Drivers/STM32F4xx_HAL_Driver/Src/stm32f4xx_hal_tim_ex.o
 .debug_abbrev  0x0000000000002fa7      0x2eb ./Drivers/STM32F4xx_HAL_Driver/Src/stm32f4xx_hal_uart.o

.debug_aranges  0x0000000000000000     0x11f0
 .debug_aranges
                0x0000000000000000       0x70 ./Core/FusionIMU/FusionAhrs.o
 .debug_aranges
                0x0000000000000070       0x30 ./Core/FusionIMU/FusionBias.o
 .debug_aranges
                0x00000000000000a0      0x150 ./Core/ICM20948/icm20948.o
 .debug_aranges
                0x00000000000001f0       0x30 ./Core/Src/adc.o
 .debug_aranges
                0x0000000000000220       0x20 ./Core/Src/dma.o
 .debug_aranges
                0x0000000000000240       0x20 ./Core/Src/gpio.o
 .debug_aranges
                0x0000000000000260       0x70 ./Core/Src/main.o
 .debug_aranges
                0x00000000000002d0       0x30 ./Core/Src/spi.o
 .debug_aranges
                0x0000000000000300       0x20 ./Core/Src/stm32f4xx_hal_msp.o
 .debug_aranges
                0x0000000000000320       0x90 ./Core/Src/stm32f4xx_it.o
 .debug_aranges
                0x00000000000003b0       0x28 ./Core/Src/system_stm32f4xx.o
 .debug_aranges
                0x00000000000003d8       0x50 ./Core/Src/tim.o
 .debug_aranges
                0x0000000000000428       0x38 ./Core/Src/usart.o
 .debug_aranges
                0x0000000000000460       0x28 ./Core/Startup/startup_stm32f407vgtx.o
 .debug_aranges
                0x0000000000000488       0xf0 ./Drivers/STM32F4xx_HAL_Driver/Src/stm32f4xx_hal.o
 .debug_aranges
                0x0000000000000578       0xe8 ./Drivers/STM32F4xx_HAL_Driver/Src/stm32f4xx_hal_adc.o
 .debug_aranges
                0x0000000000000660      0x118 ./Drivers/STM32F4xx_HAL_Driver/Src/stm32f4xx_hal_cortex.o
 .debug_aranges
                0x0000000000000778       0x90 ./Drivers/STM32F4xx_HAL_Driver/Src/stm32f4xx_hal_dma.o
 .debug_aranges
                0x0000000000000808       0x58 ./Drivers/STM32F4xx_HAL_Driver/Src/stm32f4xx_hal_gpio.o
 .debug_aranges
                0x0000000000000860       0x88 ./Drivers/STM32F4xx_HAL_Driver/Src/stm32f4xx_hal_rcc.o
 .debug_aranges
                0x00000000000008e8      0x1d0 ./Drivers/STM32F4xx_HAL_Driver/Src/stm32f4xx_hal_spi.o
 .debug_aranges
                0x0000000000000ab8      0x3d0 ./Drivers/STM32F4xx_HAL_Driver/Src/stm32f4xx_hal_tim.o
 .debug_aranges
                0x0000000000000e88      0x168 ./Drivers/STM32F4xx_HAL_Driver/Src/stm32f4xx_hal_tim_ex.o
 .debug_aranges
                0x0000000000000ff0      0x200 ./Drivers/STM32F4xx_HAL_Driver/Src/stm32f4xx_hal_uart.o

.debug_ranges   0x0000000000000000     0x10a8
 .debug_ranges  0x0000000000000000       0x60 ./Core/FusionIMU/FusionAhrs.o
 .debug_ranges  0x0000000000000060       0x20 ./Core/FusionIMU/FusionBias.o
 .debug_ranges  0x0000000000000080      0x140 ./Core/ICM20948/icm20948.o
 .debug_ranges  0x00000000000001c0       0x20 ./Core/Src/adc.o
 .debug_ranges  0x00000000000001e0       0x10 ./Core/Src/dma.o
 .debug_ranges  0x00000000000001f0       0x10 ./Core/Src/gpio.o
 .debug_ranges  0x0000000000000200       0x60 ./Core/Src/main.o
 .debug_ranges  0x0000000000000260       0x20 ./Core/Src/spi.o
 .debug_ranges  0x0000000000000280       0x10 ./Core/Src/stm32f4xx_hal_msp.o
 .debug_ranges  0x0000000000000290       0x80 ./Core/Src/stm32f4xx_it.o
 .debug_ranges  0x0000000000000310       0x18 ./Core/Src/system_stm32f4xx.o
 .debug_ranges  0x0000000000000328       0x40 ./Core/Src/tim.o
 .debug_ranges  0x0000000000000368       0x28 ./Core/Src/usart.o
 .debug_ranges  0x0000000000000390       0x20 ./Core/Startup/startup_stm32f407vgtx.o
 .debug_ranges  0x00000000000003b0       0xe0 ./Drivers/STM32F4xx_HAL_Driver/Src/stm32f4xx_hal.o
 .debug_ranges  0x0000000000000490       0xd8 ./Drivers/STM32F4xx_HAL_Driver/Src/stm32f4xx_hal_adc.o
 .debug_ranges  0x0000000000000568      0x108 ./Drivers/STM32F4xx_HAL_Driver/Src/stm32f4xx_hal_cortex.o
 .debug_ranges  0x0000000000000670       0x80 ./Drivers/STM32F4xx_HAL_Driver/Src/stm32f4xx_hal_dma.o
 .debug_ranges  0x00000000000006f0       0x48 ./Drivers/STM32F4xx_HAL_Driver/Src/stm32f4xx_hal_gpio.o
 .debug_ranges  0x0000000000000738       0x78 ./Drivers/STM32F4xx_HAL_Driver/Src/stm32f4xx_hal_rcc.o
 .debug_ranges  0x00000000000007b0      0x1c0 ./Drivers/STM32F4xx_HAL_Driver/Src/stm32f4xx_hal_spi.o
 .debug_ranges  0x0000000000000970      0x3c0 ./Drivers/STM32F4xx_HAL_Driver/Src/stm32f4xx_hal_tim.o
 .debug_ranges  0x0000000000000d30      0x158 ./Drivers/STM32F4xx_HAL_Driver/Src/stm32f4xx_hal_tim_ex.o
 .debug_ranges  0x0000000000000e88      0x220 ./Drivers/STM32F4xx_HAL_Driver/Src/stm32f4xx_hal_uart.o

.debug_macro    0x0000000000000000    0x24314
 .debug_macro   0x0000000000000000      0x173 ./Core/FusionIMU/FusionAhrs.o
 .debug_macro   0x0000000000000173      0xaa8 ./Core/FusionIMU/FusionAhrs.o
 .debug_macro   0x0000000000000c1b       0x22 ./Core/FusionIMU/FusionAhrs.o
 .debug_macro   0x0000000000000c3d       0x4c ./Core/FusionIMU/FusionAhrs.o
 .debug_macro   0x0000000000000c89       0x18 ./Core/FusionIMU/FusionAhrs.o
 .debug_macro   0x0000000000000ca1       0x94 ./Core/FusionIMU/FusionAhrs.o
 .debug_macro   0x0000000000000d35       0x3c ./Core/FusionIMU/FusionAhrs.o
 .debug_macro   0x0000000000000d71       0x34 ./Core/FusionIMU/FusionAhrs.o
 .debug_macro   0x0000000000000da5      0x174 ./Core/FusionIMU/FusionAhrs.o
 .debug_macro   0x0000000000000f19       0x16 ./Core/FusionIMU/FusionAhrs.o
 .debug_macro   0x0000000000000f2f       0x43 ./Core/FusionIMU/FusionAhrs.o
 .debug_macro   0x0000000000000f72       0x57 ./Core/FusionIMU/FusionAhrs.o
 .debug_macro   0x0000000000000fc9       0x34 ./Core/FusionIMU/FusionAhrs.o
 .debug_macro   0x0000000000000ffd       0x10 ./Core/FusionIMU/FusionAhrs.o
 .debug_macro   0x000000000000100d       0x58 ./Core/FusionIMU/FusionAhrs.o
 .debug_macro   0x0000000000001065       0x71 ./Core/FusionIMU/FusionAhrs.o
 .debug_macro   0x00000000000010d6       0x1c ./Core/FusionIMU/FusionAhrs.o
 .debug_macro   0x00000000000010f2      0x12a ./Core/FusionIMU/FusionAhrs.o
 .debug_macro   0x000000000000121c      0x339 ./Core/FusionIMU/FusionAhrs.o
 .debug_macro   0x0000000000001555      0x1a9 ./Core/FusionIMU/FusionAhrs.o
 .debug_macro   0x00000000000016fe      0x103 ./Core/FusionIMU/FusionAhrs.o
 .debug_macro   0x0000000000001801       0x6a ./Core/FusionIMU/FusionAhrs.o
 .debug_macro   0x000000000000186b      0x1df ./Core/FusionIMU/FusionAhrs.o
 .debug_macro   0x0000000000001a4a       0xc4 ./Core/FusionIMU/FusionAhrs.o
 .debug_macro   0x0000000000001b0e       0x22 ./Core/FusionIMU/FusionAhrs.o
 .debug_macro   0x0000000000001b30      0x201 ./Core/FusionIMU/FusionAhrs.o
 .debug_macro   0x0000000000001d31      0x13b ./Core/FusionIMU/FusionBias.o
 .debug_macro   0x0000000000001e6c      0x231 ./Core/ICM20948/icm20948.o
 .debug_macro   0x000000000000209d      0x2a7 ./Core/ICM20948/icm20948.o
 .debug_macro   0x0000000000002344       0x2e ./Core/ICM20948/icm20948.o
 .debug_macro   0x0000000000002372       0x2f ./Core/ICM20948/icm20948.o
 .debug_macro   0x00000000000023a1       0x8e ./Core/ICM20948/icm20948.o
 .debug_macro   0x000000000000242f       0x51 ./Core/ICM20948/icm20948.o
 .debug_macro   0x0000000000002480       0x1c ./Core/ICM20948/icm20948.o
 .debug_macro   0x000000000000249c       0x22 ./Core/ICM20948/icm20948.o
 .debug_macro   0x00000000000024be       0xdf ./Core/ICM20948/icm20948.o
 .debug_macro   0x000000000000259d     0x102d ./Core/ICM20948/icm20948.o
 .debug_macro   0x00000000000035ca      0x11f ./Core/ICM20948/icm20948.o
 .debug_macro   0x00000000000036e9    0x15e58 ./Core/ICM20948/icm20948.o
 .debug_macro   0x0000000000019541       0x6d ./Core/ICM20948/icm20948.o
 .debug_macro   0x00000000000195ae     0x3666 ./Core/ICM20948/icm20948.o
 .debug_macro   0x000000000001cc14       0x5c ./Core/ICM20948/icm20948.o
 .debug_macro   0x000000000001cc70      0x96b ./Core/ICM20948/icm20948.o
 .debug_macro   0x000000000001d5db      0x9fe ./Core/ICM20948/icm20948.o
 .debug_macro   0x000000000001dfd9      0x116 ./Core/ICM20948/icm20948.o
 .debug_macro   0x000000000001e0ef      0x13e ./Core/ICM20948/icm20948.o
 .debug_macro   0x000000000001e22d       0xa5 ./Core/ICM20948/icm20948.o
 .debug_macro   0x000000000001e2d2      0x174 ./Core/ICM20948/icm20948.o
 .debug_macro   0x000000000001e446      0x287 ./Core/ICM20948/icm20948.o
 .debug_macro   0x000000000001e6cd       0x5f ./Core/ICM20948/icm20948.o
 .debug_macro   0x000000000001e72c      0x236 ./Core/ICM20948/icm20948.o
 .debug_macro   0x000000000001e962      0xb5b ./Core/ICM20948/icm20948.o
 .debug_macro   0x000000000001f4bd      0x38b ./Core/ICM20948/icm20948.o
 .debug_macro   0x000000000001f848      0x176 ./Core/ICM20948/icm20948.o
 .debug_macro   0x000000000001f9be       0xf9 ./Core/ICM20948/icm20948.o
 .debug_macro   0x000000000001fab7      0x12c ./Core/ICM20948/icm20948.o
 .debug_macro   0x000000000001fbe3      0x21e ./Core/ICM20948/icm20948.o
 .debug_macro   0x000000000001fe01       0x2e ./Core/ICM20948/icm20948.o
 .debug_macro   0x000000000001fe2f      0x11a ./Core/ICM20948/icm20948.o
 .debug_macro   0x000000000001ff49       0x7e ./Core/ICM20948/icm20948.o
 .debug_macro   0x000000000001ffc7       0x89 ./Core/ICM20948/icm20948.o
 .debug_macro   0x0000000000020050      0x225 ./Core/ICM20948/icm20948.o
 .debug_macro   0x0000000000020275      0x8d1 ./Core/ICM20948/icm20948.o
 .debug_macro   0x0000000000020b46       0x47 ./Core/ICM20948/icm20948.o
 .debug_macro   0x0000000000020b8d      0x295 ./Core/ICM20948/icm20948.o
 .debug_macro   0x0000000000020e22      0x12d ./Core/ICM20948/icm20948.o
 .debug_macro   0x0000000000020f4f      0x160 ./Core/ICM20948/icm20948.o
 .debug_macro   0x00000000000210af      0x3df ./Core/ICM20948/icm20948.o
 .debug_macro   0x000000000002148e      0x219 ./Core/Src/adc.o
 .debug_macro   0x00000000000216a7      0x219 ./Core/Src/dma.o
 .debug_macro   0x00000000000218c0      0x219 ./Core/Src/gpio.o
 .debug_macro   0x0000000000021ad9      0x3a1 ./Core/Src/main.o
 .debug_macro   0x0000000000021e7a       0x52 ./Core/Src/main.o
 .debug_macro   0x0000000000021ecc      0x333 ./Core/Src/main.o
 .debug_macro   0x00000000000221ff      0x219 ./Core/Src/spi.o
 .debug_macro   0x0000000000022418      0x20f ./Core/Src/stm32f4xx_hal_msp.o
 .debug_macro   0x0000000000022627      0x219 ./Core/Src/stm32f4xx_it.o
 .debug_macro   0x0000000000022840      0x200 ./Core/Src/system_stm32f4xx.o
 .debug_macro   0x0000000000022a40      0x219 ./Core/Src/tim.o
 .debug_macro   0x0000000000022c59      0x219 ./Core/Src/usart.o
 .debug_macro   0x0000000000022e72      0x260 ./Drivers/STM32F4xx_HAL_Driver/Src/stm32f4xx_hal.o
 .debug_macro   0x00000000000230d2      0x201 ./Drivers/STM32F4xx_HAL_Driver/Src/stm32f4xx_hal_adc.o
 .debug_macro   0x00000000000232d3      0x200 ./Drivers/STM32F4xx_HAL_Driver/Src/stm32f4xx_hal_cortex.o
 .debug_macro   0x00000000000234d3      0x206 ./Drivers/STM32F4xx_HAL_Driver/Src/stm32f4xx_hal_dma.o
 .debug_macro   0x00000000000236d9      0x206 ./Drivers/STM32F4xx_HAL_Driver/Src/stm32f4xx_hal_gpio.o
 .debug_macro   0x00000000000238df      0x224 ./Drivers/STM32F4xx_HAL_Driver/Src/stm32f4xx_hal_rcc.o
 .debug_macro   0x0000000000023b03      0x20f ./Drivers/STM32F4xx_HAL_Driver/Src/stm32f4xx_hal_spi.o
 .debug_macro   0x0000000000023d12      0x201 ./Drivers/STM32F4xx_HAL_Driver/Src/stm32f4xx_hal_tim.o
 .debug_macro   0x0000000000023f13      0x200 ./Drivers/STM32F4xx_HAL_Driver/Src/stm32f4xx_hal_tim_ex.o
 .debug_macro   0x0000000000024113      0x201 ./Drivers/STM32F4xx_HAL_Driver/Src/stm32f4xx_hal_uart.o

.debug_line     0x0000000000000000    0x166cd
 .debug_line    0x0000000000000000      0xeab ./Core/FusionIMU/FusionAhrs.o
 .debug_line    0x0000000000000eab      0x634 ./Core/FusionIMU/FusionBias.o
 .debug_line    0x00000000000014df      0xec6 ./Core/ICM20948/icm20948.o
 .debug_line    0x00000000000023a5      0x7c0 ./Core/Src/adc.o
 .debug_line    0x0000000000002b65      0x726 ./Core/Src/dma.o
 .debug_line    0x000000000000328b      0x752 ./Core/Src/gpio.o
 .debug_line    0x00000000000039dd     0x1190 ./Core/Src/main.o
 .debug_line    0x0000000000004b6d      0x796 ./Core/Src/spi.o
 .debug_line    0x0000000000005303      0x725 ./Core/Src/stm32f4xx_hal_msp.o
 .debug_line    0x0000000000005a28      0x877 ./Core/Src/stm32f4xx_it.o
 .debug_line    0x000000000000629f      0x7a6 ./Core/Src/system_stm32f4xx.o
 .debug_line    0x0000000000006a45      0x95c ./Core/Src/tim.o
 .debug_line    0x00000000000073a1      0x89c ./Core/Src/usart.o
 .debug_line    0x0000000000007c3d       0x88 ./Core/Startup/startup_stm32f407vgtx.o
 .debug_line    0x0000000000007cc5      0xa0c ./Drivers/STM32F4xx_HAL_Driver/Src/stm32f4xx_hal.o
 .debug_line    0x00000000000086d1     0x1296 ./Drivers/STM32F4xx_HAL_Driver/Src/stm32f4xx_hal_adc.o
 .debug_line    0x0000000000009967      0xcbb ./Drivers/STM32F4xx_HAL_Driver/Src/stm32f4xx_hal_cortex.o
 .debug_line    0x000000000000a622      0xf71 ./Drivers/STM32F4xx_HAL_Driver/Src/stm32f4xx_hal_dma.o