Archive member included to satisfy reference by file (symbol)

c:/st/stm32cubeide_1.7.0/stm32cubeide/plugins/com.st.stm32cube.ide.mcu.externaltools.gnu-tools-for-stm32.9-2020-q2-update.win32_2.0.0.202105311346/tools/bin/../lib/gcc/arm-none-eabi/9.3.1/../../../../arm-none-eabi/lib/thumb/v7e-m+fp/hard\libm.a(lib_a-sf_cos.o)
                              ./Core/FusionIMU/FusionAhrs.o (cosf)
c:/st/stm32cubeide_1.7.0/stm32cubeide/plugins/com.st.stm32cube.ide.mcu.externaltools.gnu-tools-for-stm32.9-2020-q2-update.win32_2.0.0.202105311346/tools/bin/../lib/gcc/arm-none-eabi/9.3.1/../../../../arm-none-eabi/lib/thumb/v7e-m+fp/hard\libm.a(lib_a-sf_sin.o)
                              ./Core/FusionIMU/FusionAhrs.o (sinf)
c:/st/stm32cubeide_1.7.0/stm32cubeide/plugins/com.st.stm32cube.ide.mcu.externaltools.gnu-tools-for-stm32.9-2020-q2-update.win32_2.0.0.202105311346/tools/bin/../lib/gcc/arm-none-eabi/9.3.1/../../../../arm-none-eabi/lib/thumb/v7e-m+fp/hard\libm.a(lib_a-wf_asin.o)
                              ./Core/Src/main.o (asinf)
c:/st/stm32cubeide_1.7.0/stm32cubeide/plugins/com.st.stm32cube.ide.mcu.externaltools.gnu-tools-for-stm32.9-2020-q2-update.win32_2.0.0.202105311346/tools/bin/../lib/gcc/arm-none-eabi/9.3.1/../../../../arm-none-eabi/lib/thumb/v7e-m+fp/hard\libm.a(lib_a-wf_atan2.o)
                              ./Core/FusionIMU/FusionAhrs.o (atan2f)
c:/st/stm32cubeide_1.7.0/stm32cubeide/plugins/com.st.stm32cube.ide.mcu.externaltools.gnu-tools-for-stm32.9-2020-q2-update.win32_2.0.0.202105311346/tools/bin/../lib/gcc/arm-none-eabi/9.3.1/../../../../arm-none-eabi/lib/thumb/v7e-m+fp/hard\libm.a(lib_a-wf_sqrt.o)
                              ./Core/FusionIMU/FusionAhrs.o (sqrtf)
c:/st/stm32cubeide_1.7.0/stm32cubeide/plugins/com.st.stm32cube.ide.mcu.externaltools.gnu-tools-for-stm32.9-2020-q2-update.win32_2.0.0.202105311346/tools/bin/../lib/gcc/arm-none-eabi/9.3.1/../../../../arm-none-eabi/lib/thumb/v7e-m+fp/hard\libm.a(lib_a-ef_asin.o)
                              c:/st/stm32cubeide_1.7.0/stm32cubeide/plugins/com.st.stm32cube.ide.mcu.externaltools.gnu-tools-for-stm32.9-2020-q2-update.win32_2.0.0.202105311346/tools/bin/../lib/gcc/arm-none-eabi/9.3.1/../../../../arm-none-eabi/lib/thumb/v7e-m+fp/hard\libm.a(lib_a-wf_asin.o) (__ieee754_asinf)
c:/st/stm32cubeide_1.7.0/stm32cubeide/plugins/com.st.stm32cube.ide.mcu.externaltools.gnu-tools-for-stm32.9-2020-q2-update.win32_2.0.0.202105311346/tools/bin/../lib/gcc/arm-none-eabi/9.3.1/../../../../arm-none-eabi/lib/thumb/v7e-m+fp/hard\libm.a(lib_a-ef_atan2.o)
                              c:/st/stm32cubeide_1.7.0/stm32cubeide/plugins/com.st.stm32cube.ide.mcu.externaltools.gnu-tools-for-stm32.9-2020-q2-update.win32_2.0.0.202105311346/tools/bin/../lib/gcc/arm-none-eabi/9.3.1/../../../../arm-none-eabi/lib/thumb/v7e-m+fp/hard\libm.a(lib_a-wf_atan2.o) (__ieee754_atan2f)
c:/st/stm32cubeide_1.7.0/stm32cubeide/plugins/com.st.stm32cube.ide.mcu.externaltools.gnu-tools-for-stm32.9-2020-q2-update.win32_2.0.0.202105311346/tools/bin/../lib/gcc/arm-none-eabi/9.3.1/../../../../arm-none-eabi/lib/thumb/v7e-m+fp/hard\libm.a(lib_a-ef_rem_pio2.o)
                              c:/st/stm32cubeide_1.7.0/stm32cubeide/plugins/com.st.stm32cube.ide.mcu.externaltools.gnu-tools-for-stm32.9-2020-q2-update.win32_2.0.0.202105311346/tools/bin/../lib/gcc/arm-none-eabi/9.3.1/../../../../arm-none-eabi/lib/thumb/v7e-m+fp/hard\libm.a(lib_a-sf_cos.o) (__ieee754_rem_pio2f)
c:/st/stm32cubeide_1.7.0/stm32cubeide/plugins/com.st.stm32cube.ide.mcu.externaltools.gnu-tools-for-stm32.9-2020-q2-update.win32_2.0.0.202105311346/tools/bin/../lib/gcc/arm-none-eabi/9.3.1/../../../../arm-none-eabi/lib/thumb/v7e-m+fp/hard\libm.a(lib_a-ef_sqrt.o)
                              c:/st/stm32cubeide_1.7.0/stm32cubeide/plugins/com.st.stm32cube.ide.mcu.externaltools.gnu-tools-for-stm32.9-2020-q2-update.win32_2.0.0.202105311346/tools/bin/../lib/gcc/arm-none-eabi/9.3.1/../../../../arm-none-eabi/lib/thumb/v7e-m+fp/hard\libm.a(lib_a-wf_sqrt.o) (__ieee754_sqrtf)
c:/st/stm32cubeide_1.7.0/stm32cubeide/plugins/com.st.stm32cube.ide.mcu.externaltools.gnu-tools-for-stm32.9-2020-q2-update.win32_2.0.0.202105311346/tools/bin/../lib/gcc/arm-none-eabi/9.3.1/../../../../arm-none-eabi/lib/thumb/v7e-m+fp/hard\libm.a(lib_a-kf_cos.o)
                              c:/st/stm32cubeide_1.7.0/stm32cubeide/plugins/com.st.stm32cube.ide.mcu.externaltools.gnu-tools-for-stm32.9-2020-q2-update.win32_2.0.0.202105311346/tools/bin/../lib/gcc/arm-none-eabi/9.3.1/../../../../arm-none-eabi/lib/thumb/v7e-m+fp/hard\libm.a(lib_a-sf_cos.o) (__kernel_cosf)
c:/st/stm32cubeide_1.7.0/stm32cubeide/plugins/com.st.stm32cube.ide.mcu.externaltools.gnu-tools-for-stm32.9-2020-q2-update.win32_2.0.0.202105311346/tools/bin/../lib/gcc/arm-none-eabi/9.3.1/../../../../arm-none-eabi/lib/thumb/v7e-m+fp/hard\libm.a(lib_a-kf_rem_pio2.o)
[...]
Memory Configuration

Name             Origin             Length             Attributes
CCMRAM           0x0000000010000000 0x0000000000010000 xrw
RAM              0x0000000020000000 0x0000000000020000 xrw
FLASH            0x0000000008000000 0x0000000000100000 xr
*default*        0x0000000000000000 0xffffffffffffffff

Linker script and memory map

LOAD c:/st/stm32cubeide_1.7.0/stm32cubeide/plugins/com.st.stm32cube.ide.mcu.externaltools.gnu-tools-for-stm32.9-2020-q2-update.win32_2.0.0.202105311346/tools/bin/../lib/gcc/arm-none-eabi/9.3.1/thumb/v7e-m+fp/hard/crti.o
LOAD c:/st/stm32cubeide_1.7.0/stm32cubeide/plugins/com.st.stm32cube.ide.mcu.externaltools.gnu-tools-for-stm32.9-2020-q2-update.win32_2.0.0.202105311346/tools/bin/../lib/gcc/arm-none-eabi/9.3.1/thumb/v7e-m+fp/hard/crtbegin.o
LOAD c:/st/stm32cubeide_1.7.0/stm32cubeide/plugins/com.st.stm32cube.ide.mcu.externaltools.gnu-tools-for-stm32.9-2020-q2-update.win32_2.0.0.202105311346/tools/bin/../lib/gcc/arm-none-eabi/9.3.1/../../../../arm-none-eabi/lib/thumb/v7e-m+fp/hard/crt0.o
LOAD ./Core/FusionIMU/FusionAhrs.o
LOAD ./Core/FusionIMU/FusionBias.o
LOAD ./Core/FusionIMU/FusionCompass.o
LOAD ./Core/ICM20948/icm20948.o
LOAD ./Core/Src/adc.o
LOAD ./Core/Src/dma.o
LOAD ./Core/Src/gpio.o
LOAD ./Core/Src/main.o
LOAD ./Core/Src/spi.o
LOAD ./Core/Src/stm32f4xx_hal_msp.o
LOAD ./Core/Src/stm32f4xx_it.o
LOAD ./Core/Src/syscalls.o
LOAD ./Core/Src/sysmem.o
LOAD ./Core/Src/system_stm32f4xx.o
LOAD ./Core/Src/tim.o
LOAD ./Core/Src/usart.o
LOAD ./Core/Startup/startup_stm32f407vgtx.o
LOAD ./Drivers/STM32F4xx_HAL_Driver/Src/stm32f4xx_hal.o
LOAD ./Drivers/STM32F4xx_HAL_Driver/Src/stm32f4xx_hal_adc.o
LOAD ./Drivers/STM32F4xx_HAL_Driver/Src/stm32f4xx_hal_adc_ex.o
LOAD ./Drivers/STM32F4xx_HAL_Driver/Src/stm32f4xx_hal_cortex.o
LOAD ./Drivers/STM32F4xx_HAL_Driver/Src/stm32f4xx_hal_dma.o
LOAD ./Drivers/STM32F4xx_HAL_Driver/Src/stm32f4xx_hal_dma_ex.o
LOAD ./Drivers/STM32F4xx_HAL_Driver/Src/stm32f4xx_hal_exti.o
LOAD ./Drivers/STM32F4xx_HAL_Driver/Src/stm32f4xx_hal_flash.o
LOAD ./Drivers/STM32F4xx_HAL_Driver/Src/stm32f4xx_hal_flash_ex.o
LOAD ./Drivers/STM32F4xx_HAL_Driver/Src/stm32f4xx_hal_flash_ramfunc.o
LOAD ./Drivers/STM32F4xx_HAL_Driver/Src/stm32f4xx_hal_gpio.o
LOAD ./Drivers/STM32F4xx_HAL_Driver/Src/stm32f4xx_hal_pwr.o
LOAD ./Drivers/STM32F4xx_HAL_Driver/Src/stm32f4xx_hal_pwr_ex.o
LOAD ./Drivers/STM32F4xx_HAL_Driver/Src/stm32f4xx_hal_rcc.o
LOAD ./Drivers/STM32F4xx_HAL_Driver/Src/stm32f4xx_hal_rcc_ex.o
LOAD ./Drivers/STM32F4xx_HAL_Driver/Src/stm32f4xx_hal_spi.o
LOAD ./Drivers/STM32F4xx_HAL_Driver/Src/stm32f4xx_hal_tim.o
LOAD ./Drivers/STM32F4xx_HAL_Driver/Src/stm32f4xx_hal_tim_ex.o
LOAD ./Drivers/STM32F4xx_HAL_Driver/Src/stm32f4xx_hal_uart.o
LOAD ./Drivers/STM32F4xx_HAL_Driver/Src/stm32f4xx_ll_adc.o
START GROUP
LOAD c:/st/stm32cubeide_1.7.0/stm32cubeide/plugins/com.st.stm32cube.ide.mcu.externaltools.gnu-tools-for-stm32.9-2020-q2-update.win32_2.0.0.202105311346/tools/bin/../lib/gcc/arm-none-eabi/9.3.1/../../../../arm-none-eabi/lib/thumb/v7e-m+fp/hard\libstdc++_nano.a
LOAD c:/st/stm32cubeide_1.7.0/stm32cubeide/plugins/com.st.stm32cube.ide.mcu.externaltools.gnu-tools-for-stm32.9-2020-q2-update.win32_2.0.0.202105311346/tools/bin/../lib/gcc/arm-none-eabi/9.3.1/../../../../arm-none-eabi/lib/thumb/v7e-m+fp/hard\libsupc++_nano.a
END GROUP
LOAD c:/st/stm32cubeide_1.7.0/stm32cubeide/plugins/com.st.stm32cube.ide.mcu.externaltools.gnu-tools-for-stm32.9-2020-q2-update.win32_2.0.0.202105311346/tools/bin/../lib/gcc/arm-none-eabi/9.3.1/../../../../arm-none-eabi/lib/thumb/v7e-m+fp/hard\libstdc++_nano.a
LOAD c:/st/stm32cubeide_1.7.0/stm32cubeide/plugins/com.st.stm32cube.ide.mcu.externaltools.gnu-tools-for-stm32.9-2020-q2-update.win32_2.0.0.202105311346/tools/bin/../lib/gcc/arm-none-eabi/9.3.1/../../../../arm-none-eabi/lib/thumb/v7e-m+fp/hard\libm.a
LOAD c:/st/stm32cubeide_1.7.0/stm32cubeide/plugins/com.st.stm32cube.ide.mcu.externaltools.gnu-tools-for-stm32.9-2020-q2-update.win32_2.0.0.202105311346/tools/bin/../lib/gcc/arm-none-eabi/9.3.1/../../../../arm-none-eabi/lib/thumb/v7e-m+fp/hard\libc_nano.a
START GROUP
LOAD c:/st/stm32cubeide_1.7.0/stm32cubeide/plugins/com.st.stm32cube.ide.mcu.externaltools.gnu-tools-for-stm32.9-2020-q2-update.win32_2.0.0.202105311346/tools/bin/../lib/gcc/arm-none-eabi/9.3.1/thumb/v7e-m+fp/hard\libgcc.a
LOAD c:/st/stm32cubeide_1.7.0/stm32cubeide/plugins/com.st.stm32cube.ide.mcu.externaltools.gnu-tools-for-stm32.9-2020-q2-update.win32_2.0.0.202105311346/tools/bin/../lib/gcc/arm-none-eabi/9.3.1/../../../../arm-none-eabi/lib/thumb/v7e-m+fp/hard\libc_nano.a
END GROUP
START GROUP
LOAD c:/st/stm32cubeide_1.7.0/stm32cubeide/plugins/com.st.stm32cube.ide.mcu.externaltools.gnu-tools-for-stm32.9-2020-q2-update.win32_2.0.0.202105311346/tools/bin/../lib/gcc/arm-none-eabi/9.3.1/thumb/v7e-m+fp/hard\libgcc.a
LOAD c:/st/stm32cubeide_1.7.0/stm32cubeide/plugins/com.st.stm32cube.ide.mcu.externaltools.gnu-tools-for-stm32.9-2020-q2-update.win32_2.0.0.202105311346/tools/bin/../lib/gcc/arm-none-eabi/9.3.1/../../../../arm-none-eabi/lib/thumb/v7e-m+fp/hard\libc_nano.a
LOAD c:/st/stm32cubeide_1.7.0/stm32cubeide/plugins/com.st.stm32cube.ide.mcu.externaltools.gnu-tools-for-stm32.9-2020-q2-update.win32_2.0.0.202105311346/tools/bin/../lib/gcc/arm-none-eabi/9.3.1/../../../../arm-none-eabi/lib/thumb/v7e-m+fp/hard\libnosys.a
END GROUP
START GROUP
LOAD c:/st/stm32cubeide_1.7.0/stm32cubeide/plugins/com.st.stm32cube.ide.mcu.externaltools.gnu-tools-for-stm32.9-2020-q2-update.win32_2.0.0.202105311346/tools/bin/../lib/gcc/arm-none-eabi/9.3.1/thumb/v7e-m+fp/hard\libgcc.a
LOAD c:/st/stm32cubeide_1.7.0/stm32cubeide/plugins/com.st.stm32cube.ide.mcu.externaltools.gnu-tools-for-stm32.9-2020-q2-update.win32_2.0.0.202105311346/tools/bin/../lib/gcc/arm-none-eabi/9.3.1/../../../../arm-none-eabi/lib/thumb/v7e-m+fp/hard\libc_nano.a
LOAD c:/st/stm32cubeide_1.7.0/stm32cubeide/plugins/com.st.stm32cube.ide.mcu.externaltools.gnu-tools-for-stm32.9-2020-q2-update.win32_2.0.0.202105311346/tools/bin/../lib/gcc/arm-none-eabi/9.3.1/../../../../arm-none-eabi/lib/thumb/v7e-m+fp/hard\libnosys.a
END GROUP
LOAD c:/st/stm32cubeide_1.7.0/stm32cubeide/plugins/com.st.stm32cube.ide.mcu.externaltools.gnu-tools-for-stm32.9-2020-q2-update.win32_2.0.0.202105311346/tools/bin/../lib/gcc/arm-none-eabi/9.3.1/thumb/v7e-m+fp/hard/crtend.o
LOAD c:/st/stm32cubeide_1.7.0/stm32cubeide/plugins/com.st.stm32cube.ide.mcu.externaltools.gnu-tools-for-stm32.9-2020-q2-update.win32_2.0.0.202105311346/tools/bin/../lib/gcc/arm-none-eabi/9.3.1/thumb/v7e-m+fp/hard/crtn.o
                0x0000000020020000                _estack = (ORIGIN (RAM) + LENGTH (RAM))
                0x0000000000000200                _Min_Heap_Size = 0x200
                0x0000000000000400                _Min_Stack_Size = 0x400

.isr_vector     0x0000000008000000      0x188
                0x0000000008000000                . = ALIGN (0x4)
 *(.isr_vector)
 .isr_vector    0x0000000008000000      0x188 ./Core/Startup/startup_stm32f407vgtx.o
                0x0000000008000000                g_pfnVectors
                0x0000000008000188                . = ALIGN (0x4)

.text           0x0000000008000188     0xb110
                0x0000000008000188                . = ALIGN (0x4)
 *(.text)
 .text          0x0000000008000188       0x40 c:/st/stm32cubeide_1.7.0/stm32cubeide/plugins/com.st.stm32cube.ide.mcu.externaltools.gnu-tools-for-stm32.9-2020-q2-update.win32_2.0.0.202105311346/tools/bin/../lib/gcc/arm-none-eabi/9.3.1/thumb/v7e-m+fp/hard/crtbegin.o
 .text          0x00000000080001c8      0x378 c:/st/stm32cubeide_1.7.0/stm32cubeide/plugins/com.st.stm32cube.ide.mcu.externaltools.gnu-tools-for-stm32.9-2020-q2-update.win32_2.0.0.202105311346/tools/bin/../lib/gcc/arm-none-eabi/9.3.1/thumb/v7e-m+fp/hard\libgcc.a(_arm_addsubdf3.o)
                0x00000000080001c8                __aeabi_drsub
                0x00000000080001d0                __aeabi_dsub
                0x00000000080001d0                __subdf3
                0x00000000080001d4                __aeabi_dadd
                0x00000000080001d4                __adddf3
                0x000000000800044c                __floatunsidf
                0x000000000800044c                __aeabi_ui2d
                0x000000000800046c                __floatsidf
                0x000000000800046c                __aeabi_i2d
                0x0000000008000490                __aeabi_f2d
                0x0000000008000490                __extendsfdf2
                0x00000000080004d4                __floatundidf
                0x00000000080004d4                __aeabi_ul2d
                0x00000000080004e4                __floatdidf
                0x00000000080004e4                __aeabi_l2d
 .text          0x0000000008000540      0x424 c:/st/stm32cubeide_1.7.0/stm32cubeide/plugins/com.st.stm32cube.ide.mcu.externaltools.gnu-tools-for-stm32.9-2020-q2-update.win32_2.0.0.202105311346/tools/bin/../lib/gcc/arm-none-eabi/9.3.1/thumb/v7e-m+fp/hard\libgcc.a(_arm_muldivdf3.o)
                0x0000000008000540                __aeabi_dmul
                0x0000000008000540                __muldf3
                0x0000000008000794                __divdf3
                0x0000000008000794                __aeabi_ddiv
 .text          0x0000000008000964      0x110 c:/st/stm32cubeide_1.7.0/stm32cubeide/plugins/com.st.stm32cube.ide.mcu.externaltools.gnu-tools-for-stm32.9-2020-q2-update.win32_2.0.0.202105311346/tools/bin/../lib/gcc/arm-none-eabi/9.3.1/thumb/v7e-m+fp/hard\libgcc.a(_arm_cmpdf2.o)
                0x0000000008000964                __gtdf2
                0x0000000008000964                __gedf2
                0x000000000800096c                __ltdf2
                0x000000000800096c                __ledf2
                0x0000000008000974                __nedf2
                0x0000000008000974                __eqdf2
                0x0000000008000974                __cmpdf2
                0x00000000080009f0                __aeabi_cdrcmple
                0x0000000008000a00                __aeabi_cdcmpeq
                0x0000000008000a00                __aeabi_cdcmple
                0x0000000008000a10                __aeabi_dcmpeq
                0x0000000008000a24                __aeabi_dcmplt
                0x0000000008000a38                __aeabi_dcmple
                0x0000000008000a4c                __aeabi_dcmpge
                0x0000000008000a60                __aeabi_dcmpgt
 .text          0x0000000008000a74       0x50 c:/st/stm32cubeide_1.7.0/stm32cubeide/plugins/com.st.stm32cube.ide.mcu.externaltools.gnu-tools-for-stm32.9-2020-q2-update.win32_2.0.0.202105311346/tools/bin/../lib/gcc/arm-none-eabi/9.3.1/thumb/v7e-m+fp/hard\libgcc.a(_arm_fixdfsi.o)
                0x0000000008000a74                __aeabi_d2iz
                0x0000000008000a74                __fixdfsi
 .text          0x0000000008000ac4       0xa0 c:/st/stm32cubeide_1.7.0/stm32cubeide/plugins/com.st.stm32cube.ide.mcu.externaltools.gnu-tools-for-stm32.9-2020-q2-update.win32_2.0.0.202105311346/tools/bin/../lib/gcc/arm-none-eabi/9.3.1/thumb/v7e-m+fp/hard\libgcc.a(_arm_truncdfsf2.o)
                0x0000000008000ac4                __truncdfsf2
                0x0000000008000ac4                __aeabi_d2f
 .text          0x0000000008000b64       0x30 c:/st/stm32cubeide_1.7.0/stm32cubeide/plugins/com.st.stm32cube.ide.mcu.externaltools.gnu-tools-for-stm32.9-2020-q2-update.win32_2.0.0.202105311346/tools/bin/../lib/gcc/arm-none-eabi/9.3.1/thumb/v7e-m+fp/hard\libgcc.a(_aeabi_uldivmod.o)
                0x0000000008000b64                __aeabi_uldivmod
 .text          0x0000000008000b94      0x2c4 c:/st/stm32cubeide_1.7.0/stm32cubeide/plugins/com.st.stm32cube.ide.mcu.externaltools.gnu-tools-for-stm32.9-2020-q2-update.win32_2.0.0.202105311346/tools/bin/../lib/gcc/arm-none-eabi/9.3.1/thumb/v7e-m+fp/hard\libgcc.a(_udivmoddi4.o)
                0x0000000008000b94                __udivmoddi4
 .text          0x0000000008000e58        0x4 c:/st/stm32cubeide_1.7.0/stm32cubeide/plugins/com.st.stm32cube.ide.mcu.externaltools.gnu-tools-for-stm32.9-2020-q2-update.win32_2.0.0.202105311346/tools/bin/../lib/gcc/arm-none-eabi/9.3.1/thumb/v7e-m+fp/hard\libgcc.a(_dvmd_tls.o)
                0x0000000008000e58                __aeabi_idiv0
                0x0000000008000e58                __aeabi_ldiv0
 *(.text*)
 .text.FusionAhrsInitialise
                0x0000000008000e5c       0x7c ./Core/FusionIMU/FusionAhrs.o
                0x0000000008000e5c                FusionAhrsInitialise
 .text.FusionAhrsUpdate
                0x0000000008000ed8     0x1110 ./Core/FusionIMU/FusionAhrs.o
                0x0000000008000ed8                FusionAhrsUpdate
 .text.FusionAhrsUpdateWithoutMagnetometer
                0x0000000008001fe8       0xd4 ./Core/FusionIMU/FusionAhrs.o
                0x0000000008001fe8                FusionAhrsUpdateWithoutMagnetometer
 .text.FusionAhrsGetQuaternion
                0x00000000080020bc       0x8a ./Core/FusionIMU/FusionAhrs.o
                0x00000000080020bc                FusionAhrsGetQuaternion
 .text.FusionAhrsIsInitialising
                0x0000000008002146       0x30 ./Core/FusionIMU/FusionAhrs.o
                0x0000000008002146                FusionAhrsIsInitialising
 *fill*         0x0000000008002176        0x2 
 .text.FusionAhrsSetYaw
                0x0000000008002178      0x2e8 ./Core/FusionIMU/FusionAhrs.o
                0x0000000008002178                FusionAhrsSetYaw
 .text.FusionBiasInitialise
                0x0000000008002460       0x78 ./Core/FusionIMU/FusionBias.o
                0x0000000008002460                FusionBiasInitialise
 .text.FusionBiasUpdate
                0x00000000080024d8      0x234 ./Core/FusionIMU/FusionBias.o
                0x00000000080024d8                FusionBiasUpdate
 .text.cs_high  0x000000000800270c       0x18 ./Core/ICM20948/icm20948.o
 .text.cs_low   0x0000000008002724       0x18 ./Core/ICM20948/icm20948.o
 .text.select_user_bank
                0x000000000800273c       0x34 ./Core/ICM20948/icm20948.o
 .text.read_single_icm20948_reg
                0x0000000008002770       0x58 ./Core/ICM20948/icm20948.o
 .text.write_single_icm20948_reg
                0x00000000080027c8       0x48 ./Core/ICM20948/icm20948.o
 .text.read_multiple_icm20948_reg
                0x0000000008002810       0x60 ./Core/ICM20948/icm20948.o
 .text.write_multiple_icm20948_reg
                0x0000000008002870       0x58 ./Core/ICM20948/icm20948.o
 .text.write_single_ak09916_reg
                0x00000000080028c8       0x44 ./Core/ICM20948/icm20948.o
 .text.icm20948_init
                0x000000000800290c       0x4a ./Core/ICM20948/icm20948.o
                0x000000000800290c                icm20948_init
 .text.icm20948_gyro_read
                0x0000000008002956       0x86 ./Core/ICM20948/icm20948.o
                0x0000000008002956                icm20948_gyro_read
 .text.icm20948_accel_read
                0x00000000080029dc       0x86 ./Core/ICM20948/icm20948.o
                0x00000000080029dc                icm20948_accel_read
 *fill*         0x0000000008002a62        0x2 
 .text.icm20948_gyro_read_dps
                0x0000000008002a64       0x5c ./Core/ICM20948/icm20948.o
                0x0000000008002a64                icm20948_gyro_read_dps
 .text.icm20948_accel_read_g
                0x0000000008002ac0       0x70 ./Core/ICM20948/icm20948.o
                0x0000000008002ac0                icm20948_accel_read_g
 .text.icm20948_device_reset
                0x0000000008002b30       0x18 ./Core/ICM20948/icm20948.o
                0x0000000008002b30                icm20948_device_reset
 .text.icm20948_wakeup
                0x0000000008002b48       0x34 ./Core/ICM20948/icm20948.o
                0x0000000008002b48                icm20948_wakeup
 .text.icm20948_spi_slave_enable
                0x0000000008002b7c       0x2e ./Core/ICM20948/icm20948.o
                0x0000000008002b7c                icm20948_spi_slave_enable
 .text.icm20948_i2c_master_reset
                0x0000000008002baa       0x2e ./Core/ICM20948/icm20948.o
                0x0000000008002baa                icm20948_i2c_master_reset
 .text.icm20948_i2c_master_enable
                0x0000000008002bd8       0x34 ./Core/ICM20948/icm20948.o
                0x0000000008002bd8                icm20948_i2c_master_enable
 .text.icm20948_i2c_master_clk_frq
                0x0000000008002c0c       0x32 ./Core/ICM20948/icm20948.o
                0x0000000008002c0c                icm20948_i2c_master_clk_frq
 .text.icm20948_clock_source
                0x0000000008002c3e       0x32 ./Core/ICM20948/icm20948.o
                0x0000000008002c3e                icm20948_clock_source
 .text.icm20948_odr_align_enable
                0x0000000008002c70       0x12 ./Core/ICM20948/icm20948.o
                0x0000000008002c70                icm20948_odr_align_enable
 .text.icm20948_gyro_low_pass_filter
                0x0000000008002c82       0x3a ./Core/ICM20948/icm20948.o
                0x0000000008002c82                icm20948_gyro_low_pass_filter
 .text.icm20948_accel_low_pass_filter
                0x0000000008002cbc       0x3a ./Core/ICM20948/icm20948.o
                0x0000000008002cbc                icm20948_accel_low_pass_filter
 .text.icm20948_gyro_sample_rate_divider
                0x0000000008002cf6       0x1e ./Core/ICM20948/icm20948.o
                0x0000000008002cf6                icm20948_gyro_sample_rate_divider
 .text.icm20948_accel_sample_rate_divider
                0x0000000008002d14       0x3c ./Core/ICM20948/icm20948.o
                0x0000000008002d14                icm20948_accel_sample_rate_divider
 .text.icm20948_gyro_calibration
                0x0000000008002d50      0x138 ./Core/ICM20948/icm20948.o
                0x0000000008002d50                icm20948_gyro_calibration
 .text.icm20948_accel_calibration
                0x0000000008002e88      0x21c ./Core/ICM20948/icm20948.o
                0x0000000008002e88                icm20948_accel_calibration
 .text.icm20948_gyro_full_scale_select
                0x00000000080030a4       0x94 ./Core/ICM20948/icm20948.o
                0x00000000080030a4                icm20948_gyro_full_scale_select
 .text.icm20948_accel_full_scale_select
                0x0000000008003138       0x8c ./Core/ICM20948/icm20948.o
                0x0000000008003138                icm20948_accel_full_scale_select
 .text.ak09916_init
                0x00000000080031c4       0x20 ./Core/ICM20948/icm20948.o
                0x00000000080031c4                ak09916_init
 .text.ak09916_soft_reset
                0x00000000080031e4       0x16 ./Core/ICM20948/icm20948.o
                0x00000000080031e4                ak09916_soft_reset
 .text.ak09916_operation_mode_setting
                0x00000000080031fa       0x22 ./Core/ICM20948/icm20948.o
                0x00000000080031fa                ak09916_operation_mode_setting
 .text.MX_ADC1_Init
                0x000000000800321c       0xa4 ./Core/Src/adc.o
                0x000000000800321c                MX_ADC1_Init
 .text.HAL_ADC_MspInit
                0x00000000080032c0       0xf8 ./Core/Src/adc.o
                0x00000000080032c0                HAL_ADC_MspInit
 .text.MX_DMA_Init
                0x00000000080033b8       0x70 ./Core/Src/dma.o
                0x00000000080033b8                MX_DMA_Init
 .text.MX_GPIO_Init
                0x0000000008003428      0x14c ./Core/Src/gpio.o
                0x0000000008003428                MX_GPIO_Init
 .text.HAL_UART_RxCpltCallback
                0x0000000008003574      0x1f8 ./Core/Src/main.o
                0x0000000008003574                HAL_UART_RxCpltCallback
 .text.HallActualize
                0x000000000800376c       0x68 ./Core/Src/main.o
                0x000000000800376c                HallActualize
 .text.IMU_INIT
                0x00000000080037d4       0x88 ./Core/Src/main.o
                0x00000000080037d4                IMU_INIT
 .text.IMU_UPDATE
                0x000000000800385c      0x83c ./Core/Src/main.o
                0x000000000800385c                IMU_UPDATE
 .text.SERIAL_CONTROL_LOOP
                0x0000000008004098       0x48 ./Core/Src/main.o
                0x0000000008004098                SERIAL_CONTROL_LOOP
 .text.BALANCE_Prepare
                0x00000000080040e0      0x218 ./Core/Src/main.o
                0x00000000080040e0                BALANCE_Prepare
 .text.BALANCE_Calculate_Speeds
                0x00000000080042f8      0x260 ./Core/Src/main.o
                0x00000000080042f8                BALANCE_Calculate_Speeds
 .text.BALANCE_Speed_LinearControl
                0x0000000008004558      0x360 ./Core/Src/main.o
                0x0000000008004558                BALANCE_Speed_LinearControl
 .text.BALANCE_Position_Angular_Control
                0x00000000080048b8      0x14c ./Core/Src/main.o
                0x00000000080048b8                BALANCE_Position_Angular_Control
 *fill*         0x0000000008004a04        0x4 
 .text.BALANCE_LOOP
                0x0000000008004a08      0x178 ./Core/Src/main.o
                0x0000000008004a08                BALANCE_LOOP
 .text.BALANCE_Result_Loop
                0x0000000008004b80      0x188 ./Core/Src/main.o
                0x0000000008004b80                BALANCE_Result_Loop
 .text.Interpolation
                0x0000000008004d08       0x72 ./Core/Src/main.o
                0x0000000008004d08                Interpolation
 *fill*         0x0000000008004d7a        0x6 
 .text.main     0x0000000008004d80      0x308 ./Core/Src/main.o
                0x0000000008004d80                main
 .text.SystemClock_Config
                0x0000000008005088       0xd4 ./Core/Src/main.o
                0x0000000008005088                SystemClock_Config
 .text.Error_Handler
                0x000000000800515c        0xa ./Core/Src/main.o
                0x000000000800515c                Error_Handler
 *fill*         0x0000000008005166        0x2 
 .text.MX_SPI2_Init
                0x0000000008005168       0x6c ./Core/Src/spi.o
                0x0000000008005168                MX_SPI2_Init
 .text.HAL_SPI_MspInit
                0x00000000080051d4       0x90 ./Core/Src/spi.o
                0x00000000080051d4                HAL_SPI_MspInit
 .text.HAL_MspInit
                0x0000000008005264       0x50 ./Core/Src/stm32f4xx_hal_msp.o
                0x0000000008005264                HAL_MspInit
 .text.NMI_Handler
                0x00000000080052b4        0x6 ./Core/Src/stm32f4xx_it.o
                0x00000000080052b4                NMI_Handler
 .text.HardFault_Handler
                0x00000000080052ba        0x6 ./Core/Src/stm32f4xx_it.o
                0x00000000080052ba                HardFault_Handler
 .text.MemManage_Handler
                0x00000000080052c0        0x6 ./Core/Src/stm32f4xx_it.o
                0x00000000080052c0                MemManage_Handler
 .text.BusFault_Handler
                0x00000000080052c6        0x6 ./Core/Src/stm32f4xx_it.o
                0x00000000080052c6                BusFault_Handler
 .text.UsageFault_Handler
                0x00000000080052cc        0x6 ./Core/Src/stm32f4xx_it.o
                0x00000000080052cc                UsageFault_Handler
 .text.SVC_Handler
                0x00000000080052d2        0xe ./Core/Src/stm32f4xx_it.o
                0x00000000080052d2                SVC_Handler
 .text.DebugMon_Handler
                0x00000000080052e0        0xe ./Core/Src/stm32f4xx_it.o
                0x00000000080052e0                DebugMon_Handler
 .text.PendSV_Handler
                0x00000000080052ee        0xe ./Core/Src/stm32f4xx_it.o
                0x00000000080052ee                PendSV_Handler
 .text.SysTick_Handler
                0x00000000080052fc        0xc ./Core/Src/stm32f4xx_it.o
                0x00000000080052fc                SysTick_Handler
 .text.DMA1_Stream2_IRQHandler
                0x0000000008005308       0x14 ./Core/Src/stm32f4xx_it.o
                0x0000000008005308                DMA1_Stream2_IRQHandler
 .text.DMA1_Stream4_IRQHandler
                0x000000000800531c       0x14 ./Core/Src/stm32f4xx_it.o
                0x000000000800531c                DMA1_Stream4_IRQHandler
 .text.DMA1_Stream5_IRQHandler
                0x0000000008005330       0x14 ./Core/Src/stm32f4xx_it.o
                0x0000000008005330                DMA1_Stream5_IRQHandler
 .text.DMA1_Stream6_IRQHandler
                0x0000000008005344       0x14 ./Core/Src/stm32f4xx_it.o
                0x0000000008005344                DMA1_Stream6_IRQHandler
 .text.USART2_IRQHandler
                0x0000000008005358       0x14 ./Core/Src/stm32f4xx_it.o
                0x0000000008005358                USART2_IRQHandler
 .text.UART4_IRQHandler
                0x000000000800536c       0x14 ./Core/Src/stm32f4xx_it.o
                0x000000000800536c                UART4_IRQHandler
 .text.SystemInit
                0x0000000008005380       0x24 ./Core/Src/system_stm32f4xx.o
                0x0000000008005380                SystemInit
 .text.MX_TIM2_Init
                0x00000000080053a4      0x12c ./Core/Src/tim.o
                0x00000000080053a4                MX_TIM2_Init
 .text.MX_TIM6_Init
                0x00000000080054d0       0x6c ./Core/Src/tim.o
                0x00000000080054d0                MX_TIM6_Init
 .text.MX_TIM7_Init
                0x000000000800553c       0x6c ./Core/Src/tim.o
                0x000000000800553c                MX_TIM7_Init
 .text.MX_TIM14_Init
                0x00000000080055a8       0x9c ./Core/Src/tim.o
                0x00000000080055a8                MX_TIM14_Init
 .text.HAL_TIM_Base_MspInit
                0x0000000008005644       0xc4 ./Core/Src/tim.o
                0x0000000008005644                HAL_TIM_Base_MspInit
 .text.HAL_TIM_MspPostInit
                0x0000000008005708      0x100 ./Core/Src/tim.o
                0x0000000008005708                HAL_TIM_MspPostInit
 .text.MX_UART4_Init
                0x0000000008005808       0x54 ./Core/Src/usart.o
                0x0000000008005808                MX_UART4_Init
 .text.MX_USART2_UART_Init
                0x000000000800585c       0x54 ./Core/Src/usart.o
                0x000000000800585c                MX_USART2_UART_Init
 .text.HAL_UART_MspInit
                0x00000000080058b0      0x2b8 ./Core/Src/usart.o
                0x00000000080058b0                HAL_UART_MspInit
 .text.Reset_Handler
                0x0000000008005b68       0x50 ./Core/Startup/startup_stm32f407vgtx.o
                0x0000000008005b68                Reset_Handler
 .text.Default_Handler
                0x0000000008005bb8        0x2 ./Core/Startup/startup_stm32f407vgtx.o
                0x0000000008005bb8                RTC_Alarm_IRQHandler
                0x0000000008005bb8                HASH_RNG_IRQHandler
                0x0000000008005bb8                EXTI2_IRQHandler
                0x0000000008005bb8                TIM8_CC_IRQHandler
                0x0000000008005bb8                TIM1_CC_IRQHandler
                0x0000000008005bb8                DMA2_Stream5_IRQHandler
                0x0000000008005bb8                PVD_IRQHandler
                0x0000000008005bb8                SDIO_IRQHandler
                0x0000000008005bb8                TAMP_STAMP_IRQHandler
                0x0000000008005bb8                CAN2_RX1_IRQHandler
                0x0000000008005bb8                EXTI3_IRQHandler
                0x0000000008005bb8                TIM8_TRG_COM_TIM14_IRQHandler
                0x0000000008005bb8                TIM1_UP_TIM10_IRQHandler
                0x0000000008005bb8                TIM8_UP_TIM13_IRQHandler
                0x0000000008005bb8                I2C3_ER_IRQHandler
                0x0000000008005bb8                EXTI0_IRQHandler
                0x0000000008005bb8                I2C2_EV_IRQHandler
                0x0000000008005bb8                CAN1_RX0_IRQHandler
                0x0000000008005bb8                FPU_IRQHandler
                0x0000000008005bb8                OTG_HS_WKUP_IRQHandler
                0x0000000008005bb8                CAN2_SCE_IRQHandler
                0x0000000008005bb8                DMA2_Stream2_IRQHandler
                0x0000000008005bb8                SPI1_IRQHandler
                0x0000000008005bb8                TIM6_DAC_IRQHandler
                0x0000000008005bb8                TIM1_BRK_TIM9_IRQHandler
                0x0000000008005bb8                DCMI_IRQHandler
                0x0000000008005bb8                CAN2_RX0_IRQHandler
                0x0000000008005bb8                DMA2_Stream3_IRQHandler
                0x0000000008005bb8                USART6_IRQHandler
                0x0000000008005bb8                USART3_IRQHandler
                0x0000000008005bb8                CAN1_RX1_IRQHandler
                0x0000000008005bb8                UART5_IRQHandler
                0x0000000008005bb8                DMA2_Stream0_IRQHandler
                0x0000000008005bb8                TIM4_IRQHandler
                0x0000000008005bb8                I2C1_EV_IRQHandler
                0x0000000008005bb8                DMA1_Stream1_IRQHandler
                0x0000000008005bb8                TIM3_IRQHandler
                0x0000000008005bb8                RCC_IRQHandler
                0x0000000008005bb8                TIM8_BRK_TIM12_IRQHandler
                0x0000000008005bb8                Default_Handler
                0x0000000008005bb8                EXTI15_10_IRQHandler
                0x0000000008005bb8                ADC_IRQHandler
                0x0000000008005bb8                DMA1_Stream7_IRQHandler
                0x0000000008005bb8                TIM7_IRQHandler
                0x0000000008005bb8                CAN2_TX_IRQHandler
                0x0000000008005bb8                TIM5_IRQHandler
                0x0000000008005bb8                DMA2_Stream7_IRQHandler
                0x0000000008005bb8                I2C3_EV_IRQHandler
                0x0000000008005bb8                EXTI9_5_IRQHandler
                0x0000000008005bb8                RTC_WKUP_IRQHandler
                0x0000000008005bb8                ETH_WKUP_IRQHandler
                0x0000000008005bb8                SPI2_IRQHandler
                0x0000000008005bb8                OTG_HS_EP1_IN_IRQHandler
                0x0000000008005bb8                DMA1_Stream0_IRQHandler
                0x0000000008005bb8                CAN1_TX_IRQHandler
                0x0000000008005bb8                EXTI4_IRQHandler
                0x0000000008005bb8                FSMC_IRQHandler
                0x0000000008005bb8                ETH_IRQHandler
                0x0000000008005bb8                OTG_HS_EP1_OUT_IRQHandler
                0x0000000008005bb8                WWDG_IRQHandler
                0x0000000008005bb8                TIM2_IRQHandler
                0x0000000008005bb8                OTG_FS_WKUP_IRQHandler
                0x0000000008005bb8                TIM1_TRG_COM_TIM11_IRQHandler
                0x0000000008005bb8                OTG_HS_IRQHandler
                0x0000000008005bb8                EXTI1_IRQHandler
                0x0000000008005bb8                I2C2_ER_IRQHandler
                0x0000000008005bb8                DMA2_Stream1_IRQHandler
                0x0000000008005bb8                CAN1_SCE_IRQHandler
                0x0000000008005bb8                FLASH_IRQHandler
                0x0000000008005bb8                DMA2_Stream4_IRQHandler
                0x0000000008005bb8                USART1_IRQHandler
                0x0000000008005bb8                OTG_FS_IRQHandler
                0x0000000008005bb8                SPI3_IRQHandler
                0x0000000008005bb8                I2C1_ER_IRQHandler
                0x0000000008005bb8                DMA2_Stream6_IRQHandler
                0x0000000008005bb8                DMA1_Stream3_IRQHandler
 *fill*         0x0000000008005bba        0x2 
 .text.HAL_Init
                0x0000000008005bbc       0x44 ./Drivers/STM32F4xx_HAL_Driver/Src/stm32f4xx_hal.o
                0x0000000008005bbc                HAL_Init
 .text.HAL_InitTick
                0x0000000008005c00       0x60 ./Drivers/STM32F4xx_HAL_Driver/Src/stm32f4xx_hal.o
                0x0000000008005c00                HAL_InitTick
 .text.HAL_IncTick
                0x0000000008005c60       0x28 ./Drivers/STM32F4xx_HAL_Driver/Src/stm32f4xx_hal.o
                0x0000000008005c60                HAL_IncTick
 .text.HAL_GetTick
                0x0000000008005c88       0x18 ./Drivers/STM32F4xx_HAL_Driver/Src/stm32f4xx_hal.o
                0x0000000008005c88                HAL_GetTick
 .text.HAL_Delay
                0x0000000008005ca0       0x48 ./Drivers/STM32F4xx_HAL_Driver/Src/stm32f4xx_hal.o
                0x0000000008005ca0                HAL_Delay
 .text.HAL_ADC_Init
                0x0000000008005ce8       0x86 ./Drivers/STM32F4xx_HAL_Driver/Src/stm32f4xx_hal_adc.o
                0x0000000008005ce8                HAL_ADC_Init
 *fill*         0x0000000008005d6e        0x2 
 .text.HAL_ADC_ConfigChannel
                0x0000000008005d70      0x244 ./Drivers/STM32F4xx_HAL_Driver/Src/stm32f4xx_hal_adc.o
                0x0000000008005d70                HAL_ADC_ConfigChannel
 .text.ADC_Init
                0x0000000008005fb4      0x1f8 ./Drivers/STM32F4xx_HAL_Driver/Src/stm32f4xx_hal_adc.o
 .text.__NVIC_SetPriorityGrouping
                0x00000000080061ac       0x48 ./Drivers/STM32F4xx_HAL_Driver/Src/stm32f4xx_hal_cortex.o
 .text.__NVIC_GetPriorityGrouping
                0x00000000080061f4       0x1c ./Drivers/STM32F4xx_HAL_Driver/Src/stm32f4xx_hal_cortex.o
 .text.__NVIC_EnableIRQ
                0x0000000008006210       0x3c ./Drivers/STM32F4xx_HAL_Driver/Src/stm32f4xx_hal_cortex.o
 .text.__NVIC_SetPriority
                0x000000000800624c       0x54 ./Drivers/STM32F4xx_HAL_Driver/Src/stm32f4xx_hal_cortex.o
 .text.NVIC_EncodePriority
                0x00000000080062a0       0x66 ./Drivers/STM32F4xx_HAL_Driver/Src/stm32f4xx_hal_cortex.o
 *fill*         0x0000000008006306        0x2 
 .text.SysTick_Config
                0x0000000008006308       0x44 ./Drivers/STM32F4xx_HAL_Driver/Src/stm32f4xx_hal_cortex.o
 .text.HAL_NVIC_SetPriorityGrouping
                0x000000000800634c       0x16 ./Drivers/STM32F4xx_HAL_Driver/Src/stm32f4xx_hal_cortex.o
                0x000000000800634c                HAL_NVIC_SetPriorityGrouping
 .text.HAL_NVIC_SetPriority
                0x0000000008006362       0x38 ./Drivers/STM32F4xx_HAL_Driver/Src/stm32f4xx_hal_cortex.o
                0x0000000008006362                HAL_NVIC_SetPriority
 .text.HAL_NVIC_EnableIRQ
                0x000000000800639a       0x1c ./Drivers/STM32F4xx_HAL_Driver/Src/stm32f4xx_hal_cortex.o
                0x000000000800639a                HAL_NVIC_EnableIRQ
 .text.HAL_SYSTICK_Config
                0x00000000080063b6       0x18 ./Drivers/STM32F4xx_HAL_Driver/Src/stm32f4xx_hal_cortex.o
                0x00000000080063b6                HAL_SYSTICK_Config
 *fill*         0x00000000080063ce        0x2 
 .text.HAL_DMA_Init
                0x00000000080063d0      0x15c ./Drivers/STM32F4xx_HAL_Driver/Src/stm32f4xx_hal_dma.o
                0x00000000080063d0                HAL_DMA_Init
 .text.HAL_DMA_Start_IT
                0x000000000800652c       0xb0 ./Drivers/STM32F4xx_HAL_Driver/Src/stm32f4xx_hal_dma.o
                0x000000000800652c                HAL_DMA_Start_IT
 .text.HAL_DMA_Abort
                0x00000000080065dc       0xe0 ./Drivers/STM32F4xx_HAL_Driver/Src/stm32f4xx_hal_dma.o
                0x00000000080065dc                HAL_DMA_Abort
 .text.HAL_DMA_Abort_IT
                0x00000000080066bc       0x44 ./Drivers/STM32F4xx_HAL_Driver/Src/stm32f4xx_hal_dma.o
                0x00000000080066bc                HAL_DMA_Abort_IT
 .text.HAL_DMA_IRQHandler
                0x0000000008006700      0x314 ./Drivers/STM32F4xx_HAL_Driver/Src/stm32f4xx_hal_dma.o
                0x0000000008006700                HAL_DMA_IRQHandler
 .text.DMA_SetConfig
                0x0000000008006a14       0x5c ./Drivers/STM32F4xx_HAL_Driver/Src/stm32f4xx_hal_dma.o
 .text.DMA_CalcBaseAndBitshift
                0x0000000008006a70       0x6c ./Drivers/STM32F4xx_HAL_Driver/Src/stm32f4xx_hal_dma.o
 .text.DMA_CheckFifoParam
                0x0000000008006adc       0xf8 ./Drivers/STM32F4xx_HAL_Driver/Src/stm32f4xx_hal_dma.o
 .text.HAL_GPIO_Init
                0x0000000008006bd4      0x338 ./Drivers/STM32F4xx_HAL_Driver/Src/stm32f4xx_hal_gpio.o
                0x0000000008006bd4                HAL_GPIO_Init
 .text.HAL_GPIO_WritePin
                0x0000000008006f0c       0x32 ./Drivers/STM32F4xx_HAL_Driver/Src/stm32f4xx_hal_gpio.o
                0x0000000008006f0c                HAL_GPIO_WritePin
 .text.HAL_GPIO_TogglePin
                0x0000000008006f3e       0x34 ./Drivers/STM32F4xx_HAL_Driver/Src/stm32f4xx_hal_gpio.o
                0x0000000008006f3e                HAL_GPIO_TogglePin
 *fill*         0x0000000008006f72        0x2 
 .text.HAL_RCC_OscConfig
                0x0000000008006f74      0x4f0 ./Drivers/STM32F4xx_HAL_Driver/Src/stm32f4xx_hal_rcc.o
                0x0000000008006f74                HAL_RCC_OscConfig
 .text.HAL_RCC_ClockConfig
                0x0000000008007464      0x1cc ./Drivers/STM32F4xx_HAL_Driver/Src/stm32f4xx_hal_rcc.o
                0x0000000008007464                HAL_RCC_ClockConfig
 .text.HAL_RCC_GetSysClockFreq
                0x0000000008007630      0x1c4 ./Drivers/STM32F4xx_HAL_Driver/Src/stm32f4xx_hal_rcc.o
                0x0000000008007630                HAL_RCC_GetSysClockFreq
 .text.HAL_RCC_GetHCLKFreq
                0x00000000080077f4       0x18 ./Drivers/STM32F4xx_HAL_Driver/Src/stm32f4xx_hal_rcc.o
                0x00000000080077f4                HAL_RCC_GetHCLKFreq
 .text.HAL_RCC_GetPCLK1Freq
                0x000000000800780c       0x28 ./Drivers/STM32F4xx_HAL_Driver/Src/stm32f4xx_hal_rcc.o
                0x000000000800780c                HAL_RCC_GetPCLK1Freq
 .text.HAL_RCC_GetPCLK2Freq
                0x0000000008007834       0x28 ./Drivers/STM32F4xx_HAL_Driver/Src/stm32f4xx_hal_rcc.o
                0x0000000008007834                HAL_RCC_GetPCLK2Freq
 .text.HAL_SPI_Init
                0x000000000800785c      0x112 ./Drivers/STM32F4xx_HAL_Driver/Src/stm32f4xx_hal_spi.o
                0x000000000800785c                HAL_SPI_Init
 .text.HAL_SPI_Transmit
                0x000000000800796e      0x278 ./Drivers/STM32F4xx_HAL_Driver/Src/stm32f4xx_hal_spi.o
                0x000000000800796e                HAL_SPI_Transmit
 .text.HAL_SPI_Receive
                0x0000000008007be6      0x222 ./Drivers/STM32F4xx_HAL_Driver/Src/stm32f4xx_hal_spi.o
                0x0000000008007be6                HAL_SPI_Receive
 .text.HAL_SPI_TransmitReceive
                0x0000000008007e08      0x344 ./Drivers/STM32F4xx_HAL_Driver/Src/stm32f4xx_hal_spi.o
                0x0000000008007e08                HAL_SPI_TransmitReceive
 .text.SPI_WaitFlagStateUntilTimeout
                0x000000000800814c      0x110 ./Drivers/STM32F4xx_HAL_Driver/Src/stm32f4xx_hal_spi.o
 .text.SPI_EndRxTransaction
                0x000000000800825c       0xca ./Drivers/STM32F4xx_HAL_Driver/Src/stm32f4xx_hal_spi.o
 *fill*         0x0000000008008326        0x2 
 .text.SPI_EndRxTxTransaction
                0x0000000008008328       0x84 ./Drivers/STM32F4xx_HAL_Driver/Src/stm32f4xx_hal_spi.o
 .text.HAL_TIM_Base_Init
                0x00000000080083ac       0x9e ./Drivers/STM32F4xx_HAL_Driver/Src/stm32f4xx_hal_tim.o
                0x00000000080083ac                HAL_TIM_Base_Init
 .text.HAL_TIM_PWM_Init
                0x000000000800844a       0x9e ./Drivers/STM32F4xx_HAL_Driver/Src/stm32f4xx_hal_tim.o
                0x000000000800844a                HAL_TIM_PWM_Init
 .text.HAL_TIM_PWM_MspInit
                0x00000000080084e8       0x14 ./Drivers/STM32F4xx_HAL_Driver/Src/stm32f4xx_hal_tim.o
                0x00000000080084e8                HAL_TIM_PWM_MspInit
 .text.HAL_TIM_PWM_ConfigChannel
                0x00000000080084fc      0x184 ./Drivers/STM32F4xx_HAL_Driver/Src/stm32f4xx_hal_tim.o
                0x00000000080084fc                HAL_TIM_PWM_ConfigChannel
 .text.HAL_TIM_ConfigClockSource
                0x0000000008008680      0x18e ./Drivers/STM32F4xx_HAL_Driver/Src/stm32f4xx_hal_tim.o
                0x0000000008008680                HAL_TIM_ConfigClockSource
 *fill*         0x000000000800880e        0x2 
 .text.TIM_Base_SetConfig
                0x0000000008008810      0x140 ./Drivers/STM32F4xx_HAL_Driver/Src/stm32f4xx_hal_tim.o
                0x0000000008008810                TIM_Base_SetConfig
 .text.TIM_OC1_SetConfig
                0x0000000008008950       0xe0 ./Drivers/STM32F4xx_HAL_Driver/Src/stm32f4xx_hal_tim.o
 .text.TIM_OC2_SetConfig
                0x0000000008008a30       0xec ./Drivers/STM32F4xx_HAL_Driver/Src/stm32f4xx_hal_tim.o
                0x0000000008008a30                TIM_OC2_SetConfig
 .text.TIM_OC3_SetConfig
                0x0000000008008b1c       0xe8 ./Drivers/STM32F4xx_HAL_Driver/Src/stm32f4xx_hal_tim.o
 .text.TIM_OC4_SetConfig
                0x0000000008008c04       0xac ./Drivers/STM32F4xx_HAL_Driver/Src/stm32f4xx_hal_tim.o
 .text.TIM_TI1_ConfigInputStage
                0x0000000008008cb0       0x5e ./Drivers/STM32F4xx_HAL_Driver/Src/stm32f4xx_hal_tim.o
 .text.TIM_TI2_ConfigInputStage
                0x0000000008008d0e       0x60 ./Drivers/STM32F4xx_HAL_Driver/Src/stm32f4xx_hal_tim.o
 .text.TIM_ITRx_SetConfig
                0x0000000008008d6e       0x36 ./Drivers/STM32F4xx_HAL_Driver/Src/stm32f4xx_hal_tim.o
 .text.TIM_ETR_SetConfig
                0x0000000008008da4       0x40 ./Drivers/STM32F4xx_HAL_Driver/Src/stm32f4xx_hal_tim.o
                0x0000000008008da4                TIM_ETR_SetConfig
 .text.HAL_TIMEx_MasterConfigSynchronization
                0x0000000008008de4       0xf8 ./Drivers/STM32F4xx_HAL_Driver/Src/stm32f4xx_hal_tim_ex.o
                0x0000000008008de4                HAL_TIMEx_MasterConfigSynchronization
 .text.HAL_UART_Init
                0x0000000008008edc       0x9a ./Drivers/STM32F4xx_HAL_Driver/Src/stm32f4xx_hal_uart.o
                0x0000000008008edc                HAL_UART_Init
 *fill*         0x0000000008008f76        0x2 
 .text.HAL_UART_Transmit_DMA
                0x0000000008008f78       0xfc ./Drivers/STM32F4xx_HAL_Driver/Src/stm32f4xx_hal_uart.o
                0x0000000008008f78                HAL_UART_Transmit_DMA
 .text.HAL_UART_Receive_DMA
                0x0000000008009074       0x60 ./Drivers/STM32F4xx_HAL_Driver/Src/stm32f4xx_hal_uart.o
                0x0000000008009074                HAL_UART_Receive_DMA
 .text.HAL_UART_IRQHandler
                0x00000000080090d4      0x51c ./Drivers/STM32F4xx_HAL_Driver/Src/stm32f4xx_hal_uart.o
                0x00000000080090d4                HAL_UART_IRQHandler
 .text.HAL_UART_TxCpltCallback
                0x00000000080095f0       0x14 ./Drivers/STM32F4xx_HAL_Driver/Src/stm32f4xx_hal_uart.o
                0x00000000080095f0                HAL_UART_TxCpltCallback
 .text.HAL_UART_TxHalfCpltCallback
                0x0000000008009604       0x14 ./Drivers/STM32F4xx_HAL_Driver/Src/stm32f4xx_hal_uart.o
                0x0000000008009604                HAL_UART_TxHalfCpltCallback
 .text.HAL_UART_RxHalfCpltCallback
                0x0000000008009618       0x14 ./Drivers/STM32F4xx_HAL_Driver/Src/stm32f4xx_hal_uart.o
                0x0000000008009618                HAL_UART_RxHalfCpltCallback
 .text.HAL_UART_ErrorCallback
                0x000000000800962c       0x14 ./Drivers/STM32F4xx_HAL_Driver/Src/stm32f4xx_hal_uart.o
                0x000000000800962c                HAL_UART_ErrorCallback
 .text.HAL_UARTEx_RxEventCallback
                0x0000000008009640       0x18 ./Drivers/STM32F4xx_HAL_Driver/Src/stm32f4xx_hal_uart.o
                0x0000000008009640                HAL_UARTEx_RxEventCallback
 .text.UART_DMATransmitCplt
                0x0000000008009658       0x9a ./Drivers/STM32F4xx_HAL_Driver/Src/stm32f4xx_hal_uart.o
 .text.UART_DMATxHalfCplt
                0x00000000080096f2       0x1c ./Drivers/STM32F4xx_HAL_Driver/Src/stm32f4xx_hal_uart.o
 .text.UART_DMAReceiveCplt
                0x000000000800970e      0x126 ./Drivers/STM32F4xx_HAL_Driver/Src/stm32f4xx_hal_uart.o
 .text.UART_DMARxHalfCplt
                0x0000000008009834       0x36 ./Drivers/STM32F4xx_HAL_Driver/Src/stm32f4xx_hal_uart.o
 .text.UART_DMAError
                0x000000000800986a       0x94 ./Drivers/STM32F4xx_HAL_Driver/Src/stm32f4xx_hal_uart.o
 *fill*         0x00000000080098fe        0x2 
 .text.UART_Start_Receive_DMA
                0x0000000008009900      0x134 ./Drivers/STM32F4xx_HAL_Driver/Src/stm32f4xx_hal_uart.o
                0x0000000008009900                UART_Start_Receive_DMA
 .text.UART_EndTxTransfer
                0x0000000008009a34       0x50 ./Drivers/STM32F4xx_HAL_Driver/Src/stm32f4xx_hal_uart.o
 .text.UART_EndRxTransfer
                0x0000000008009a84       0xc6 ./Drivers/STM32F4xx_HAL_Driver/Src/stm32f4xx_hal_uart.o
 .text.UART_DMAAbortOnError
                0x0000000008009b4a       0x28 ./Drivers/STM32F4xx_HAL_Driver/Src/stm32f4xx_hal_uart.o
 .text.UART_Transmit_IT
                0x0000000008009b72       0xa0 ./Drivers/STM32F4xx_HAL_Driver/Src/stm32f4xx_hal_uart.o
 .text.UART_EndTransmit_IT
                0x0000000008009c12       0x30 ./Drivers/STM32F4xx_HAL_Driver/Src/stm32f4xx_hal_uart.o
 .text.UART_Receive_IT
                0x0000000008009c42      0x176 ./Drivers/STM32F4xx_HAL_Driver/Src/stm32f4xx_hal_uart.o
 .text.UART_SetConfig
                0x0000000008009db8      0x390 ./Drivers/STM32F4xx_HAL_Driver/Src/stm32f4xx_hal_uart.o
 .text.cosf     0x000000000800a148       0x80 c:/st/stm32cubeide_1.7.0/stm32cubeide/plugins/com.st.stm32cube.ide.mcu.externaltools.gnu-tools-for-stm32.9-2020-q2-update.win32_2.0.0.202105311346/tools/bin/../lib/gcc/arm-none-eabi/9.3.1/../../../../arm-none-eabi/lib/thumb/v7e-m+fp/hard\libm.a(lib_a-sf_cos.o)
                0x000000000800a148                cosf
 .text.sinf     0x000000000800a1c8       0x84 c:/st/stm32cubeide_1.7.0/stm32cubeide/plugins/com.st.stm32cube.ide.mcu.externaltools.gnu-tools-for-stm32.9-2020-q2-update.win32_2.0.0.202105311346/tools/bin/../lib/gcc/arm-none-eabi/9.3.1/../../../../arm-none-eabi/lib/thumb/v7e-m+fp/hard\libm.a(lib_a-sf_sin.o)
                0x000000000800a1c8                sinf
 .text.asinf    0x000000000800a24c       0x64 c:/st/stm32cubeide_1.7.0/stm32cubeide/plugins/com.st.stm32cube.ide.mcu.externaltools.gnu-tools-for-stm32.9-2020-q2-update.win32_2.0.0.202105311346/tools/bin/../lib/gcc/arm-none-eabi/9.3.1/../../../../arm-none-eabi/lib/thumb/v7e-m+fp/hard\libm.a(lib_a-wf_asin.o)
                0x000000000800a24c                asinf
 .text.atan2f   0x000000000800a2b0        0x4 c:/st/stm32cubeide_1.7.0/stm32cubeide/plugins/com.st.stm32cube.ide.mcu.externaltools.gnu-tools-for-stm32.9-2020-q2-update.win32_2.0.0.202105311346/tools/bin/../lib/gcc/arm-none-eabi/9.3.1/../../../../arm-none-eabi/lib/thumb/v7e-m+fp/hard\libm.a(lib_a-wf_atan2.o)
                0x000000000800a2b0                atan2f
 .text.sqrtf    0x000000000800a2b4       0x4c c:/st/stm32cubeide_1.7.0/stm32cubeide/plugins/com.st.stm32cube.ide.mcu.externaltools.gnu-tools-for-stm32.9-2020-q2-update.win32_2.0.0.202105311346/tools/bin/../lib/gcc/arm-none-eabi/9.3.1/../../../../arm-none-eabi/lib/thumb/v7e-m+fp/hard\libm.a(lib_a-wf_sqrt.o)
                0x000000000800a2b4                sqrtf
 .text.__ieee754_asinf
                0x000000000800a300      0x1cc c:/st/stm32cubeide_1.7.0/stm32cubeide/plugins/com.st.stm32cube.ide.mcu.externaltools.gnu-tools-for-stm32.9-2020-q2-update.win32_2.0.0.202105311346/tools/bin/../lib/gcc/arm-none-eabi/9.3.1/../../../../arm-none-eabi/lib/thumb/v7e-m+fp/hard\libm.a(lib_a-ef_asin.o)
                0x000000000800a300                __ieee754_asinf
 .text.__ieee754_atan2f
                0x000000000800a4cc      0x140 c:/st/stm32cubeide_1.7.0/stm32cubeide/plugins/com.st.stm32cube.ide.mcu.externaltools.gnu-tools-for-stm32.9-2020-q2-update.win32_2.0.0.202105311346/tools/bin/../lib/gcc/arm-none-eabi/9.3.1/../../../../arm-none-eabi/lib/thumb/v7e-m+fp/hard\libm.a(lib_a-ef_atan2.o)
                0x000000000800a4cc                __ieee754_atan2f
 .text.__ieee754_rem_pio2f
                0x000000000800a60c      0x278 c:/st/stm32cubeide_1.7.0/stm32cubeide/plugins/com.st.stm32cube.ide.mcu.externaltools.gnu-tools-for-stm32.9-2020-q2-update.win32_2.0.0.202105311346/tools/bin/../lib/gcc/arm-none-eabi/9.3.1/../../../../arm-none-eabi/lib/thumb/v7e-m+fp/hard\libm.a(lib_a-ef_rem_pio2.o)
                0x000000000800a60c                __ieee754_rem_pio2f
 .text.__ieee754_sqrtf
                0x000000000800a884        0x6 c:/st/stm32cubeide_1.7.0/stm32cubeide/plugins/com.st.stm32cube.ide.mcu.externaltools.gnu-tools-for-stm32.9-2020-q2-update.win32_2.0.0.202105311346/tools/bin/../lib/gcc/arm-none-eabi/9.3.1/../../../../arm-none-eabi/lib/thumb/v7e-m+fp/hard\libm.a(lib_a-ef_sqrt.o)
                0x000000000800a884                __ieee754_sqrtf
 *fill*         0x000000000800a88a        0x2 
 .text.__kernel_cosf
                0x000000000800a88c       0xc0 c:/st/stm32cubeide_1.7.0/stm32cubeide/plugins/com.st.stm32cube.ide.mcu.externaltools.gnu-tools-for-stm32.9-2020-q2-update.win32_2.0.0.202105311346/tools/bin/../lib/gcc/arm-none-eabi/9.3.1/../../../../arm-none-eabi/lib/thumb/v7e-m+fp/hard\libm.a(lib_a-kf_cos.o)
                0x000000000800a88c                __kernel_cosf
 .text.__kernel_rem_pio2f
                0x000000000800a94c      0x514 c:/st/stm32cubeide_1.7.0/stm32cubeide/plugins/com.st.stm32cube.ide.mcu.externaltools.gnu-tools-for-stm32.9-2020-q2-update.win32_2.0.0.202105311346/tools/bin/../lib/gcc/arm-none-eabi/9.3.1/../../../../arm-none-eabi/lib/thumb/v7e-m+fp/hard\libm.a(lib_a-kf_rem_pio2.o)
                0x000000000800a94c                __kernel_rem_pio2f
 .text.__kernel_sinf
                0x000000000800ae60       0x90 c:/st/stm32cubeide_1.7.0/stm32cubeide/plugins/com.st.stm32cube.ide.mcu.externaltools.gnu-tools-for-stm32.9-2020-q2-update.win32_2.0.0.202105311346/tools/bin/../lib/gcc/arm-none-eabi/9.3.1/../../../../arm-none-eabi/lib/thumb/v7e-m+fp/hard\libm.a(lib_a-kf_sin.o)
                0x000000000800ae60                __kernel_sinf
 .text.atanf    0x000000000800aef0      0x1a8 c:/st/stm32cubeide_1.7.0/stm32cubeide/plugins/com.st.stm32cube.ide.mcu.externaltools.gnu-tools-for-stm32.9-2020-q2-update.win32_2.0.0.202105311346/tools/bin/../lib/gcc/arm-none-eabi/9.3.1/../../../../arm-none-eabi/lib/thumb/v7e-m+fp/hard\libm.a(lib_a-sf_atan.o)
                0x000000000800aef0                atanf
 .text.fabsf    0x000000000800b098        0xe c:/st/stm32cubeide_1.7.0/stm32cubeide/plugins/com.st.stm32cube.ide.mcu.externaltools.gnu-tools-for-stm32.9-2020-q2-update.win32_2.0.0.202105311346/tools/bin/../lib/gcc/arm-none-eabi/9.3.1/../../../../arm-none-eabi/lib/thumb/v7e-m+fp/hard\libm.a(lib_a-sf_fabs.o)
                0x000000000800b098                fabsf
 *fill*         0x000000000800b0a6        0x2 
 .text.floorf   0x000000000800b0a8       0x84 c:/st/stm32cubeide_1.7.0/stm32cubeide/plugins/com.st.stm32cube.ide.mcu.externaltools.gnu-tools-for-stm32.9-2020-q2-update.win32_2.0.0.202105311346/tools/bin/../lib/gcc/arm-none-eabi/9.3.1/../../../../arm-none-eabi/lib/thumb/v7e-m+fp/hard\libm.a(lib_a-sf_floor.o)
                0x000000000800b0a8                floorf
 .text.nanf     0x000000000800b12c        0xc c:/st/stm32cubeide_1.7.0/stm32cubeide/plugins/com.st.stm32cube.ide.mcu.externaltools.gnu-tools-for-stm32.9-2020-q2-update.win32_2.0.0.202105311346/tools/bin/../lib/gcc/arm-none-eabi/9.3.1/../../../../arm-none-eabi/lib/thumb/v7e-m+fp/hard\libm.a(lib_a-sf_nan.o)
                0x000000000800b12c                nanf
 .text.scalbnf  0x000000000800b138       0xe4 c:/st/stm32cubeide_1.7.0/stm32cubeide/plugins/com.st.stm32cube.ide.mcu.externaltools.gnu-tools-for-stm32.9-2020-q2-update.win32_2.0.0.202105311346/tools/bin/../lib/gcc/arm-none-eabi/9.3.1/../../../../arm-none-eabi/lib/thumb/v7e-m+fp/hard\libm.a(lib_a-sf_scalbn.o)
                0x000000000800b138                scalbnf
 .text.__errno  0x000000000800b21c        0xc c:/st/stm32cubeide_1.7.0/stm32cubeide/plugins/com.st.stm32cube.ide.mcu.externaltools.gnu-tools-for-stm32.9-2020-q2-update.win32_2.0.0.202105311346/tools/bin/../lib/gcc/arm-none-eabi/9.3.1/../../../../arm-none-eabi/lib/thumb/v7e-m+fp/hard\libc_nano.a(lib_a-errno.o)
                0x000000000800b21c                __errno
 .text.__libc_init_array
                0x000000000800b228       0x48 c:/st/stm32cubeide_1.7.0/stm32cubeide/plugins/com.st.stm32cube.ide.mcu.externaltools.gnu-tools-for-stm32.9-2020-q2-update.win32_2.0.0.202105311346/tools/bin/../lib/gcc/arm-none-eabi/9.3.1/../../../../arm-none-eabi/lib/thumb/v7e-m+fp/hard\libc_nano.a(lib_a-init.o)
                0x000000000800b228                __libc_init_array
 .text.memset   0x000000000800b270       0x10 c:/st/stm32cubeide_1.7.0/stm32cubeide/plugins/com.st.stm32cube.ide.mcu.externaltools.gnu-tools-for-stm32.9-2020-q2-update.win32_2.0.0.202105311346/tools/bin/../lib/gcc/arm-none-eabi/9.3.1/../../../../arm-none-eabi/lib/thumb/v7e-m+fp/hard\libc_nano.a(lib_a-memset.o)
                0x000000000800b270                memset
 *(.glue_7)
 .glue_7        0x000000000800b280        0x0 linker stubs
 *(.glue_7t)
 .glue_7t       0x000000000800b280        0x0 linker stubs
 *(.eh_frame)
 .eh_frame      0x000000000800b280        0x0 c:/st/stm32cubeide_1.7.0/stm32cubeide/plugins/com.st.stm32cube.ide.mcu.externaltools.gnu-tools-for-stm32.9-2020-q2-update.win32_2.0.0.202105311346/tools/bin/../lib/gcc/arm-none-eabi/9.3.1/thumb/v7e-m+fp/hard/crtbegin.o
 *(.init)
 .init          0x000000000800b280        0x4 c:/st/stm32cubeide_1.7.0/stm32cubeide/plugins/com.st.stm32cube.ide.mcu.externaltools.gnu-tools-for-stm32.9-2020-q2-update.win32_2.0.0.202105311346/tools/bin/../lib/gcc/arm-none-eabi/9.3.1/thumb/v7e-m+fp/hard/crti.o
                0x000000000800b280                _init
 .init          0x000000000800b284        0x8 c:/st/stm32cubeide_1.7.0/stm32cubeide/plugins/com.st.stm32cube.ide.mcu.externaltools.gnu-tools-for-stm32.9-2020-q2-update.win32_2.0.0.202105311346/tools/bin/../lib/gcc/arm-none-eabi/9.3.1/thumb/v7e-m+fp/hard/crtn.o
 *(.fini)
 .fini          0x000000000800b28c        0x4 c:/st/stm32cubeide_1.7.0/stm32cubeide/plugins/com.st.stm32cube.ide.mcu.externaltools.gnu-tools-for-stm32.9-2020-q2-update.win32_2.0.0.202105311346/tools/bin/../lib/gcc/arm-none-eabi/9.3.1/thumb/v7e-m+fp/hard/crti.o
                0x000000000800b28c                _fini
 .fini          0x000000000800b290        0x8 c:/st/stm32cubeide_1.7.0/stm32cubeide/plugins/com.st.stm32cube.ide.mcu.externaltools.gnu-tools-for-stm32.9-2020-q2-update.win32_2.0.0.202105311346/tools/bin/../lib/gcc/arm-none-eabi/9.3.1/thumb/v7e-m+fp/hard/crtn.o
                0x000000000800b298                . = ALIGN (0x4)
                0x000000000800b298                _etext = .

.vfp11_veneer   0x000000000800b298        0x0
 .vfp11_veneer  0x000000000800b298        0x0 linker stubs

.v4_bx          0x000000000800b298        0x0
 .v4_bx         0x000000000800b298        0x0 linker stubs

.iplt           0x000000000800b298        0x0
 .iplt          0x000000000800b298        0x0 c:/st/stm32cubeide_1.7.0/stm32cubeide/plugins/com.st.stm32cube.ide.mcu.externaltools.gnu-tools-for-stm32.9-2020-q2-update.win32_2.0.0.202105311346/tools/bin/../lib/gcc/arm-none-eabi/9.3.1/thumb/v7e-m+fp/hard/crtbegin.o

.rodata         0x000000000800b298      0x454
                0x000000000800b298                . = ALIGN (0x4)
 *(.rodata)
 .rodata        0x000000000800b298        0x3 ./Core/ICM20948/icm20948.o
 *fill*         0x000000000800b29b        0x1 
 .rodata        0x000000000800b29c       0x24 ./Core/Src/main.o
 *(.rodata*)
 .rodata.AHBPrescTable
                0x000000000800b2c0       0x10 ./Core/Src/system_stm32f4xx.o
                0x000000000800b2c0                AHBPrescTable
 .rodata.APBPrescTable
                0x000000000800b2d0        0x8 ./Core/Src/system_stm32f4xx.o
                0x000000000800b2d0                APBPrescTable
 .rodata.flagBitshiftOffset.8947
                0x000000000800b2d8        0x8 ./Drivers/STM32F4xx_HAL_Driver/Src/stm32f4xx_hal_dma.o
 .rodata.asinf.str1.1
                0x000000000800b2e0        0x1 c:/st/stm32cubeide_1.7.0/stm32cubeide/plugins/com.st.stm32cube.ide.mcu.externaltools.gnu-tools-for-stm32.9-2020-q2-update.win32_2.0.0.202105311346/tools/bin/../lib/gcc/arm-none-eabi/9.3.1/../../../../arm-none-eabi/lib/thumb/v7e-m+fp/hard\libm.a(lib_a-wf_asin.o)
 *fill*         0x000000000800b2e1        0x3 
 .rodata.CSWTCH.8
                0x000000000800b2e4        0xc c:/st/stm32cubeide_1.7.0/stm32cubeide/plugins/com.st.stm32cube.ide.mcu.externaltools.gnu-tools-for-stm32.9-2020-q2-update.win32_2.0.0.202105311346/tools/bin/../lib/gcc/arm-none-eabi/9.3.1/../../../../arm-none-eabi/lib/thumb/v7e-m+fp/hard\libm.a(lib_a-ef_atan2.o)
 .rodata.CSWTCH.9
                0x000000000800b2f0        0xc c:/st/stm32cubeide_1.7.0/stm32cubeide/plugins/com.st.stm32cube.ide.mcu.externaltools.gnu-tools-for-stm32.9-2020-q2-update.win32_2.0.0.202105311346/tools/bin/../lib/gcc/arm-none-eabi/9.3.1/../../../../arm-none-eabi/lib/thumb/v7e-m+fp/hard\libm.a(lib_a-ef_atan2.o)
 .rodata.npio2_hw
                0x000000000800b2fc       0x80 c:/st/stm32cubeide_1.7.0/stm32cubeide/plugins/com.st.stm32cube.ide.mcu.externaltools.gnu-tools-for-stm32.9-2020-q2-update.win32_2.0.0.202105311346/tools/bin/../lib/gcc/arm-none-eabi/9.3.1/../../../../arm-none-eabi/lib/thumb/v7e-m+fp/hard\libm.a(lib_a-ef_rem_pio2.o)
 .rodata.two_over_pi
                0x000000000800b37c      0x318 c:/st/stm32cubeide_1.7.0/stm32cubeide/plugins/com.st.stm32cube.ide.mcu.externaltools.gnu-tools-for-stm32.9-2020-q2-update.win32_2.0.0.202105311346/tools/bin/../lib/gcc/arm-none-eabi/9.3.1/../../../../arm-none-eabi/lib/thumb/v7e-m+fp/hard\libm.a(lib_a-ef_rem_pio2.o)
 .rodata.PIo2   0x000000000800b694       0x2c c:/st/stm32cubeide_1.7.0/stm32cubeide/plugins/com.st.stm32cube.ide.mcu.externaltools.gnu-tools-for-stm32.9-2020-q2-update.win32_2.0.0.202105311346/tools/bin/../lib/gcc/arm-none-eabi/9.3.1/../../../../arm-none-eabi/lib/thumb/v7e-m+fp/hard\libm.a(lib_a-kf_rem_pio2.o)
 .rodata.init_jk
                0x000000000800b6c0        0xc c:/st/stm32cubeide_1.7.0/stm32cubeide/plugins/com.st.stm32cube.ide.mcu.externaltools.gnu-tools-for-stm32.9-2020-q2-update.win32_2.0.0.202105311346/tools/bin/../lib/gcc/arm-none-eabi/9.3.1/../../../../arm-none-eabi/lib/thumb/v7e-m+fp/hard\libm.a(lib_a-kf_rem_pio2.o)
 .rodata.atanhi
                0x000000000800b6cc       0x10 c:/st/stm32cubeide_1.7.0/stm32cubeide/plugins/com.st.stm32cube.ide.mcu.externaltools.gnu-tools-for-stm32.9-2020-q2-update.win32_2.0.0.202105311346/tools/bin/../lib/gcc/arm-none-eabi/9.3.1/../../../../arm-none-eabi/lib/thumb/v7e-m+fp/hard\libm.a(lib_a-sf_atan.o)
 .rodata.atanlo
                0x000000000800b6dc       0x10 c:/st/stm32cubeide_1.7.0/stm32cubeide/plugins/com.st.stm32cube.ide.mcu.externaltools.gnu-tools-for-stm32.9-2020-q2-update.win32_2.0.0.202105311346/tools/bin/../lib/gcc/arm-none-eabi/9.3.1/../../../../arm-none-eabi/lib/thumb/v7e-m+fp/hard\libm.a(lib_a-sf_atan.o)
                0x000000000800b6ec                . = ALIGN (0x4)

.ARM.extab      0x000000000800b6ec        0x0
                0x000000000800b6ec                . = ALIGN (0x4)
 *(.ARM.extab* .gnu.linkonce.armextab.*)
                0x000000000800b6ec                . = ALIGN (0x4)

.ARM            0x000000000800b6ec        0x8
                0x000000000800b6ec                . = ALIGN (0x4)
                0x000000000800b6ec                __exidx_start = .
 *(.ARM.exidx*)
 .ARM.exidx     0x000000000800b6ec        0x8 c:/st/stm32cubeide_1.7.0/stm32cubeide/plugins/com.st.stm32cube.ide.mcu.externaltools.gnu-tools-for-stm32.9-2020-q2-update.win32_2.0.0.202105311346/tools/bin/../lib/gcc/arm-none-eabi/9.3.1/thumb/v7e-m+fp/hard\libgcc.a(_udivmoddi4.o)
                0x000000000800b6f4                __exidx_end = .
                0x000000000800b6f4                . = ALIGN (0x4)

.rel.dyn        0x000000000800b6f4        0x0
 .rel.iplt      0x000000000800b6f4        0x0 c:/st/stm32cubeide_1.7.0/stm32cubeide/plugins/com.st.stm32cube.ide.mcu.externaltools.gnu-tools-for-stm32.9-2020-q2-update.win32_2.0.0.202105311346/tools/bin/../lib/gcc/arm-none-eabi/9.3.1/thumb/v7e-m+fp/hard/crtbegin.o

.preinit_array  0x000000000800b6f4        0x0
                0x000000000800b6f4                . = ALIGN (0x4)
                0x000000000800b6f4                PROVIDE (__preinit_array_start = .)
 *(.preinit_array*)
                0x000000000800b6f4                PROVIDE (__preinit_array_end = .)
                0x000000000800b6f4                . = ALIGN (0x4)

.init_array     0x000000000800b6f4        0x4
                0x000000000800b6f4                . = ALIGN (0x4)
                0x000000000800b6f4                PROVIDE (__init_array_start = .)
 *(SORT_BY_NAME(.init_array.*))
 *(.init_array*)
 .init_array    0x000000000800b6f4        0x4 c:/st/stm32cubeide_1.7.0/stm32cubeide/plugins/com.st.stm32cube.ide.mcu.externaltools.gnu-tools-for-stm32.9-2020-q2-update.win32_2.0.0.202105311346/tools/bin/../lib/gcc/arm-none-eabi/9.3.1/thumb/v7e-m+fp/hard/crtbegin.o
                0x000000000800b6f8                PROVIDE (__init_array_end = .)
                0x000000000800b6f8                . = ALIGN (0x4)

.fini_array     0x000000000800b6f8        0x4
                0x000000000800b6f8                . = ALIGN (0x4)
                [!provide]                        PROVIDE (__fini_array_start = .)
 *(SORT_BY_NAME(.fini_array.*))
 *(.fini_array*)
 .fini_array    0x000000000800b6f8        0x4 c:/st/stm32cubeide_1.7.0/stm32cubeide/plugins/com.st.stm32cube.ide.mcu.externaltools.gnu-tools-for-stm32.9-2020-q2-update.win32_2.0.0.202105311346/tools/bin/../lib/gcc/arm-none-eabi/9.3.1/thumb/v7e-m+fp/hard/crtbegin.o
                [!provide]                        PROVIDE (__fini_array_end = .)
                0x000000000800b6fc                . = ALIGN (0x4)
                0x000000000800b6fc                _sidata = LOADADDR (.data)

.data           0x0000000020000000       0xa0 load address 0x000000000800b6fc
                0x0000000020000000                . = ALIGN (0x4)
                0x0000000020000000                _sdata = .
 *(.data)
 *(.data*)
 .data.RotationP
                0x0000000020000000        0x4 ./Core/Src/main.o
                0x0000000020000000                RotationP
 .data.RotationD
                0x0000000020000004        0x4 ./Core/Src/main.o
                0x0000000020000004                RotationD
 .data.SpeedPNew
                0x0000000020000008        0x4 ./Core/Src/main.o
                0x0000000020000008                SpeedPNew
 .data.SpeedINew
                0x000000002000000c        0x4 ./Core/Src/main.o
                0x000000002000000c                SpeedINew
 .data.SpeedDNew
                0x0000000020000010        0x4 ./Core/Src/main.o
                0x0000000020000010                SpeedDNew
 .data.BalanceP
                0x0000000020000014        0x4 ./Core/Src/main.o
                0x0000000020000014                BalanceP
 .data.BalanceD
                0x0000000020000018        0x4 ./Core/Src/main.o
                0x0000000020000018                BalanceD
 .data.BalanceFilter
                0x000000002000001c        0x4 ./Core/Src/main.o
                0x000000002000001c                BalanceFilter
 .data.SpeedFilter
                0x0000000020000020        0x4 ./Core/Src/main.o
                0x0000000020000020                SpeedFilter
 .data.linearFcutDiff
                0x0000000020000024        0x4 ./Core/Src/main.o
                0x0000000020000024                linearFcutDiff
 .data.minLinearValue
                0x0000000020000028        0x4 ./Core/Src/main.o
                0x0000000020000028                minLinearValue
 .data.samplePeriod
                0x000000002000002c        0x4 ./Core/Src/main.o
                0x000000002000002c                samplePeriod
 .data.SystemCoreClock
                0x0000000020000030        0x4 ./Core/Src/system_stm32f4xx.o
                0x0000000020000030                SystemCoreClock
 .data.uwTickPrio
                0x0000000020000034        0x4 ./Drivers/STM32F4xx_HAL_Driver/Src/stm32f4xx_hal.o
                0x0000000020000034                uwTickPrio
 .data.uwTickFreq
                0x0000000020000038        0x1 ./Drivers/STM32F4xx_HAL_Driver/Src/stm32f4xx_hal.o
                0x0000000020000038                uwTickFreq
 .data.__fdlib_version
                0x0000000020000039        0x1 c:/st/stm32cubeide_1.7.0/stm32cubeide/plugins/com.st.stm32cube.ide.mcu.externaltools.gnu-tools-for-stm32.9-2020-q2-update.win32_2.0.0.202105311346/tools/bin/../lib/gcc/arm-none-eabi/9.3.1/../../../../arm-none-eabi/lib/thumb/v7e-m+fp/hard\libm.a(lib_a-s_lib_ver.o)
                0x0000000020000039                __fdlib_version
 *fill*         0x000000002000003a        0x2 
 .data._impure_ptr
                0x000000002000003c        0x4 c:/st/stm32cubeide_1.7.0/stm32cubeide/plugins/com.st.stm32cube.ide.mcu.externaltools.gnu-tools-for-stm32.9-2020-q2-update.win32_2.0.0.202105311346/tools/bin/../lib/gcc/arm-none-eabi/9.3.1/../../../../arm-none-eabi/lib/thumb/v7e-m+fp/hard\libc_nano.a(lib_a-impure.o)
                0x000000002000003c                _impure_ptr
 .data.impure_data
                0x0000000020000040       0x60 c:/st/stm32cubeide_1.7.0/stm32cubeide/plugins/com.st.stm32cube.ide.mcu.externaltools.gnu-tools-for-stm32.9-2020-q2-update.win32_2.0.0.202105311346/tools/bin/../lib/gcc/arm-none-eabi/9.3.1/../../../../arm-none-eabi/lib/thumb/v7e-m+fp/hard\libc_nano.a(lib_a-impure.o)
 *(.RamFunc)
 *(.RamFunc*)
                0x00000000200000a0                . = ALIGN (0x4)
                0x00000000200000a0                _edata = .
                0x000000000800b79c                _siccmram = LOADADDR (.ccmram)

.igot.plt       0x00000000200000a0        0x0 load address 0x000000000800b79c
 .igot.plt      0x00000000200000a0        0x0 c:/st/stm32cubeide_1.7.0/stm32cubeide/plugins/com.st.stm32cube.ide.mcu.externaltools.gnu-tools-for-stm32.9-2020-q2-update.win32_2.0.0.202105311346/tools/bin/../lib/gcc/arm-none-eabi/9.3.1/thumb/v7e-m+fp/hard/crtbegin.o

.ccmram         0x0000000010000000        0x0 load address 0x000000000800b79c
                0x0000000010000000                . = ALIGN (0x4)
                0x0000000010000000                _sccmram = .
 *(.ccmram)
 *(.ccmram*)
                0x0000000010000000                . = ALIGN (0x4)
                0x0000000010000000                _eccmram = .
                0x0000000010000000                . = ALIGN (0x4)

.bss            0x00000000200000a0      0x600
                0x00000000200000a0                _sbss = .
                0x00000000200000a0                __bss_start__ = _sbss
 *(.bss)
 .bss           0x00000000200000a0       0x1c c:/st/stm32cubeide_1.7.0/stm32cubeide/plugins/com.st.stm32cube.ide.mcu.externaltools.gnu-tools-for-stm32.9-2020-q2-update.win32_2.0.0.202105311346/tools/bin/../lib/gcc/arm-none-eabi/9.3.1/thumb/v7e-m+fp/hard/crtbegin.o
 *(.bss*)
 .bss.gyro_scale_factor
                0x00000000200000bc        0x4 ./Core/ICM20948/icm20948.o
 .bss.accel_scale_factor
                0x00000000200000c0        0x4 ./Core/ICM20948/icm20948.o
 .bss.reg_val.8935
                0x00000000200000c4        0x6 ./Core/ICM20948/icm20948.o
 .bss.USART1ReceiveState
                0x00000000200000ca        0x1 ./Core/Src/main.o
                0x00000000200000ca                USART1ReceiveState
 .bss.USART2ReceiveState
                0x00000000200000cb        0x1 ./Core/Src/main.o
                0x00000000200000cb                USART2ReceiveState
 .bss.PlatformYDemand
                0x00000000200000cc        0x4 ./Core/Src/main.o
                0x00000000200000cc                PlatformYDemand
 .bss.AngleCorrection
                0x00000000200000d0        0x4 ./Core/Src/main.o
                0x00000000200000d0                AngleCorrection
 .bss.ManualDrive
                0x00000000200000d4        0x4 ./Core/Src/main.o
                0x00000000200000d4                ManualDrive
 .bss.RotationI
                0x00000000200000d8        0x4 ./Core/Src/main.o
                0x00000000200000d8                RotationI
 .bss.linearIntegral
                0x00000000200000dc        0x4 ./Core/Src/main.o
                0x00000000200000dc                linearIntegral
 .bss.linearLastError
                0x00000000200000e0        0x4 ./Core/Src/main.o
                0x00000000200000e0                linearLastError
 .bss.linearSmoothDiff
                0x00000000200000e4        0x4 ./Core/Src/main.o
                0x00000000200000e4                linearSmoothDiff
 .bss.linearTime
                0x00000000200000e8        0x4 ./Core/Src/main.o
                0x00000000200000e8                linearTime
 .bss.linearDeltaTimePrev
                0x00000000200000ec        0x4 ./Core/Src/main.o
                0x00000000200000ec                linearDeltaTimePrev
 .bss.linearIntegralerrorCoun
                0x00000000200000f0        0x4 ./Core/Src/main.o
                0x00000000200000f0                linearIntegralerrorCoun
 .bss.HallLeftStepPast
                0x00000000200000f4        0x4 ./Core/Src/main.o
                0x00000000200000f4                HallLeftStepPast
 .bss.HallRightStepPast
                0x00000000200000f8        0x4 ./Core/Src/main.o
                0x00000000200000f8                HallRightStepPast
 .bss.BTFront   0x00000000200000fc        0x4 ./Core/Src/main.o
                0x00000000200000fc                BTFront
 .bss.BTTurn    0x0000000020000100        0x4 ./Core/Src/main.o
                0x0000000020000100                BTTurn
 .bss.Front     0x0000000020000104        0x4 ./Core/Src/main.o
                0x0000000020000104                Front
 .bss.Turn      0x0000000020000108        0x4 ./Core/Src/main.o
                0x0000000020000108                Turn
 *(COMMON)
 COMMON         0x000000002000010c       0x48 ./Core/Src/adc.o
                0x000000002000010c                hadc1
 COMMON         0x0000000020000154      0x1c5 ./Core/Src/main.o
                0x0000000020000154                StepsRightPrevious
                0x0000000020000158                DutyFront
                0x000000002000015c                BalancePID
                0x0000000020000160                RightSpeed
                0x0000000020000164                CurrentLeft
                0x0000000020000168                RotationPID
                0x000000002000016c                GyroYPrevious
                0x0000000020000170                FootDrive
                0x0000000020000174                OverCurrCount
                0x0000000020000178                eulerAngles
                0x0000000020000184                LastUpdateIMU
                0x0000000020000188                HallLeftStep
                0x000000002000018c                SerialControlWheelsResponce
                0x000000002000019c                SpeedPID
                0x00000000200001a0                BalanceActiveDemand
                0x00000000200001a4                SerialControlWheelsRequest
                0x00000000200001b4                DutyTurn
                0x00000000200001b8                Voltage
                0x00000000200001bc                PositionLinearDemand
                0x00000000200001c0                SpeedLinear
                0x00000000200001c4                GyroZPrevious
                0x00000000200001c8                PositionLinear
                0x00000000200001cc                ParkingAngle
                0x00000000200001d0                PackageLastTimeReset_OnBoardPC
                0x00000000200001d4                fusionAhrs
                0x0000000020000204                ResultLeft
                0x0000000020000208                LeftSpeed
                0x000000002000020c                fusionBias
                0x0000000020000228                BalanceActive
                0x0000000020000229                PositionLinearControlSwitch
                0x000000002000022c                CurrentRight
                0x0000000020000230                Battery
                0x0000000020000234                BTBalanceActive
                0x0000000020000238                GyroYSpeed
                0x000000002000023c                SerialOnBoardResponce
                0x0000000020000248                StepsLeftPrevious
                0x000000002000024c                FootAngleDemand
                0x0000000020000250                uncalibratedAccelerometer
                0x000000002000025c                ParkingPersentage
                0x0000000020000260                GyroY
                0x0000000020000264                HallRightStep
                0x0000000020000268                SpeedLinearDemand
                0x000000002000026c                SerialOnBoardRequest
                0x0000000020000278                my_accel
                0x0000000020000284                gyroscopeSensitivity
                0x0000000020000290                ConnErrCount
                0x0000000020000294                PackageLastTimeReset_Motherboard
                0x0000000020000298                RPSRight
                0x000000002000029c                hardIronBias
                0x00000000200002a8                StepsRightPreviousTime
                0x00000000200002ac                ResultRight
                0x00000000200002b0                my_mag
                0x00000000200002bc                uncalibratedMagnetometer
                0x00000000200002c8                RPSLeft
                0x00000000200002cc                CommTime
                0x00000000200002d0                StepsLeftPreviousTime
                0x00000000200002d4                uncalibratedGyroscope
                0x00000000200002e0                accelerometerSensitivity
                0x00000000200002ec                FootActive
                0x00000000200002f0                my_gyro
                0x00000000200002fc                GyroZSpeed
                0x0000000020000300                PositionPID
                0x0000000020000304                ParameterNumber
                0x0000000020000308                LostByte
                0x000000002000030c                FootAngle
                0x0000000020000310                PositionAngularDemand
                0x0000000020000314                PositionIValue
                0x0000000020000318                FootParking
 *fill*         0x0000000020000319        0x3 
 COMMON         0x000000002000031c       0x58 ./Core/Src/spi.o
                0x000000002000031c                hspi2
 COMMON         0x0000000020000374      0x120 ./Core/Src/tim.o
                0x0000000020000374                htim6
                0x00000000200003bc                htim2
                0x0000000020000404                htim14
                0x000000002000044c                htim7
 COMMON         0x0000000020000494      0x208 ./Core/Src/usart.o
                0x0000000020000494                hdma_uart4_rx
                0x00000000200004f4                hdma_usart2_rx
                0x0000000020000554                hdma_usart2_tx
                0x00000000200005b4                huart4
                0x00000000200005f8                huart2
                0x000000002000063c                hdma_uart4_tx
 COMMON         0x000000002000069c        0x4 ./Drivers/STM32F4xx_HAL_Driver/Src/stm32f4xx_hal.o
                0x000000002000069c                uwTick
                0x00000000200006a0                . = ALIGN (0x4)
                0x00000000200006a0                _ebss = .
                0x00000000200006a0                __bss_end__ = _ebss

._user_heap_stack
                0x00000000200006a0      0x600
                0x00000000200006a0                . = ALIGN (0x8)
                [!provide]                        PROVIDE (end = .)
                0x00000000200006a0                PROVIDE (_end = .)
                0x00000000200008a0                . = (. + _Min_Heap_Size)
 *fill*         0x00000000200006a0      0x200 
                0x0000000020000ca0                . = (. + _Min_Stack_Size)
 *fill*         0x00000000200008a0      0x400 
                0x0000000020000ca0                . = ALIGN (0x8)

/DISCARD/
 libc.a(*)
 libm.a(*)
 libgcc.a(*)

.ARM.attributes
                0x0000000000000000       0x30
 *(.ARM.attributes)
 .ARM.attributes
                0x0000000000000000       0x1e c:/st/stm32cubeide_1.7.0/stm32cubeide/plugins/com.st.stm32cube.ide.mcu.externaltools.gnu-tools-for-stm32.9-2020-q2-update.win32_2.0.0.202105311346/tools/bin/../lib/gcc/arm-none-eabi/9.3.1/thumb/v7e-m+fp/hard/crti.o
 .ARM.attributes
                0x000000000000001e       0x34 c:/st/stm32cubeide_1.7.0/stm32cubeide/plugins/com.st.stm32cube.ide.mcu.externaltools.gnu-tools-for-stm32.9-2020-q2-update.win32_2.0.0.202105311346/tools/bin/../lib/gcc/arm-none-eabi/9.3.1/thumb/v7e-m+fp/hard/crtbegin.o
 .ARM.attributes
                0x0000000000000052       0x34 ./Core/FusionIMU/FusionAhrs.o
 .ARM.attributes
                0x0000000000000086       0x34 ./Core/FusionIMU/FusionBias.o
 .ARM.attributes
                0x00000000000000ba       0x34 ./Core/ICM20948/icm20948.o
 .ARM.attributes
                0x00000000000000ee       0x34 ./Core/Src/adc.o
 .ARM.attributes
                0x0000000000000122       0x34 ./Core/Src/dma.o
 .ARM.attributes
                0x0000000000000156       0x34 ./Core/Src/gpio.o
 .ARM.attributes
                0x000000000000018a       0x34 ./Core/Src/main.o
 .ARM.attributes
                0x00000000000001be       0x34 ./Core/Src/spi.o
 .ARM.attributes
                0x00000000000001f2       0x34 ./Core/Src/stm32f4xx_hal_msp.o
 .ARM.attributes
                0x0000000000000226       0x34 ./Core/Src/stm32f4xx_it.o
 .ARM.attributes
                0x000000000000025a       0x34 ./Core/Src/system_stm32f4xx.o
 .ARM.attributes
                0x000000000000028e       0x34 ./Core/Src/tim.o
 .ARM.attributes
                0x00000000000002c2       0x34 ./Core/Src/usart.o
 .ARM.attributes
                0x00000000000002f6       0x21 ./Core/Startup/startup_stm32f407vgtx.o
 .ARM.attributes
                0x0000000000000317       0x34 ./Drivers/STM32F4xx_HAL_Driver/Src/stm32f4xx_hal.o
 .ARM.attributes
                0x000000000000034b       0x34 ./Drivers/STM32F4xx_HAL_Driver/Src/stm32f4xx_hal_adc.o
 .ARM.attributes
                0x000000000000037f       0x34 ./Drivers/STM32F4xx_HAL_Driver/Src/stm32f4xx_hal_cortex.o
 .ARM.attributes
                0x00000000000003b3       0x34 ./Drivers/STM32F4xx_HAL_Driver/Src/stm32f4xx_hal_dma.o
 .ARM.attributes
                0x00000000000003e7       0x34 ./Drivers/STM32F4xx_HAL_Driver/Src/stm32f4xx_hal_gpio.o
 .ARM.attributes
                0x000000000000041b       0x34 ./Drivers/STM32F4xx_HAL_Driver/Src/stm32f4xx_hal_rcc.o
 .ARM.attributes
                0x000000000000044f       0x34 ./Drivers/STM32F4xx_HAL_Driver/Src/stm32f4xx_hal_spi.o
 .ARM.attributes
                0x0000000000000483       0x34 ./Drivers/STM32F4xx_HAL_Driver/Src/stm32f4xx_hal_tim.o
 .ARM.attributes
                0x00000000000004b7       0x34 ./Drivers/STM32F4xx_HAL_Driver/Src/stm32f4xx_hal_tim_ex.o
 .ARM.attributes
                0x00000000000004eb       0x34 ./Drivers/STM32F4xx_HAL_Driver/Src/stm32f4xx_hal_uart.o
 .ARM.attributes
                0x000000000000051f       0x34 c:/st/stm32cubeide_1.7.0/stm32cubeide/plugins/com.st.stm32cube.ide.mcu.externaltools.gnu-tools-for-stm32.9-2020-q2-update.win32_2.0.0.202105311346/tools/bin/../lib/gcc/arm-none-eabi/9.3.1/../../../../arm-none-eabi/lib/thumb/v7e-m+fp/hard\libm.a(lib_a-sf_cos.o)
 .ARM.attributes
                0x0000000000000553       0x34 c:/st/stm32cubeide_1.7.0/stm32cubeide/plugins/com.st.stm32cube.ide.mcu.externaltools.gnu-tools-for-stm32.9-2020-q2-update.win32_2.0.0.202105311346/tools/bin/../lib/gcc/arm-none-eabi/9.3.1/../../../../arm-none-eabi/lib/thumb/v7e-m+fp/hard\libm.a(lib_a-sf_sin.o)
 .ARM.attributes
                0x0000000000000587       0x34 c:/st/stm32cubeide_1.7.0/stm32cubeide/plugins/com.st.stm32cube.ide.mcu.externaltools.gnu-tools-for-stm32.9-2020-q2-update.win32_2.0.0.202105311346/tools/bin/../lib/gcc/arm-none-eabi/9.3.1/../../../../arm-none-eabi/lib/thumb/v7e-m+fp/hard\libm.a(lib_a-wf_asin.o)
 .ARM.attributes
                0x00000000000005bb       0x34 c:/st/stm32cubeide_1.7.0/stm32cubeide/plugins/com.st.stm32cube.ide.mcu.externaltools.gnu-tools-for-stm32.9-2020-q2-update.win32_2.0.0.202105311346/tools/bin/../lib/gcc/arm-none-eabi/9.3.1/../../../../arm-none-eabi/lib/thumb/v7e-m+fp/hard\libm.a(lib_a-wf_atan2.o)
 .ARM.attributes
                0x00000000000005ef       0x34 c:/st/stm32cubeide_1.7.0/stm32cubeide/plugins/com.st.stm32cube.ide.mcu.externaltools.gnu-tools-for-stm32.9-2020-q2-update.win32_2.0.0.202105311346/tools/bin/../lib/gcc/arm-none-eabi/9.3.1/../../../../arm-none-eabi/lib/thumb/v7e-m+fp/hard\libm.a(lib_a-wf_sqrt.o)
 .ARM.attributes
                0x0000000000000623       0x34 c:/st/stm32cubeide_1.7.0/stm32cubeide/plugins/com.st.stm32cube.ide.mcu.externaltools.gnu-tools-for-stm32.9-2020-q2-update.win32_2.0.0.202105311346/tools/bin/../lib/gcc/arm-none-eabi/9.3.1/../../../../arm-none-eabi/lib/thumb/v7e-m+fp/hard\libm.a(lib_a-ef_asin.o)
 .ARM.attributes
                0x0000000000000657       0x34 c:/st/stm32cubeide_1.7.0/stm32cubeide/plugins/com.st.stm32cube.ide.mcu.externaltools.gnu-tools-for-stm32.9-2020-q2-update.win32_2.0.0.202105311346/tools/bin/../lib/gcc/arm-none-eabi/9.3.1/../../../../arm-none-eabi/lib/thumb/v7e-m+fp/hard\libm.a(lib_a-ef_atan2.o)
 .ARM.attributes
                0x000000000000068b       0x34 c:/st/stm32cubeide_1.7.0/stm32cubeide/plugins/com.st.stm32cube.ide.mcu.externaltools.gnu-tools-for-stm32.9-2020-q2-update.win32_2.0.0.202105311346/tools/bin/../lib/gcc/arm-none-eabi/9.3.1/../../../../arm-none-eabi/lib/thumb/v7e-m+fp/hard\libm.a(lib_a-ef_rem_pio2.o)
 .ARM.attributes
                0x00000000000006bf       0x34 c:/st/stm32cubeide_1.7.0/stm32cubeide/plugins/com.st.stm32cube.ide.mcu.externaltools.gnu-tools-for-stm32.9-2020-q2-update.win32_2.0.0.202105311346/tools/bin/../lib/gcc/arm-none-eabi/9.3.1/../../../../arm-none-eabi/lib/thumb/v7e-m+fp/hard\libm.a(lib_a-ef_sqrt.o)
 .ARM.attributes
                0x00000000000006f3       0x34 c:/st/stm32cubeide_1.7.0/stm32cubeide/plugins/com.st.stm32cube.ide.mcu.externaltools.gnu-tools-for-stm32.9-2020-q2-update.win32_2.0.0.202105311346/tools/bin/../lib/gcc/arm-none-eabi/9.3.1/../../../../arm-none-eabi/lib/thumb/v7e-m+fp/hard\libm.a(lib_a-kf_cos.o)
 .ARM.attributes
                0x0000000000000727       0x34 c:/st/stm32cubeide_1.7.0/stm32cubeide/plugins/com.st.stm32cube.ide.mcu.externaltools.gnu-tools-for-stm32.9-2020-q2-update.win32_2.0.0.202105311346/tools/bin/../lib/gcc/arm-none-eabi/9.3.1/../../../../arm-none-eabi/lib/thumb/v7e-m+fp/hard\libm.a(lib_a-kf_rem_pio2.o)
 .ARM.attributes
                0x000000000000075b       0x34 c:/st/stm32cubeide_1.7.0/stm32cubeide/plugins/com.st.stm32cube.ide.mcu.externaltools.gnu-tools-for-stm32.9-2020-q2-update.win32_2.0.0.202105311346/tools/bin/../lib/gcc/arm-none-eabi/9.3.1/../../../../arm-none-eabi/lib/thumb/v7e-m+fp/hard\libm.a(lib_a-kf_sin.o)
 .ARM.attributes
                0x000000000000078f       0x32 c:/st/stm32cubeide_1.7.0/stm32cubeide/plugins/com.st.stm32cube.ide.mcu.externaltools.gnu-tools-for-stm32.9-2020-q2-update.win32_2.0.0.202105311346/tools/bin/../lib/gcc/arm-none-eabi/9.3.1/../../../../arm-none-eabi/lib/thumb/v7e-m+fp/hard\libm.a(lib_a-s_lib_ver.o)
 .ARM.attributes
                0x00000000000007c1       0x34 c:/st/stm32cubeide_1.7.0/stm32cubeide/plugins/com.st.stm32cube.ide.mcu.externaltools.gnu-tools-for-stm32.9-2020-q2-update.win32_2.0.0.202105311346/tools/bin/../lib/gcc/arm-none-eabi/9.3.1/../../../../arm-none-eabi/lib/thumb/v7e-m+fp/hard\libm.a(lib_a-sf_atan.o)
 .ARM.attributes
                0x00000000000007f5       0x34 c:/st/stm32cubeide_1.7.0/stm32cubeide/plugins/com.st.stm32cube.ide.mcu.externaltools.gnu-tools-for-stm32.9-2020-q2-update.win32_2.0.0.202105311346/tools/bin/../lib/gcc/arm-none-eabi/9.3.1/../../../../arm-none-eabi/lib/thumb/v7e-m+fp/hard\libm.a(lib_a-sf_fabs.o)
 .ARM.attributes
                0x0000000000000829       0x34 c:/st/stm32cubeide_1.7.0/stm32cubeide/plugins/com.st.stm32cube.ide.mcu.externaltools.gnu-tools-for-stm32.9-2020-q2-update.win32_2.0.0.202105311346/tools/bin/../lib/gcc/arm-none-eabi/9.3.1/../../../../arm-none-eabi/lib/thumb/v7e-m+fp/hard\libm.a(lib_a-sf_floor.o)
 .ARM.attributes
                0x000000000000085d       0x34 c:/st/stm32cubeide_1.7.0/stm32cubeide/plugins/com.st.stm32cube.ide.mcu.externaltools.gnu-tools-for-stm32.9-2020-q2-update.win32_2.0.0.202105311346/tools/bin/../lib/gcc/arm-none-eabi/9.3.1/../../../../arm-none-eabi/lib/thumb/v7e-m+fp/hard\libm.a(lib_a-sf_nan.o)
 .ARM.attributes
                0x0000000000000891       0x34 c:/st/stm32cubeide_1.7.0/stm32cubeide/plugins/com.st.stm32cube.ide.mcu.externaltools.gnu-tools-for-stm32.9-2020-q2-update.win32_2.0.0.202105311346/tools/bin/../lib/gcc/arm-none-eabi/9.3.1/../../../../arm-none-eabi/lib/thumb/v7e-m+fp/hard\libm.a(lib_a-sf_scalbn.o)
 .ARM.attributes
                0x00000000000008c5       0x34 c:/st/stm32cubeide_1.7.0/stm32cubeide/plugins/com.st.stm32cube.ide.mcu.externaltools.gnu-tools-for-stm32.9-2020-q2-update.win32_2.0.0.202105311346/tools/bin/../lib/gcc/arm-none-eabi/9.3.1/../../../../arm-none-eabi/lib/thumb/v7e-m+fp/hard\libc_nano.a(lib_a-errno.o)
 .ARM.attributes
                0x00000000000008f9       0x32 c:/st/stm32cubeide_1.7.0/stm32cubeide/plugins/com.st.stm32cube.ide.mcu.externaltools.gnu-tools-for-stm32.9-2020-q2-update.win32_2.0.0.202105311346/tools/bin/../lib/gcc/arm-none-eabi/9.3.1/../../../../arm-none-eabi/lib/thumb/v7e-m+fp/hard\libc_nano.a(lib_a-impure.o)
 .ARM.attributes
                0x000000000000092b       0x34 c:/st/stm32cubeide_1.7.0/stm32cubeide/plugins/com.st.stm32cube.ide.mcu.externaltools.gnu-tools-for-stm32.9-2020-q2-update.win32_2.0.0.202105311346/tools/bin/../lib/gcc/arm-none-eabi/9.3.1/../../../../arm-none-eabi/lib/thumb/v7e-m+fp/hard\libc_nano.a(lib_a-init.o)
 .ARM.attributes
                0x000000000000095f       0x34 c:/st/stm32cubeide_1.7.0/stm32cubeide/plugins/com.st.stm32cube.ide.mcu.externaltools.gnu-tools-for-stm32.9-2020-q2-update.win32_2.0.0.202105311346/tools/bin/../lib/gcc/arm-none-eabi/9.3.1/../../../../arm-none-eabi/lib/thumb/v7e-m+fp/hard\libc_nano.a(lib_a-memset.o)
 .ARM.attributes
                0x0000000000000993       0x1e c:/st/stm32cubeide_1.7.0/stm32cubeide/plugins/com.st.stm32cube.ide.mcu.externaltools.gnu-tools-for-stm32.9-2020-q2-update.win32_2.0.0.202105311346/tools/bin/../lib/gcc/arm-none-eabi/9.3.1/thumb/v7e-m+fp/hard\libgcc.a(_arm_addsubdf3.o)
 .ARM.attributes
                0x00000000000009b1       0x1e c:/st/stm32cubeide_1.7.0/stm32cubeide/plugins/com.st.stm32cube.ide.mcu.externaltools.gnu-tools-for-stm32.9-2020-q2-update.win32_2.0.0.202105311346/tools/bin/../lib/gcc/arm-none-eabi/9.3.1/thumb/v7e-m+fp/hard\libgcc.a(_arm_muldivdf3.o)
 .ARM.attributes
                0x00000000000009cf       0x1e c:/st/stm32cubeide_1.7.0/stm32cubeide/plugins/com.st.stm32cube.ide.mcu.externaltools.gnu-tools-for-stm32.9-2020-q2-update.win32_2.0.0.202105311346/tools/bin/../lib/gcc/arm-none-eabi/9.3.1/thumb/v7e-m+fp/hard\libgcc.a(_arm_cmpdf2.o)
 .ARM.attributes
                0x00000000000009ed       0x1e c:/st/stm32cubeide_1.7.0/stm32cubeide/plugins/com.st.stm32cube.ide.mcu.externaltools.gnu-tools-for-stm32.9-2020-q2-update.win32_2.0.0.202105311346/tools/bin/../lib/gcc/arm-none-eabi/9.3.1/thumb/v7e-m+fp/hard\libgcc.a(_arm_fixdfsi.o)
 .ARM.attributes
                0x0000000000000a0b       0x1e c:/st/stm32cubeide_1.7.0/stm32cubeide/plugins/com.st.stm32cube.ide.mcu.externaltools.gnu-tools-for-stm32.9-2020-q2-update.win32_2.0.0.202105311346/tools/bin/../lib/gcc/arm-none-eabi/9.3.1/thumb/v7e-m+fp/hard\libgcc.a(_arm_truncdfsf2.o)
 .ARM.attributes
                0x0000000000000a29       0x1e c:/st/stm32cubeide_1.7.0/stm32cubeide/plugins/com.st.stm32cube.ide.mcu.externaltools.gnu-tools-for-stm32.9-2020-q2-update.win32_2.0.0.202105311346/tools/bin/../lib/gcc/arm-none-eabi/9.3.1/thumb/v7e-m+fp/hard\libgcc.a(_aeabi_uldivmod.o)
 .ARM.attributes
                0x0000000000000a47       0x34 c:/st/stm32cubeide_1.7.0/stm32cubeide/plugins/com.st.stm32cube.ide.mcu.externaltools.gnu-tools-for-stm32.9-2020-q2-update.win32_2.0.0.202105311346/tools/bin/../lib/gcc/arm-none-eabi/9.3.1/thumb/v7e-m+fp/hard\libgcc.a(_udivmoddi4.o)
 .ARM.attributes
                0x0000000000000a7b       0x1e c:/st/stm32cubeide_1.7.0/stm32cubeide/plugins/com.st.stm32cube.ide.mcu.externaltools.gnu-tools-for-stm32.9-2020-q2-update.win32_2.0.0.202105311346/tools/bin/../lib/gcc/arm-none-eabi/9.3.1/thumb/v7e-m+fp/hard\libgcc.a(_dvmd_tls.o)
 .ARM.attributes
                0x0000000000000a99       0x1e c:/st/stm32cubeide_1.7.0/stm32cubeide/plugins/com.st.stm32cube.ide.mcu.externaltools.gnu-tools-for-stm32.9-2020-q2-update.win32_2.0.0.202105311346/tools/bin/../lib/gcc/arm-none-eabi/9.3.1/thumb/v7e-m+fp/hard/crtn.o
OUTPUT(stm_gyro_stable_controller.elf elf32-littlearm)
LOAD linker stubs
LOAD c:/st/stm32cubeide_1.7.0/stm32cubeide/plugins/com.st.stm32cube.ide.mcu.externaltools.gnu-tools-for-stm32.9-2020-q2-update.win32_2.0.0.202105311346/tools/bin/../lib/gcc/arm-none-eabi/9.3.1/../../../../arm-none-eabi/lib/thumb/v7e-m+fp/hard\libc.a
LOAD c:/st/stm32cubeide_1.7.0/stm32cubeide/plugins/com.st.stm32cube.ide.mcu.externaltools.gnu-tools-for-stm32.9-2020-q2-update.win32_2.0.0.202105311346/tools/bin/../lib/gcc/arm-none-eabi/9.3.1/../../../../arm-none-eabi/lib/thumb/v7e-m+fp/hard\libm.a
LOAD c:/st/stm32cubeide_1.7.0/stm32cubeide/plugins/com.st.stm32cube.ide.mcu.externaltools.gnu-tools-for-stm32.9-2020-q2-update.win32_2.0.0.202105311346/tools/bin/../lib/gcc/arm-none-eabi/9.3.1/thumb/v7e-m+fp/hard\libgcc.a

.debug_info     0x0000000000000000    0x17a94
 .debug_info    0x0000000000000000     0x15dd ./Core/FusionIMU/FusionAhrs.o
 .debug_info    0x00000000000015dd      0xc02 ./Core/FusionIMU/FusionBias.o
 .debug_info    0x00000000000021df     0x113e ./Core/ICM20948/icm20948.o
 .debug_info    0x000000000000331d      0xac8 ./Core/Src/adc.o
 .debug_info    0x0000000000003de5      0x59c ./Core/Src/dma.o
 .debug_info    0x0000000000004381      0x54c ./Core/Src/gpio.o
 .debug_info    0x00000000000048cd     0x2e89 ./Core/Src/main.o
 .debug_info    0x0000000000007756      0xa5a ./Core/Src/spi.o
 .debug_info    0x00000000000081b0      0x394 ./Core/Src/stm32f4xx_hal_msp.o
 .debug_info    0x0000000000008544      0x7a5 ./Core/Src/stm32f4xx_it.o
 .debug_info    0x0000000000008ce9      0x5a4 ./Core/Src/system_stm32f4xx.o
 .debug_info    0x000000000000928d      0xda2 ./Core/Src/tim.o
 .debug_info    0x000000000000a02f      0xcd7 ./Core/Src/usart.o
 .debug_info    0x000000000000ad06       0x22 ./Core/Startup/startup_stm32f407vgtx.o
 .debug_info    0x000000000000ad28      0x9b2 ./Drivers/STM32F4xx_HAL_Driver/Src/stm32f4xx_hal.o
 .debug_info    0x000000000000b6da      0xdbc ./Drivers/STM32F4xx_HAL_Driver/Src/stm32f4xx_hal_adc.o
 .debug_info    0x000000000000c496      0xed7 ./Drivers/STM32F4xx_HAL_Driver/Src/stm32f4xx_hal_cortex.o
 .debug_info    0x000000000000d36d      0x9f1 ./Drivers/STM32F4xx_HAL_Driver/Src/stm32f4xx_hal_dma.o
 .debug_info    0x000000000000dd5e      0x83e ./Drivers/STM32F4xx_HAL_Driver/Src/stm32f4xx_hal_gpio.o
 .debug_info    0x000000000000e59c      0x996 ./Drivers/STM32F4xx_HAL_Driver/Src/stm32f4xx_hal_rcc.o
 .debug_info    0x000000000000ef32     0x17c0 ./Drivers/STM32F4xx_HAL_Driver/Src/stm32f4xx_hal_spi.o
 .debug_info    0x00000000000106f2     0x2c22 ./Drivers/STM32F4xx_HAL_Driver/Src/stm32f4xx_hal_tim.o
 .debug_info    0x0000000000013314     0x15a2 ./Drivers/STM32F4xx_HAL_Driver/Src/stm32f4xx_hal_tim_ex.o
 .debug_info    0x00000000000148b6     0x31de ./Drivers/STM32F4xx_HAL_Driver/Src/stm32f4xx_hal_uart.o

.debug_abbrev   0x0000000000000000     0x32e5
 .debug_abbrev  0x0000000000000000      0x376 ./Core/FusionIMU/FusionAhrs.o
 .debug_abbrev  0x0000000000000376      0x255 ./Core/FusionIMU/FusionBias.o
 .debug_abbrev  0x00000000000005cb      0x2f6 ./Core/ICM20948/icm20948.o
 .debug_abbrev  0x00000000000008c1      0x1bb ./Core/Src/adc.o
 .debug_abbrev  0x0000000000000a7c      0x11b ./Core/Src/dma.o
 .debug_abbrev  0x0000000000000b97      0x14e ./Core/Src/gpio.o
 .debug_abbrev  0x0000000000000ce5      0x421 ./Core/Src/main.o
 .debug_abbrev  0x0000000000001106      0x1bb ./Core/Src/spi.o
 .debug_abbrev  0x00000000000012c1      0x11d ./Core/Src/stm32f4xx_hal_msp.o
 .debug_abbrev  0x00000000000013de      0x17d ./Core/Src/stm32f4xx_it.o
 .debug_abbrev  0x000000000000155b      0x145 ./Core/Src/system_stm32f4xx.o
 .debug_abbrev  0x00000000000016a0      0x228 ./Core/Src/tim.o
 .debug_abbrev  0x00000000000018c8      0x1d7 ./Core/Src/usart.o
 .debug_abbrev  0x0000000000001a9f       0x12 ./Core/Startup/startup_stm32f407vgtx.o
 .debug_abbrev  0x0000000000001ab1      0x1ed ./Drivers/STM32F4xx_HAL_Driver/Src/stm32f4xx_hal.o
 .debug_abbrev  0x0000000000001c9e      0x22f ./Drivers/STM32F4xx_HAL_Driver/Src/stm32f4xx_hal_adc.o
 .debug_abbrev  0x0000000000001ecd      0x33c ./Drivers/STM32F4xx_HAL_Driver/Src/stm32f4xx_hal_cortex.o
 .debug_abbrev  0x0000000000002209      0x259 ./Drivers/STM32F4xx_HAL_Driver/Src/stm32f4xx_hal_dma.o
 .debug_abbrev  0x0000000000002462      0x1f1 ./Drivers/STM32F4xx_HAL_Driver/Src/stm32f4xx_hal_gpio.o
 .debug_abbrev  0x0000000000002653      0x275 ./Drivers/STM32F4xx_HAL_Driver/Src/stm32f4xx_hal_rcc.o
 .debug_abbrev  0x00000000000028c8      0x26e ./Drivers/STM32F4xx_HAL_Driver/Src/stm32f4xx_hal_spi.o
 .debug_abbrev  0x0000000000002b36      0x25e ./Drivers/STM32F4xx_HAL_Driver/Src/stm32f4xx_hal_tim.o
 .debug_abbrev  0x0000000000002d94      0x266 ./Drivers/STM32F4xx_HAL_Driver/Src/stm32f4xx_hal_tim_ex.o
 .debug_abbrev  0x0000000000002ffa      0x2eb ./Drivers/STM32F4xx_HAL_Driver/Src/stm32f4xx_hal_uart.o

.debug_aranges  0x0000000000000000     0x1218
 .debug_aranges