main.c:255:6:HAL_UART_RxCpltCallback	24	static
main.c:349:5:HallActualize	32	static
main.c:360:6:IMU_INIT	8	static
main.c:377:6:IMU_UPDATE	704	static
main.c:404:6:SERIAL_CONTROL_LOOP	8	static
main.c:414:6:BALANCE_Prepare	8	static
main.c:454:6:BALANCE_Calculate_Speeds	24	static
main.c:488:6:BALANCE_Position_Linear_Control	16	static
main.c:530:6:BALANCE_Speed_LinearControl	48	static
main.c:586:6:BALANCE_Position_Angular_Control	16	static
main.c:606:6:BALANCE_LOOP	16	static
main.c:629:6:BALANCE_Result_Loop	4	static
main.c:649:7:Interpolation	32	static
main.c:669:5:main	16	static
main.c:824:6:SystemClock_Config	88	static
main.c:871:6:Error_Handler	4	static,ignoring_inline_asm
