main.c:482:6:HAL_UART_RxCpltCallback	24	static
main.c:587:6:UartLowPrepareRaw	32	static
main.c:639:5:HallActualize	32	static
main.c:648:6:GPIOUpdate	8	static
main.c:653:7:Interpolation	32	static
main.c:666:6:ADCInit	48	static
main.c:675:6:ADCUpdate	24	static
main.c:694:6:ADCPrepare	32	static
main.c:709:10:ReadAdcChanel	40	static
main.c:755:6:SerialLowControlLoop	8	static
main.c:765:6:ImuAccelUpdate	32	static
main.c:778:6:ImuGyroUpdate	40	static
main.c:791:6:ImuMagUpdate	40	static
main.c:804:6:ImuInit	8	static
main.c:821:6:ImuUpdate	704	static
main.c:848:6:StepControl	32	static
main.c:861:6:MotopStop	8	static
main.c:866:6:BalancePrepare	16	static
main.c:943:6:BalanceCalculateSpeeds	16	static
main.c:974:6:BalancePositionLinearControl	16	static
main.c:1015:6:BalanceSpeedLinearControl	48	static
main.c:1070:6:BalancePositionAngularControl	16	static
main.c:1089:6:BalanceLoop	16	static
main.c:1111:6:BalanceResultLoop	4	static
main.c:1261:5:main	24	static
main.c:1431:6:SystemClock_Config	88	static
main.c:1478:6:Error_Handler	4	static,ignoring_inline_asm
