main.c:431:6:HAL_UART_RxCpltCallback	24	static
main.c:536:6:UartLowPrepareRaw	32	static
main.c:588:5:HallActualize	32	static
main.c:597:6:GPIOUpdate	8	static
main.c:602:7:Interpolation	32	static
main.c:615:6:ADCInit	48	static
main.c:624:6:ADCUpdate	24	static
main.c:631:6:ADCPrepare	32	static
main.c:646:10:ReadAdcChanel	40	static
main.c:692:6:StepControl	32	static
main.c:703:6:SerialLowControlLoop	8	static
main.c:1124:5:main	16	static
main.c:1294:6:SystemClock_Config	88	static
main.c:1341:6:Error_Handler	4	static,ignoring_inline_asm
