main.c:459:6:HAL_UART_RxCpltCallback	24	static
main.c:564:6:UartLowPrepareRaw	32	static
main.c:616:5:HallActualize	32	static
main.c:625:6:GPIOUpdate	8	static
main.c:630:7:Interpolation	32	static
main.c:643:6:ADCInit	48	static
main.c:652:6:ADCUpdate	24	static
main.c:671:6:ADCPrepare	32	static
main.c:686:10:ReadAdcChanel	40	static
main.c:732:6:StepControl	32	static
main.c:743:6:SerialLowControlLoop	8	static
main.c:753:6:ImuAccelUpdate	32	static
main.c:766:6:ImuGyroUpdate	40	static
main.c:779:6:ImuMagUpdate	40	static
main.c:792:6:ImuInit	8	static
main.c:809:6:ImuUpdate	880	static
main.c:1205:5:main	24	static
main.c:1376:6:SystemClock_Config	88	static
main.c:1423:6:Error_Handler	4	static,ignoring_inline_asm
