main.c:460:6:HAL_UART_RxCpltCallback	24	static
main.c:565:6:UartLowPrepareRaw	32	static
main.c:617:5:HallActualize	32	static
main.c:626:6:GPIOUpdate	8	static
main.c:631:7:Interpolation	32	static
main.c:644:6:ADCInit	48	static
main.c:653:6:ADCUpdate	24	static
main.c:672:6:ADCPrepare	32	static
main.c:687:10:ReadAdcChanel	40	static
main.c:733:6:StepControl	32	static
main.c:744:6:SerialLowControlLoop	8	static
main.c:1165:5:main	16	static
main.c:1335:6:SystemClock_Config	88	static
main.c:1382:6:Error_Handler	4	static,ignoring_inline_asm
