main.c:315:6:HAL_UART_RxCpltCallback	24	static
main.c:409:5:HallActualize	32	static
main.c:420:6:IMU_INIT	8	static
main.c:437:6:IMU_UPDATE	704	static
main.c:467:6:SERIAL_CONTROL_LOOP	8	static
main.c:478:6:SERIAL_ONBOARD_LOOP	4	static
main.c:486:6:BALANCE_Prepare	8	static
main.c:535:6:BALANCE_Calculate_Speeds	16	static
main.c:568:6:BALANCE_Position_Linear_Control	16	static
main.c:609:6:BALANCE_Speed_LinearControl	48	static
main.c:664:6:BALANCE_Position_Angular_Control	16	static
main.c:683:6:BALANCE_LOOP	16	static
main.c:705:6:BALANCE_Result_Loop	4	static
main.c:724:7:Interpolation	32	static
main.c:737:6:ADC_Select_CH	32	static
main.c:782:6:ADC_Update	16	static
main.c:799:6:StepControl	32	static
main.c:811:6:MotopStop	8	static
main.c:815:6:DrivePrepare	8	static
main.c:844:6:WS2812_PIXEL_RGB_TO_BUF_DMA	24	static
main.c:863:6:WS2812_LIGHT	8	static
main.c:869:6:WS2812_CLEAR	16	static
main.c:872:6:WS2812_Init	16	static
main.c:879:6:WS2812_ANIMATION_1	8	static
main.c:893:6:WS2812_ANIMATION_2	16	static
main.c:915:6:WS2812_ANIMATION_3	8	static
main.c:939:6:WS2812_UPDATE	8	static
main.c:975:5:main	16	static
main.c:1187:6:SystemClock_Config	88	static
main.c:1234:6:Error_Handler	4	static,ignoring_inline_asm
