main.c:145:6:HAL_UART_RxCpltCallback	24	static
main.c:257:6:LoopLoadPkgUART2	8	static
main.c:275:5:main	8	static
main.c:356:6:SystemClock_Config	88	static
main.c:400:13:MX_ADC1_Init	24	static
main.c:450:13:MX_SPI1_Init	8	static
main.c:488:13:MX_TIM2_Init	64	static
main.c:559:13:MX_TIM6_Init	16	static
main.c:597:13:MX_TIM7_Init	16	static
main.c:635:13:MX_TIM14_Init	40	static
main.c:681:13:MX_USART1_UART_Init	8	static
main.c:714:13:MX_USART2_UART_Init	8	static
main.c:747:13:MX_USART3_UART_Init	8	static
main.c:778:13:MX_DMA_Init	16	static
main.c:812:13:MX_GPIO_Init	56	static
main.c:894:6:Error_Handler	4	static,ignoring_inline_asm
