main.c:316:6:HAL_UART_RxCpltCallback	24	static
main.c:410:5:HallActualize	32	static
main.c:421:6:IMU_INIT	8	static
main.c:438:6:IMU_UPDATE	704	static
main.c:468:6:SERIAL_CONTROL_LOOP	8	static
main.c:479:6:SERIAL_ONBOARD_LOOP	4	static
main.c:487:6:BALANCE_Prepare	8	static
main.c:536:6:BALANCE_Calculate_Speeds	16	static
main.c:569:6:BALANCE_Position_Linear_Control	16	static
main.c:610:6:BALANCE_Speed_LinearControl	48	static
main.c:665:6:BALANCE_Position_Angular_Control	16	static
main.c:684:6:BALANCE_LOOP	16	static
main.c:706:6:BALANCE_Result_Loop	4	static
main.c:725:7:Interpolation	32	static
main.c:738:6:ADC_Select_CH	32	static
main.c:783:6:ADC_Update	16	static
main.c:800:6:StepControl	32	static
main.c:812:6:MotopStop	8	static
main.c:816:6:DrivePrepare	8	static
main.c:845:6:WS2812_PIXEL_RGB_TO_BUF_DMA	24	static
main.c:864:6:WS2812_LIGHT	8	static
main.c:870:6:WS2812_CLEAR	16	static
main.c:873:6:WS2812_Init	16	static
main.c:880:6:WS2812_ANIMATION_1	8	static
main.c:894:6:WS2812_ANIMATION_2	16	static
main.c:916:6:WS2812_ANIMATION_3	8	static
main.c:940:6:WS2812_UPDATE	8	static
main.c:976:5:main	16	static
main.c:1223:6:SystemClock_Config	88	static
main.c:1270:6:Error_Handler	4	static,ignoring_inline_asm
