main.c:471:6:HAL_UART_RxCpltCallback	24	static
main.c:576:6:UartLowPrepareRaw	32	static
main.c:628:5:HallActualize	32	static
main.c:637:6:GPIOUpdate	8	static
main.c:642:7:Interpolation	32	static
main.c:655:6:ADCInit	48	static
main.c:664:6:ADCUpdate	24	static
main.c:683:6:ADCPrepare	32	static
main.c:698:10:ReadAdcChanel	40	static
main.c:744:6:SerialLowControlLoop	8	static
main.c:754:6:ImuAccelUpdate	32	static
main.c:767:6:ImuGyroUpdate	40	static
main.c:780:6:ImuMagUpdate	40	static
main.c:793:6:ImuInit	8	static
main.c:810:6:ImuUpdate	880	static
main.c:836:6:BalancePrepare	16	static
main.c:894:6:StepControl	32	static
main.c:907:6:MotopStop	8	static
main.c:1248:5:main	24	static
main.c:1418:6:SystemClock_Config	88	static
main.c:1465:6:Error_Handler	4	static,ignoring_inline_asm
