main.c:468:6:HAL_UART_RxCpltCallback	24	static
main.c:573:6:UartLowPrepareRaw	32	static
main.c:625:5:HallActualize	32	static
main.c:634:6:GPIOUpdate	8	static
main.c:639:7:Interpolation	32	static
main.c:652:6:ADCInit	48	static
main.c:661:6:ADCUpdate	24	static
main.c:680:6:ADCPrepare	32	static
main.c:695:10:ReadAdcChanel	40	static
main.c:741:6:SerialLowControlLoop	8	static
main.c:751:6:ImuAccelUpdate	32	static
main.c:765:6:ImuGyroUpdate	40	static
main.c:778:6:ImuMagUpdate	40	static
main.c:787:6:ImuInit	8	static
main.c:804:6:ImuUpdate	704	static
main.c:825:6:StepControl	32	static
main.c:838:6:MotopStop	8	static
main.c:843:6:BalancePrepare	16	static
main.c:920:6:BalanceCalculateSpeeds	16	static
main.c:951:6:BalancePositionLinearControl	16	static
main.c:992:6:BalanceSpeedLinearControl	48	static
main.c:1047:6:BalancePositionAngularControl	16	static
main.c:1066:6:BalanceLoop	16	static
main.c:1088:6:BalanceResultLoop	4	static
main.c:1238:5:main	24	static
main.c:1408:6:SystemClock_Config	88	static
main.c:1455:6:Error_Handler	4	static,ignoring_inline_asm
