main.c:254:6:HAL_UART_RxCpltCallback	24	static
main.c:348:5:HallActualize	32	static
main.c:359:6:IMU_INIT	8	static
main.c:376:6:IMU_UPDATE	880	static
main.c:401:6:SERIAL_CONTROL_LOOP	8	static
main.c:411:6:BALANCE_Prepare	8	static
main.c:451:6:BALANCE_Calculate_Speeds	24	static
main.c:485:6:BALANCE_Position_Linear_Control	16	static
main.c:527:6:BALANCE_Speed_LinearControl	48	static
main.c:583:6:BALANCE_Position_Angular_Control	16	static
main.c:603:6:BALANCE_LOOP	16	static
main.c:626:6:BALANCE_Result_Loop	4	static
main.c:646:7:Interpolation	32	static
main.c:666:5:main	16	static
main.c:817:6:SystemClock_Config	88	static
main.c:864:6:Error_Handler	4	static,ignoring_inline_asm
