main.c:123:6:HAL_UART_RxCpltCallback	24	static
main.c:179:6:LoopLoadPkgUART2	8	static
main.c:197:5:main	8	static
main.c:270:6:SystemClock_Config	88	static
main.c:314:13:MX_ADC1_Init	24	static
main.c:364:13:MX_SPI1_Init	8	static
main.c:402:13:MX_TIM2_Init	64	static
main.c:473:13:MX_TIM6_Init	16	static
main.c:511:13:MX_TIM7_Init	16	static
main.c:549:13:MX_TIM14_Init	40	static
main.c:595:13:MX_USART1_UART_Init	8	static
main.c:628:13:MX_USART2_UART_Init	8	static
main.c:661:13:MX_USART3_UART_Init	8	static
main.c:692:13:MX_DMA_Init	16	static
main.c:726:13:MX_GPIO_Init	56	static
main.c:808:6:Error_Handler	4	static,ignoring_inline_asm
