main.c:159:6:HAL_UART_RxCpltCallback	24	static
main.c:322:6:LoopLoadPkgUART2	8	static
main.c:340:5:main	8	static
main.c:451:6:SystemClock_Config	88	static
main.c:495:13:MX_ADC1_Init	24	static
main.c:545:13:MX_SPI1_Init	8	static
main.c:583:13:MX_TIM2_Init	64	static
main.c:654:13:MX_TIM6_Init	16	static
main.c:692:13:MX_TIM7_Init	16	static
main.c:730:13:MX_TIM14_Init	40	static
main.c:776:13:MX_USART1_UART_Init	8	static
main.c:809:13:MX_USART2_UART_Init	8	static
main.c:842:13:MX_USART3_UART_Init	8	static
main.c:873:13:MX_DMA_Init	16	static
main.c:907:13:MX_GPIO_Init	56	static
main.c:989:6:Error_Handler	4	static,ignoring_inline_asm
