main.c:470:6:HAL_UART_RxCpltCallback	24	static
main.c:575:6:UartLowPrepareRaw	32	static
main.c:627:5:HallActualize	32	static
main.c:636:6:GPIOUpdate	8	static
main.c:641:7:Interpolation	32	static
main.c:654:6:ADCInit	48	static
main.c:663:6:ADCUpdate	24	static
main.c:682:6:ADCPrepare	32	static
main.c:697:10:ReadAdcChanel	40	static
main.c:743:6:SerialLowControlLoop	8	static
main.c:753:6:ImuAccelUpdate	32	static
main.c:767:6:ImuGyroUpdate	40	static
main.c:780:6:ImuMagUpdate	40	static
main.c:789:6:ImuInit	8	static
main.c:806:6:ImuUpdate	704	static
main.c:827:6:StepControl	32	static
main.c:842:6:MotopStop	8	static
main.c:847:6:BalancePrepare	16	static
main.c:924:6:BalanceCalculateSpeeds	16	static
main.c:955:6:BalancePositionLinearControl	16	static
main.c:996:6:BalanceSpeedLinearControl	48	static
main.c:1051:6:BalancePositionAngularControl	16	static
main.c:1070:6:BalanceLoop	16	static
main.c:1092:6:BalanceResultLoop	4	static
main.c:1111:6:DelayUs	16	static
main.c:1141:6:WS2812_PIXEL_RGB_TO_BUF_DMA	24	static
main.c:1160:6:WS2812_LIGHT	8	static
main.c:1166:6:WS2812_CLEAR	16	static
main.c:1169:6:WS2812_Init	24	static
main.c:1176:6:WS2812_ANIMATION_1	8	static
main.c:1190:6:WS2812_ANIMATION_2	16	static
main.c:1213:6:WS2812_UPDATE	8	static
main.c:1247:5:main	24	static
main.c:1421:6:SystemClock_Config	88	static
main.c:1468:6:Error_Handler	4	static,ignoring_inline_asm
