main.c:477:6:HAL_UART_RxCpltCallback	24	static
main.c:582:6:UartLowPrepareRaw	32	static
main.c:634:5:HallActualize	32	static
main.c:643:6:GPIOUpdate	8	static
main.c:648:7:Interpolation	32	static
main.c:661:6:ADCInit	48	static
main.c:670:6:ADCUpdate	24	static
main.c:689:6:ADCPrepare	32	static
main.c:704:10:ReadAdcChanel	40	static
main.c:750:6:StepControl	32	static
main.c:761:6:SerialLowControlLoop	8	static
main.c:771:6:ImuAccelUpdate	32	static
main.c:784:6:ImuGyroUpdate	24	static
main.c:1200:5:main	16	static
main.c:1379:6:SystemClock_Config	88	static
main.c:1426:6:Error_Handler	4	static,ignoring_inline_asm
