main.c:305:6:HAL_UART_RxCpltCallback	24	static
main.c:399:5:HallActualize	32	static
main.c:410:6:IMU_INIT	8	static
main.c:427:6:IMU_UPDATE	704	static
main.c:454:6:SERIAL_CONTROL_LOOP	8	static
main.c:464:6:BALANCE_Prepare	8	static
main.c:504:6:BALANCE_Calculate_Speeds	16	static
main.c:537:6:BALANCE_Position_Linear_Control	16	static
main.c:578:6:BALANCE_Speed_LinearControl	48	static
main.c:633:6:BALANCE_Position_Angular_Control	16	static
main.c:652:6:BALANCE_LOOP	16	static
main.c:674:6:BALANCE_Result_Loop	4	static
main.c:693:7:Interpolation	32	static
main.c:706:6:ADC_Select_CH	32	static
main.c:751:6:ADC_Update	16	static
main.c:774:6:StepControl	32	static
main.c:785:6:MotopStop	8	static
main.c:789:6:DrivePrepare	8	static
main.c:813:6:WS2812_PIXEL_RGB_TO_BUF_DMA	24	static
main.c:832:6:WS2812_LIGHT	8	static
main.c:835:6:WS2812_CLEAR	16	static
main.c:838:6:WS2812_Init	16	static
main.c:844:6:WS2812_ANIMATION_1	8	static
main.c:858:6:WS2812_ANIMATION_2	16	static
main.c:880:6:WS2812_ANIMATION_3	8	static
main.c:904:6:WS2812_UPDATE	8	static
main.c:938:5:main	16	static
main.c:1114:6:SystemClock_Config	88	static
main.c:1161:6:Error_Handler	4	static,ignoring_inline_asm
